1728492711.06	1	[60.182792, 24.796085]
1728492717.51	2	[60.182759, 24.796080]
1728492739.65	1	[60.182792, 24.796085]
1728492743.87	2	[60.182759, 24.796080]
1728492860.53	1	[60.182792, 24.796085]
1728492865.23	2	[60.182759, 24.796080]
1728492900.86	1	[60.182792, 24.796085]
1728492907.65	2	[60.182759, 24.796080]
1728492920.62	1	[60.182792, 24.796085]
1728492926.14	2	[60.182759, 24.796080]
1728492951.74	1	[60.182792, 24.796085]
1728492960.45	2	[60.182759, 24.796080]
1728492971.43	1	[60.182792, 24.796085]
1728492981.11	2	[60.182759, 24.796080]
1728493081.40	1	[60.182792, 24.796085]
1728493085.83	2	[60.182759, 24.796080]
1728493091.01	3	[60.182734, 24.796031]
1728493101.48	1	[60.182792, 24.796085]
1728493110.12	2	[60.182759, 24.796080]
1728493123.60	1	[60.182792, 24.796085]
1728493128.39	2	[60.182759, 24.796080]
1728493180.54	1	[60.182792, 24.796085]
1728493184.62	2	[60.182759, 24.796080]
1728493189.28	3	[60.182734, 24.796031]
1728493221.32	1	[60.182792, 24.796085]
1728493225.30	2	[60.182759, 24.796080]
1728493229.70	3	[60.182734, 24.796031]
1728493289.06	1	[60.182792, 24.796085]
1728493295.97	2	[60.182759, 24.796080]
1728493343.84	1	[60.182792, 24.796085]
1728493347.85	2	[60.182759, 24.796080]
1728493352.03	3	[60.182734, 24.796031]
