1775223902.26	0	[60.000000, 24.000000]
1775223902.47	0	[60.000000, 24.000000]
1775223902.47	0	[60.000000, 24.000000]
1775223902.47	0	[60.000000, 24.000000]
1775223902.48	0	[60.000000, 24.000000]
1775223902.48	0	[60.000000, 24.000000]
1775223902.48	0	[60.000000, 24.000000]
1775223902.49	0	[60.000000, 24.000000]
1775223902.49	0	[60.000000, 24.000000]
1775223902.49	0	[60.000000, 24.000000]
1775223902.50	0	[60.000000, 24.000000]
1775223902.55	0	[60.000000, 24.000000]
1775223902.55	0	[60.000000, 24.000000]
1775223902.56	0	[60.000000, 24.000000]
1775223902.56	0	[60.000000, 24.000000]
1775223902.56	0	[60.000000, 24.000000]
1775223902.56	0	[60.000000, 24.000000]
1775223902.57	0	[60.000000, 24.000000]
1775223902.57	0	[60.000000, 24.000000]
1775223902.57	0	[60.000000, 24.000000]
1775223902.57	0	[60.000000, 24.000000]
1775223902.60	0	[60.000000, 24.000000]
1775223902.60	0	[60.000000, 24.000000]
1775223902.61	0	[60.000000, 24.000000]
1775223902.61	0	[60.000000, 24.000000]
1775223902.62	0	[60.000000, 24.000000]
1775223902.62	0	[60.000000, 24.000000]
1775223902.62	0	[60.000000, 24.000000]
1775223902.63	0	[60.000000, 24.000000]
1775223902.64	0	[60.000000, 24.000000]
1775223902.71	0	[60.000000, 24.000000]
1775223902.71	0	[60.000000, 24.000000]
1775223902.72	0	[60.000000, 24.000000]
1775223902.73	0	[60.000000, 24.000000]
1775223902.73	0	[60.000000, 24.000000]
1775223902.77	0	[60.000000, 24.000000]
1775223902.78	0	[60.000000, 24.000000]
1775223902.78	0	[60.000000, 24.000000]
1775223902.80	0	[60.000000, 24.000000]
1775223902.80	0	[60.000000, 24.000000]
1775223902.81	0	[60.000000, 24.000000]
1775223902.87	0	[60.000000, 24.000000]
1775223902.88	0	[60.000000, 24.000000]
1775223902.89	0	[60.000000, 24.000000]
1775223902.90	0	[60.000000, 24.000000]
1775223902.93	0	[60.000000, 24.000000]
1775223902.94	0	[60.000000, 24.000000]
1775223902.95	0	[60.000000, 24.000000]
1775223902.96	0	[60.000000, 24.000000]
1775223902.98	0	[60.000000, 24.000000]
1775223903.04	0	[60.000000, 24.000000]
1775223903.07	0	[60.000000, 24.000000]
1775223903.09	0	[60.000000, 24.000000]
1775223903.10	0	[60.000000, 24.000000]
1775223903.16	0	[60.000000, 24.000000]
1775223903.18	0	[60.000000, 24.000000]
1775223903.22	0	[60.000000, 24.000000]
1775223903.23	0	[60.000000, 24.000000]
1775223903.27	0	[60.000000, 24.000000]
1775223903.30	0	[60.000000, 24.000000]
1775223903.37	0	[60.000000, 24.000000]
1775223903.44	0	[60.000000, 24.000000]
1775223903.65	0	[60.000000, 24.000000]
1775223903.70	0	[60.000000, 24.000000]
1775223903.74	0	[60.000000, 24.000000]
1775223903.79	0	[60.000000, 24.000000]
1775223903.84	0	[60.000000, 24.000000]
1775223903.86	0	[60.000000, 24.000000]
1775223903.91	0	[60.000000, 24.000000]
1775223903.99	0	[60.000000, 24.000000]
1775223904.04	0	[60.000000, 24.000000]
1775223904.07	0	[60.000000, 24.000000]
1775223904.12	0	[60.000000, 24.000000]
1775223904.14	0	[60.000000, 24.000000]
1775223904.19	0	[60.000000, 24.000000]
1775223904.21	0	[60.000000, 24.000000]
1775223904.27	0	[60.000000, 24.000000]
1775223904.31	0	[60.000000, 24.000000]
1775223904.36	0	[60.000000, 24.000000]
1775223904.41	0	[60.000000, 24.000000]
1775223904.55	0	[60.000000, 24.000000]
1775223904.63	0	[60.000000, 24.000000]
1775223904.65	0	[60.000000, 24.000000]
1775223904.70	0	[60.000000, 24.000000]
1775223904.72	0	[60.000000, 24.000000]
1775223904.76	0	[60.000000, 24.000000]
1775223904.81	0	[60.000000, 24.000000]
1775223904.88	0	[60.000000, 24.000000]
1775223904.91	0	[60.000000, 24.000000]
1775223904.95	0	[60.000000, 24.000000]
1775223904.99	0	[60.000000, 24.000000]
1775223905.05	0	[60.000000, 24.000000]
1775223905.08	0	[60.000000, 24.000000]
1775223905.15	0	[60.000000, 24.000000]
1775223905.17	0	[60.000000, 24.000000]
1775223905.22	0	[60.000000, 24.000000]
1775223905.24	0	[60.000000, 24.000000]
1775223905.30	0	[60.000000, 24.000000]
1775223905.33	0	[60.000000, 24.000000]
1775223905.40	0	[60.000000, 24.000000]
1775223905.48	0	[60.000000, 24.000000]
1775223905.56	0	[60.000000, 24.000000]
1775223905.59	0	[60.000000, 24.000000]
1775223905.65	0	[60.000000, 24.000000]
1775223905.72	0	[60.000000, 24.000000]
1