1767732125.704	1	[60.182792, 24.796085]
1767732129.821	2	[60.182759, 24.79608]
1767732140.506	3	[60.182734, 24.796031]
1767732144.842	4	[60.182715, 24.79593]
1767732152.273	5	[60.182692, 24.795887]
1767732168.109	6	[60.182676, 24.795844]
1767732177.234	7	[60.182666, 24.795775]
1767732183.424	8	[60.182675, 24.795653]
1767732187.189	9	[60.182684, 24.795536]
1767732204.853	10	[60.182693, 24.795426]
1767732220.106	11	[60.182709, 24.795528]
1767732226.982	12	[60.182707, 24.795554]
1767732238.894	13	[60.182715, 24.795542]
1767732258.161	14	[60.18272, 24.795523]
1767732270.709	15	[60.182725, 24.795491]
1767732279.405	16	[60.182729, 24.795462]
1767732292.858	17	[60.182731, 24.795469]
1767732300.369	18	[60.18273, 24.795462]
1767732315.559	19	[60.182727, 24.795463]
1767732327.225	20	[60.182722, 24.795474]
1767732335.264	21	[60.182715, 24.795496]
1767732343.3	22	[60.182713, 24.795517]
1767732347.66	23	[60.182708, 24.795545]
1767732356.419	24	[60.182703, 24.795581]
1767732364.264	25	[60.182703, 24.795594]
1767732371.387	26	[60.182702, 24.795603]
1767732377.624	27	[60.182703, 24.795622]
1767732383.474	28	[60.182703, 24.795652]
1767732391.684	29	[60.182703, 24.795681]
1767732397.315	30	[60.182702, 24.795687]
1767732404.416	31	[60.182701, 24.795692]
1767732414.164	32	[60.182697, 24.795705]
1767732436.226	33	[60.182688, 24.795699]
1767732448.092	34	[60.18268, 24.795698]
1767732456.116	35	[60.182673, 24.7957]
1767732460.966	36	[60.182665, 24.795701]
1767732466.048	37	[60.18266, 24.79569]
1767732472.523	38	[60.182654, 24.795665]
1767732478.245	39	[60.182653, 24.795658]
1767732494.95	40	[60.182652, 24.795634]
1767732499.722	41	[60.182662, 24.795666]
1767732505.718	42	[60.182671, 24.795702]
1767732517.21	43	[60.182677, 24.795732]
1767732523.208	44	[60.182682, 24.795751]
1767732528.067	45	[60.182685, 24.795766]
1767732544.236	46	[60.182689, 24.795778]
1767732556.376	47	[60.182701, 24.795806]
1767732577.542	48	[60.18272, 24.795835]
1767732586.813	49	[60.182746, 24.79587]
1767732594.604	50	[60.182767, 24.795902]
1767732609.615	51	[60.182779, 24.795879]
1767732615.955	52	[60.182787, 24.795866]
1767732632.503	53	[60.18279, 24.79586]
1767732641.125	54	[60.18279, 24.795858]
1767732653.714	55	[60.182778, 24.795761]
1767732661.099	56	[60.18277, 24.795677]
1767732669.442	57	[60.182764, 24.795597]
1767732674.396	58	[60.182736, 24.795516]
1767732686.035	59	[60.182707, 24.795452]
1767732702.32	60	[60.182669, 24.795171]
1767732707.578	61	[60.182639, 24.794941]
1767732715.041	62	[60.182605, 24.794792]
1767732719.212	63	[60.182582, 24.794659]
1767732731.525	64	[60.182569, 24.794559]
1767732750.081	65	[60.182556, 24.794476]
1767732765.739	66	[60.182441, 24.7943]
1767732790.451	67	[60.182204, 24.794121]
1767732817.156	68	[60.182071, 24.794065]
1767732837.504	69	[60.181805, 24.79402]
1767732848.443	70	[60.181767, 24.794056]
1767732894.47	71	[60.181549, 24.794385]
1767732912.466	72	[60.181323, 24.794525]
1767732923.746	73	[60.180997, 24.794622]
1767732935.981	74	[60.180535, 24.795446]
1767732949.405	75	[60.180239, 24.796008]
1767732963.065	76	[60.180169, 24.796143]
1767732974.676	77	[60.179737, 24.796005]
1767732989.062	78	[60.179519, 24.796221]
1767732997.801	79	[60.179467, 24.7963]
1767733025.31	80	[60.179412, 24.79645]
1767733036.93	81	[60.179291, 24.796351]
1767733058.887	82	[60.179051, 24.796658]
1767733068.508	83	[60.178977, 24.796813]
1767733080.346	84	[60.178946, 24.796881]
1767733099.232	85	[60.178919, 24.797015]
1767733118.992	86	[60.178722, 24.797363]
1767733141.602	87	[60.17871, 24.797445]
1767733169.442	88	[60.178586, 24.797774]
1767733179.84	89	[60.178567, 24.797865]
1767733195.125	90	[60.178562, 24.797986]
1767733213.122	91	[60.178533, 24.79812]
1767733246.806	92	[60.178533, 24.798246]
1767733273.243	93	[60.178484, 24.798472]
1767733289.296	94	[60.178464, 24.798565]
1767733315.547	95	[60.178372, 24.798876]
