1761642487.66	0	42
1761642487.68	1	213
1761642487.81	2	9
1761642495.30	3	32
1761642495.44	4	351
1761642495.51	5	75
1761642495.57	6	250
1761642495.64	7	468
1761642495.71	8	445
1761642495.84	9	303
1761642495.91	10	431
1761642495.98	11	65
1761642496.04	12	309
1761642496.11	13	138
1761642496.18	14	40
1761642496.25	15	353
1761642496.31	16	246
1761642496.38	17	263
1761642496.45	18	280
1763154173.40	0	9
1763154173.80	0	9
1763154173.80	0	9
1763154173.80	0	9
1763154173.80	0	9
1763154174.00	0	9
1763154174.17	0	9
1763154174.17	0	9
1763154174.37	0	9
1763154174.57	0	9
1763154174.77	0	9
1763154174.96	0	9
1763154174.96	0	9
1763154175.16	0	9
1763154175.17	0	9
1763154605.90	0	9
1763154609.90	1	9
1763154611.76	2	9
1763155627.19	0	0
1763155629.02	1	9
1763155635.43	2	9
1767631679.18	0	9
1767631679.58	0	9
1767631679.73	1	160
1767631679.80	2	464
1767631679.87	3	429
1767631679.93	4	169
1767631680.00	5	445
1767631680.07	6	225
1767631680.13	7	264
1767631680.27	8	160
1767631680.33	9	14
1767631680.40	10	216
1767631680.47	11	12
1767631680.54	12	406
1767631680.60	13	438
1767631680.67	14	17
1767631680.80	15	100
1767631680.87	16	166
1767631680.94	17	203
1767631681.01	18	235
1767631681.07	19	215
1767631681.14	20	57
1767631681.21	21	12
1767631681.27	22	164
1767631681.34	23	505
1767631681.41	24	9
1767631681.80	24	9
1767631682.00	24	9
1767631682.20	24	9
1767631682.23	24	9
1767631682.23	24	9
1767631682.38	24	9
1767631682.38	24	9
1767631682.58	24	9
1767631682.78	24	9
1767631682.98	24	9
1767631683.18	24	9
1767631683.38	24	9
1767631683.38	24	9
1767631683.58	24	9
1767631686.80	25	9
1767631691.10	26	9
1767631697.75	27	85
1767631697.82	28	182
1767631697.89	29	380
1767631697.96	30	42
1767631698.09	31	337
1767631698.15	32	454
1767631698.22	33	375
1767631698.29	34	172
1767631698.36	35	241
1767631698.42	36	92
1767631698.49	37	224
1767631698.56	38	70
1767631698.62	39	41
1767631698.69	40	20
1767631698.76	41	211
1767631698.83	42	257
1767631698.89	43	367
1767631698.96	44	100
1767631699.03	45	415
1767631699.09	46	9
1767631702.67	47	9
1767631704.38	48	20
1767631704.44	49	351
1767631704.51	50	254
1767631704.58	51	315
1767631704.64	52	44
1767631704.71	53	329
1767631704.78	54	297
1767631704.84	55	23
1767631704.91	56	55
1767631704.98	57	135
1767631705.05	58	334
1767631705.18	59	280
1767631705.25	60	121
1767631705.31	61	109
1767631705.45	62	383
1767631705.52	63	124
1767631705.58	64	14
1767631705.71	65	390
1767631705.78	66	397
1767631705.85	67	46
1767631705.92	68	498
1767631705.98	69	469
1767631706.05	70	436
1767631706.12	71	9
1767631710.97	72	9
1767631712.93	73	9
1767631722.50	74	510
1767631722.56	75	202
1767631722.63	76	113
1767631722.70	77	318
1767631722.77	78	16
1767631722.83	79	162
1767631722.90	80	135
1767631722.97	81	256
1767631723.03	82	106
1767631723.10	83	241
1767631723.24	84	217
1767631723.30	85	28
1767631723.37	86	495
1767631723.44	87	209
1767631723.57	89	335
1767631723.64	90	282
1767631723.71	91	225
1767631723.77	92	201
1767631723.84	93	275
1767631723.91	94	148
1767631723.97	95	406
1767631724.04	96	220
1767631724.17	97	220
1767631724.24	98	112
1767631724.31	99	475
1767631724.38	100	117
1767631724.44	101	466
1767631724.51	102	292
1767631724.57	103	9
1767631730.99	104	9
1767631738.58	105	225
1767631738.65	106	391
1767631738.72	107	299
1767631738.79	108	277
1767631738.85	109	491
1767631738.92	110	150
1767631738.98	111	463
1767631739.05	112	122
1767631739.12	113	495
1767631739.19	114	248
1767631739.25	115	250
1767631739.39	117	2
1767631739.46	118	100
1767631739.52	119	226
1767631739.59	120	503
1767631739.66	121	344
1767631739.72	122	109
1767631739.79	123	195
1767631739.86	124	110
1767631739.99	126	139
1767631740.06	127	468
1767631740.13	128	114
1767631740.19	129	454
1767631740.33	130	18
1767631740.39	131	9
1767631749.93	132	9
1767631754.19	133	9
1767631762.11	134	476
1767631762.17	135	303
1767631762.24	136	32
1767631762.31	137	502
1767631762.37	138	388
1767631762.44	139	135
1767631762.51	140	201
1767631762.57	141	451
1767631762.64	142	453
1767631762.78	143	114
1767631762.91	145	189
1767631762.98	146	418
1767631763.04	147	245
1767631763.11	148	419
1767631763.18	149	208
1767631763.25	150	62
1767631763.31	151	188
1767631763.38	152	403
1767631763.51	153	270
1767631763.58	154	249
1767631763.65	155	191
1767631763.72	156	370
1767631763.78	157	311
1767631763.85	158	9
1767631768.77	159	201
1767631768.84	160	217
1767631768.91	161	436
1767631768.98	162	413
1767631769.04	163	200
1767631769.11	164	230
1767631769.18	165	481
1767631769.24	166	95
1767631769.31	167	491
1767631769.38	168	436
1767631769.44	169	66
1767631769.51	170	228
1767631769.58	171	127
1767631769.64	172	234
1767631769.71	173	458
1767631769.78	174	82
1767631769.85	175	215
1767631769.91	176	485
1767631769.98	177	309
1767631770.05	178	299
1767631770.11	179	357
1767631770.18	180	200
1767631770.25	181	109
1767631770.38	182	9
1767632263.16	0	9
1767632263.56	0	9
1767632263.76	0	9
1767632263.78	0	9
1767632263.98	0	9
1767632264.18	0	9
1767632264.38	0	9
1767632264.50	0	9
1767632264.70	0	9
1767632264.78	0	9
1767632264.98	0	9
1767632265.18	0	9
1767632265.38	0	9
1767632265.58	0	9
1767632265.78	0	9
1767632265.78	0	9
1767632265.98	0	9
1767632266.18	0	9
1767632266.38	0	9
1767632266.58	0	9
1767632266.78	0	9
1767632266.78	0	9
1767632266.98	0	9
1767632267.09	1	9
1767632267.49	1	9
1767632267.69	1	9
1767632267.69	1	9
1767632267.69	1	9
1767632267.69	1	9
1767632267.69	1	9
1767632267.78	1	9
1767632267.78	1	9
1767632267.78	1	9
1767632267.98	1	9
1767632268.18	1	9
1767632268.22	2	129
1767632268.29	3	288
1767632268.36	4	103
1767632268.42	5	457
1767632268.49	6	423
1767632268.56	7	41
1767632268.62	8	78
1767632268.69	9	402
1767632268.76	10	233
1767632268.83	11	408
1767632268.89	12	327
1767632268.96	13	294
1767632269.10	14	114
1767632269.23	15	475
1767632269.36	16	298
1767632269.43	17	466
1767632269.50	18	287
1767632269.56	19	31
1767632269.63	20	339
1767632269.70	21	385
1767632269.76	22	299
1767632269.83	23	477
1767632269.90	24	277
1767632269.97	25	77
1767632270.03	26	323
1767632270.10	27	382
1767632270.17	28	483
1767632270.23	29	9
1767632280.04	30	277
1767632280.11	31	124
1767632280.18	32	84
1767632280.24	33	428
1767632280.38	35	275
1767632280.51	36	274
1767632280.58	37	18
1767632280.65	38	336
1767632280.71	39	48
1767632280.78	40	485
1767632280.85	41	370
1767632280.98	42	345
1767632281.05	43	409
1767632281.12	44	462
1767632281.18	45	51
1767632281.25	46	465
1767632281.32	47	477
1767632281.38	48	9
1767632285.14	49	192
1767632285.20	50	143
1767632285.27	51	4
1767632285.34	52	108
1767632285.40	53	154
1767632285.47	54	170
1767632285.54	55	236
1767632285.67	56	257
1767632285.74	57	498
1767632285.80	58	473
1767632285.87	59	434
1767632285.94	60	14
1767632286.01	61	115
1767632286.07	62	93
1767632286.21	63	74
1767632286.27	64	106
1767632286.34	65	338
1767632286.41	66	320
1767632286.54	67	392
1767632286.61	68	380
1767632286.68	69	0
1767632286.74	70	333
1767632286.81	71	357
1767632286.88	72	4
1767632286.95	73	325
1767632287.01	74	397
1767632287.08	75	151
1767632287.14	76	289
1767632287.21	77	185
1767632287.28	78	237
1767632287.42	79	172
1767632287.48	80	9
1767632295.14	82	74
1767632295.20	83	331
1767632295.27	84	376
1767632295.34	85	91
1767632295.41	86	52
1767632295.47	87	439
1767632295.54	88	330
1767632295.67	89	312
1767632295.74	90	111
1767632295.81	91	436
1767632295.87	92	111
1767632295.94	93	254
1767632296.01	94	441
1767632296.08	95	52
1767632296.14	96	511
1767632296.21	97	484
1767632296.28	98	420
1767632296.34	99	237
1767632296.41	100	9
1767632303.19	101	9
1767632312.58	102	9
1767632320.05	103	16
1767632320.11	104	79
1767632320.25	105	426
1767632320.31	106	142
1767632320.38	107	36
1767632320.45	108	95
1767632320.51	109	21
1767632320.65	110	181
1767632320.72	111	292
1767632320.78	112	194
1767632320.85	113	258
1767632321.05	114	114
1767632321.12	115	214
1767632321.18	116	161
1767632321.25	117	475
1767632321.32	118	230
1767632321.39	119	286
1767632321.45	120	9
1767632327.28	121	9
1767632334.74	122	9
1767632342.13	123	72
1767632342.19	124	136
1767632342.26	125	319
1767632342.33	126	309
1767632342.40	127	463
1767632342.46	128	30
1767632342.53	129	267
1767632342.60	130	406
1767632342.66	131	93
1767632342.73	132	225
1767632342.80	133	263
1767632342.93	134	310
1767632343.00	135	113
1767632343.07	136	495
1767632343.13	137	411
1767632343.20	138	487
1767632343.27	139	471
1767632343.33	140	505
1767632343.40	141	400
1767632343.47	142	327
1767632343.54	143	355
1767632343.60	144	268
1767632343.67	145	446
1767632343.74	146	9
1767632349.11	147	485
1767632349.17	148	444
1767632349.24	149	330
1767632349.31	150	153
1767632349.37	151	208
1767632349.44	152	270
1767632349.51	153	361
1767632349.58	154	224
1767632349.64	155	364
1767632349.71	156	456
1767632349.78	157	53
1767632349.84	158	478
1767632349.91	159	318
1767632349.98	160	254
1767632350.04	161	417
1767632350.18	163	193
1767632350.24	164	183
1767632350.31	165	12
1767632350.38	166	367
1767632350.45	167	297
1767632350.51	168	467
1767632350.65	169	77
1767632350.72	170	401
1767632350.78	171	271
1767632350.85	172	330
1767632350.92	173	55
1767632350.98	174	424
1767632351.12	175	410
1767632351.18	176	9
1767632352.34	177	9
1767632361.63	178	188
1767632361.69	179	117
1767632361.76	180	16
1767632361.96	181	327
1767632362.03	182	479
1767632362.10	183	396
1767632362.16	184	233
1767632362.23	185	90
1767632362.30	186	468
1767632362.37	187	474
1767632362.43	188	25
1767632362.50	189	330
1767632362.57	190	325
1767632362.63	191	52
1767632362.70	192	26
1767632362.77	193	489
1767632362.84	194	242
1767632362.90	195	424
1767632362.97	196	9
1767632365.36	197	35
1767632365.43	198	478
1767632365.50	199	1
1767632365.56	200	77
1767632365.63	201	460
1767632365.70	202	190
1767632365.77	203	296
1767632365.83	204	453
1767632365.90	205	216
1767632366.03	206	120
1767632366.10	207	288
1767632366.17	208	219
1767632366.30	209	432
1767632366.37	210	85
1767632366.44	211	296
1767632366.70	212	9
1767632368.98	213	324
1767632369.05	214	396
1767632369.12	215	322
1767632369.18	216	150
1767632369.25	217	324
1767632369.32	218	147
1767632369.39	219	333
1767632369.52	220	455
1767632369.59	221	87
1767632369.65	222	77
1767632369.72	223	443
1767632369.79	224	87
1767632369.85	225	220
1767632369.92	226	345
1767632369.99	227	134
1767632370.05	228	347
1767632370.12	229	280
1767632370.19	230	498
1767632370.26	231	131
1767632370.32	232	9
1767632377.40	233	1
1767632377.47	234	21
1767632377.54	235	488
1767632377.60	236	332
1767632377.67	237	138
1767632377.74	238	51
1767632377.80	239	123
1767632377.87	240	240
1767632377.94	241	509
1767632378.01	242	62
1767632378.21	243	488
1767632378.28	244	149
1767632378.34	245	459
1767632378.41	246	177
1767632378.48	247	4
1767632378.54	248	90
1767632378.68	249	419
1767632378.74	250	48
1767632378.81	251	81
1767632378.88	252	182
1767632378.94	253	27
1767632379.01	254	89
1767632379.15	255	133
1767632379.21	256	179
1767632379.28	257	259
1767632379.36	258	101
1767632379.48	259	214
1767632379.61	260	9
1767632381.76	261	9
1767632387.64	262	9
1767632397.49	263	9
1767632403.84	264	9
1767632405.39	265	9
1767632408.60	266	266
1767632408.67	267	64
1767632408.73	268	435
1767632408.80	269	436
1767632408.87	270	64
1767632408.93	271	243
1767632409.00	272	282
1767632409.07	273	395
1767632409.20	275	46
1767632409.34	276	203
1767632409.41	277	255
1767632409.47	278	316
1767632409.61	279	62
1767632409.67	280	222
1767632409.74	281	285
1767632409.81	282	378
1767632409.87	283	313
1767632409.94	284	371
1767632410.01	285	278
1767632410.08	286	167
1767632410.21	287	418
1767632410.28	288	144
1767632410.34	289	43
1767632410.41	290	267
1767632410.48	291	173
1767632410.55	292	10
1767632410.61	293	380
1767632410.68	294	298
1767632410.82	295	9
1767632418.42	296	368
1767632418.49	297	60
1767632418.62	298	112
1767632418.69	299	224
1767632418.76	300	448
1767632418.83	301	190
1767632418.89	302	352
1767632418.96	303	207
1767632419.03	304	382
1767632419.16	305	393
1767632419.29	306	369
1767632419.36	307	505
1767632419.43	308	316
1767632419.56	309	495
1767632419.63	310	357
1767632419.70	311	114
1767632419.76	312	475
1767632419.83	313	9
1767632425.24	314	428
1767632425.31	315	227
1767632425.38	316	174
1767632425.45	317	222
1767632425.51	318	316
1767632425.65	319	223
1767632425.71	320	172
1767632425.78	321	129
1767632425.92	322	221
1767632425.98	323	49
1767632426.05	324	128
1767632426.12	325	142
1767632426.18	326	502
1767632426.25	327	421
1767632426.32	328	186
1767632426.38	329	126
1767632426.45	330	462
1767632426.52	331	195
1767632426.65	333	9
1767632434.46	334	9
1767632441.28	335	299
1767632441.35	336	249
1767632441.42	337	475
1767632441.49	338	488
1767632441.62	339	448
1767632441.69	340	335
1767632441.75	341	369
1767632441.90	342	396
1767632441.95	343	476
1767632442.02	344	347
1767632442.09	345	29
1767632442.15	346	286
1767632442.22	347	10
1767632442.29	348	162
1767632442.36	349	428
1767632442.42	350	177
1767632442.49	351	258
1767632442.56	352	465
1767632442.62	353	250
1767632442.69	354	447
1767632442.76	355	293
1767632442.83	356	349
1767632442.89	357	9
1767632448.37	358	364
1767632448.44	359	315
1767632448.57	360	70
1767632448.64	361	121
1767632448.71	362	99
1767632448.78	363	58
1767632448.84	364	158
1767632448.98	365	476
1767632449.04	366	57
1767632449.11	367	102
1767632449.18	368	459
1767632449.24	369	193
1767632449.38	370	226
1767632449.45	371	193
1767632449.51	372	318
1767632449.58	373	145
1767632449.65	374	436
1767632449.71	375	338
1767632449.78	376	53
1767632449.85	377	9
1767632455.29	378	9
1767632460.60	379	9
1767632468.52	380	434
1767632468.66	381	66
1767632468.72	382	174
1767632468.79	383	311
1767632468.86	384	354
1767632468.92	385	276
1767632468.99	386	206
1767632469.06	387	493
1767632469.12	388	342
1767632469.19	389	51
1767632469.26	390	87
1767632469.33	391	60
1767632469.39	392	393
1767632469.53	393	151
1767632469.60	394	173
1767632469.66	395	17
1767632469.80	397	453
1767632469.86	398	424
1767632469.93	399	238
1767632470.06	400	231
1767632470.13	401	315
1767632470.20	402	408
1767632470.26	403	268
1767632470.33	404	268
1767632470.40	405	273
1767632470.47	406	139
1767632470.53	407	229
1767632470.60	408	236
1767632470.67	409	93
1767632470.73	410	9
1767632478.52	411	50
1767632478.66	412	348
1767632478.72	413	22
1767632478.79	414	471
1767632478.86	415	248
1767632478.93	416	65
1767632478.99	417	346
1767632479.06	418	442
1767632479.13	419	26
1767632479.19	420	329
1767632479.26	421	353
1767632479.33	422	273
1767632479.39	423	330
1767632479.46	424	505
1767632479.53	425	381
1767632479.59	426	231
1767632479.66	427	192
1767632479.73	428	321
1767632479.80	429	171
1767632479.86	430	9
1767632482.07	431	506
1767632482.14	432	112
1767632482.27	433	442
1767632482.34	434	74
1767632482.40	435	149
1767632482.47	436	93
1767632482.54	437	67
1767632482.61	438	258
1767632482.67	439	438
1767632482.74	440	321
1767632482.81	441	380
1767632482.87	442	396
1767632482.94	443	446
1767632483.01	444	166
1767632483.07	445	347
1767632483.14	446	289
1767632483.21	447	349
1767632483.28	448	335
1767632483.34	449	254
1767632483.41	450	355
1767632483.48	451	252
1767632483.54	452	454
1767632483.68	453	136
1767632483.74	454	337
1767632483.94	455	9
1767632486.39	456	60
1767632486.46	457	316
1767632486.52	458	169
1767632486.59	459	506
1767632486.66	460	477
1767632486.73	461	448
1767632486.79	462	291
1767632486.86	463	206
1767632486.93	464	232
1767632486.99	465	443
1767632487.06	466	160
1767632487.13	467	126
1767632487.19	468	230
1767632487.26	469	411
1767632487.33	470	233
1767632487.39	471	305
1767632487.46	472	355
1767632487.60	474	414
1767632487.66	475	51
1767632487.73	476	410
1767632487.80	477	122
1767632487.87	478	161
1767632487.93	479	252
1767632488.00	480	9
1767632494.21	481	424
1767632494.34	482	333
1767632494.41	483	61
1767632494.47	484	277
1767632494.54	485	192
1767632494.61	486	241
1767632494.68	487	181
1767632494.74	488	366
1767632494.81	489	194
1767632494.94	491	65
1767632495.01	492	244
1767632495.08	493	270
1767632495.15	494	114
1767632495.21	495	200
1767632495.28	496	370
1767632495.41	497	319
1767632495.48	498	27
1767632495.55	499	51
1767632495.61	500	491
1767632495.68	501	197
1767632495.75	502	25
1767632495.82	503	339
1767632495.88	504	509
1767632495.95	505	508
1767632496.02	506	9
1767632497.39	507	238
1767632497.52	508	108
1767632497.59	509	321
1767632497.66	510	57
1767632497.72	511	20
1767632497.79	512	211
1767632497.86	513	448
1767632497.92	514	313
1767632497.99	515	63
1767632498.06	516	114
1767632498.13	517	60
1767632498.19	518	30
1767632498.33	520	48
1767632498.39	521	423
1767632498.53	522	96
1767632498.60	523	356
1767632498.66	524	395
1767632498.73	525	337
1767632498.85	526	49
1767632498.86	527	142
1767632498.93	528	9
1767632504.66	529	250
1767632504.79	530	229
1767632504.86	531	40
1767632504.92	532	400
1767632504.99	533	112
1767632505.06	534	187
1767632505.12	535	26
1767632505.19	536	129
1767632505.26	537	59
1767632505.33	538	161
1767632505.39	539	106
1767632505.46	540	226
1767632505.53	541	459
1767632505.60	542	193
1767632505.66	543	222
1767632505.73	544	361
1767632505.80	545	191
1767632505.86	546	327
1767632505.93	547	126
1767632506.00	548	41
1767632506.06	549	451
1767632506.13	550	9
1767632512.65	551	288
1767632512.78	552	249
1767632512.92	553	276
1767632513.05	555	56
1767632513.18	556	124
1767632513.25	557	420
1767632513.32	558	270
1767632513.39	559	175
1767632513.65	560	221
1767632513.79	561	9
1767632514.86	562	472
1767632514.93	563	426
1767632515.00	564	355
1767632515.06	565	350
1767632515.13	566	232
1767632515.20	567	52
1767632515.27	568	359
1767632515.33	569	148
1767632515.40	570	497
1767632515.47	571	236
1767632515.54	572	40
1767632515.60	573	211
1767632515.67	574	26
1767632515.74	575	471
1767632515.80	576	374
1767632515.87	577	209
1767632515.94	578	70
1767632516.00	579	257
1767632516.07	580	70
1767632516.14	581	301
1767632516.20	582	24
1767632516.27	583	59
1767632516.34	584	4
1767632516.41	585	487
1767632516.47	586	9
1767632524.07	587	317
1767632524.14	588	282
1767632524.20	589	46
1767632524.27	590	218
1767632524.41	591	13
1767632524.47	592	225
1767632524.61	593	276
1767632524.67	594	147
1767632524.74	595	3
1767632524.81	596	90
1767632524.88	597	35
1767632524.94	598	449
1767632525.01	599	455
1767632525.08	600	1
1767632525.14	601	239
1767632525.21	602	479
1767632525.28	603	441
1767632525.34	604	365
1767632525.41	605	498
1767632525.48	606	180
1767632525.55	607	388
1767632525.61	608	422
1767632525.68	609	308
1767632525.75	610	90
1767632525.81	611	9
1767632534.25	612	9
1767632541.50	613	231
1767632541.57	614	266
1767632541.64	615	311
1767632541.71	616	219
1767632541.77	617	133
1767632541.84	618	293
1767632541.91	619	314
1767632541.97	620	420
1767632542.11	621	336
1767632542.17	622	210
1767632542.24	623	68
1767632542.31	624	459
1767632542.38	625	199
1767632542.44	626	464
1767632542.51	627	347
1767632542.58	628	250
1767632542.64	629	417
1767632542.71	630	323
1767632542.78	631	278
1767632542.85	632	187
1767632542.98	633	405
1767632543.05	634	75
1767632543.11	635	247
1767632543.18	636	210
1767632543.25	637	349
1767632543.32	638	239
1767632543.45	639	9
1767632548.25	640	9
1767632551.38	641	9
1767632559.36	642	9
1767632560.38	643	392
1767632560.44	644	58
1767632560.58	645	305
1767632560.64	646	76
1767632560.71	647	506
1767632560.85	649	45
1767632560.91	650	226
1767632560.98	651	270
1767632561.05	652	284
1767632561.11	653	363
1767632561.18	654	285
1767632561.25	655	293
1767632561.31	656	100
1767632561.38	657	253
1767632561.45	658	146
1767632561.52	659	29
1767632561.58	660	461
1767632561.65	661	232
1767632561.72	662	82
1767632561.79	663	259
1767632561.85	664	9
1767632570.45	665	9
1767632571.71	666	9
1767632579.37	667	248
1767632579.44	668	184
1767632579.50	669	6
1767632579.57	670	7
1767632579.64	671	329
1767632579.70	672	266
1767632579.77	673	31
1767632579.84	674	432
1767632579.97	675	429
1767632580.11	676	508
1767632580.24	677	74
1767632580.31	678	103
1767632580.37	679	203
1767632580.44	680	193
1767632580.51	681	112
1767632580.58	682	414
1767632580.64	683	182
1767632580.71	684	2
1767632580.78	685	292
1767632580.91	686	441
1767632580.98	687	123
1767632581.04	688	440
1767632581.11	689	483
1767632581.18	690	353
1767632581.25	691	392
1767632581.31	692	34
1767632581.38	693	115
1767632581.45	694	401
1767632581.51	695	9
1767632590.70	696	121
1767632590.84	698	316
1767632590.91	699	432
1767632590.97	700	105
1767632591.04	701	428
1767632591.11	702	40
1767632591.17	703	30
1767632591.24	704	393
1767632591.31	705	179
1767632591.38	706	104
1767632591.44	707	29
1767632591.51	708	105
1767632591.64	709	478
1767632591.71	710	196
1767632591.78	711	248
1767632591.84	712	133
1767632591.91	713	252
1767632591.98	714	114
1767632592.05	715	294
1767632592.11	716	502
1767632592.31	718	462
1767632592.58	719	9
1767632597.77	721	286
1767632597.84	722	59
1767632597.90	723	421
1767632597.97	724	221
1767632598.04	725	201
1767632598.11	726	33
1767632598.17	727	163
1767632598.31	728	119
1767632598.37	729	200
1767632598.44	730	71
1767632598.51	731	385
1767632598.58	732	95
1767632598.64	733	235
1767632598.71	734	1
1767632598.78	735	344
1767632598.84	736	411
1767632598.91	737	205
1767632598.98	738	172
1767632599.04	739	66
1767632599.11	740	9
1767632608.99	741	9
1767632610.81	742	126
1767632610.95	743	248
1767632611.01	744	294
1767632611.08	745	32
1767632611.15	746	402
1767632611.28	747	350
1767632611.35	748	375
1767632611.42	749	130
1767632611.49	750	209
1767632611.55	751	348
1767632611.62	752	185
1767632611.75	753	346
1767632611.82	754	125
1767632611.89	755	180
1767632611.95	756	326
1767632612.09	757	283
1767632612.15	758	9
1767632614.14	759	9
1767632615.15	760	9
1767632624.61	761	453
1767632624.68	762	431
1767632624.75	763	476
1767632624.81	764	453
1767632624.88	765	46
1767632624.95	766	106
1767632625.02	767	199
1767632625.08	768	59
1767632625.15	769	269
1767632625.22	770	502
1767632625.28	771	323
1767632625.35	772	401
1767632625.42	773	471
1767632625.48	774	408
1767632625.55	775	152
1767632625.62	776	360
1767632625.74	777	299
1767632625.82	778	480
1767632625.89	779	412
1767632625.95	780	9
1767632628.83	781	215
1767632628.90	782	130
1767632628.96	783	445
1767632629.03	784	143
1767632629.10	785	270
1767632629.17	786	130
1767632629.23	787	40
1767632629.30	788	297
1767632629.37	789	267
1767632629.43	790	33
1767632629.50	791	255
1767632629.57	792	161
1767632629.64	793	383
1767632629.70	794	217
1767632629.77	795	396
1767632629.84	796	28
1767632629.90	797	229
1767632629.97	798	470
1767632630.04	799	122
1767632630.17	800	293
1767632630.30	802	324
1767632630.37	803	162
1767632630.44	804	403
1767632630.51	805	235
1767632630.57	806	66
1767632630.71	807	356
1767632630.83	808	431
1767632630.84	809	9
1767632636.29	810	9
1767632641.85	811	102
1767632641.91	812	81
1767632641.98	813	503
1767632642.05	814	48
1767632642.11	815	62
1767632642.32	816	97
1767632642.38	817	176
1767632642.52	818	43
1767632642.58	819	114
1767632642.72	820	299
1767632642.78	821	296
1767632642.85	822	1
1767632642.99	824	410
1767632643.05	825	41
1767632643.19	826	105
1767632643.32	828	487
1767632643.39	829	461
1767632643.46	830	266
1767632643.52	831	457
1767632643.59	832	9
1767632653.17	833	408
1767632653.24	834	227
1767632653.37	836	395
1767632653.44	837	420
1767632653.51	838	436
1767632653.58	839	460
1767632653.64	840	495
1767632653.71	841	483
1767632653.78	842	453
1767632653.89	843	236
1767632653.91	844	65
1767632654.04	845	429
1767632654.11	846	343
1767632654.18	847	140
1767632654.25	848	306
1767632654.31	849	42
1767632654.38	850	23
1767632654.45	851	245
1767632654.51	852	352
1767632654.58	853	264
1767632654.65	854	503
1767632654.72	855	455
1767632654.78	856	9
1767632662.01	857	67
1767632662.08	858	125
1767632662.15	859	40
1767632662.21	860	245
1767632662.28	861	251
1767632662.35	862	289
1767632662.42	863	446
1767632662.48	864	43
1767632662.62	866	395
1767632662.68	867	169
1767632662.75	868	158
1767632662.82	869	170
1767632662.88	870	191
1767632662.95	871	85
1767632663.02	872	123
1767632663.09	873	230
1767632663.15	874	302
1767632663.22	875	19
1767632663.29	876	375
1767632663.36	877	273
1767632663.42	878	250
1767632663.55	879	150
1767632663.62	880	260
1767632663.69	881	324
1767632663.76	882	218
1767632663.82	883	315
1767632663.89	884	9
1767632673.50	885	118
1767632673.64	886	271
1767632673.70	887	140
1767632673.77	888	499
1767632673.84	889	319
1767632673.90	890	296
1767632673.97	891	356
1767632674.04	892	452
1767632674.10	893	259
1767632674.24	894	213
1767632674.31	895	115
1767632674.37	896	444
1767632674.51	897	193
1767632674.57	898	368
1767632674.64	899	14
1767632674.71	900	428
1767632674.78	901	255
1767632674.84	902	74
1767632674.91	903	405
1767632674.98	904	143
1767632675.24	905	9
1767632678.54	906	9
1767632680.22	907	9
1767632688.03	908	405
1767632688.17	909	58
1767632688.30	910	376
1767632688.37	911	223
1767632688.43	912	489
1767632688.50	913	168
1767632688.57	914	216
1767632688.70	915	246
1767632688.77	916	250
1767632688.90	917	271
1767632688.97	918	493
1767632689.04	919	252
1767632689.11	920	9
1767632689.17	921	115
1767632689.24	922	431
1767632689.31	923	353
1767632689.37	924	145
1767632689.44	925	298
1767632689.51	926	293
1767632689.57	927	103
1767632689.64	928	9
1767632696.52	929	9
1767632700.62	930	9
1767632704.87	931	68
1767632704.94	932	214
1767632705.00	933	263
1767632705.07	934	508
1767632705.14	935	37
1767632705.21	936	475
1767632705.27	937	404
1767632705.34	938	311
1767632705.41	939	326
1767632705.47	940	301
1767632705.61	941	227
1767632705.68	942	54
1767632705.74	943	381
1767632705.81	944	252
1767632705.88	945	414
1767632705.94	946	468
1767632706.01	947	9
1767632715.72	948	210
1767632715.79	949	74
1767632715.93	950	150
1767632715.99	951	19
1767632716.06	952	262
1767632716.13	953	440
1767632716.19	954	27
1767632716.26	955	25
1767632716.33	956	403
1767632716.39	957	412
1767632716.46	958	165
1767632716.60	959	251
1767632716.66	960	480
1767632716.80	961	336
1767632716.87	962	90
1767632716.93	963	94
1767632717.00	964	188
1767632717.07	965	341
1767632717.13	966	410
1767632717.20	967	167
1767632717.27	968	176
1767632717.33	969	480
1767632717.40	970	9
1767632722.32	971	9
1767632723.93	972	9
1767632728.93	973	9
1767632737.16	974	235
1767632737.22	975	130
1767632737.29	976	422
1767632737.49	977	488
1767632737.56	978	429
1767632737.70	979	275
1767632737.76	980	10
1767632737.83	981	340
1767632737.90	982	453
1767632737.96	983	49
1767632738.03	984	214
1767632738.10	985	195
1767632738.16	986	397
1767632738.23	987	293
1767632738.30	988	296
1767632738.36	989	196
1767632738.50	991	323
1767632738.57	992	489
1767632738.63	993	9
1767632740.51	994	106
1767632740.57	995	139
1767632740.64	996	418
1767632740.71	997	167
1767632740.78	998	179
1767632740.84	999	235
1767632740.91	1000	25
1767632740.98	1001	171
1767632741.04	1002	91
1767632741.11	1003	397
1767632741.24	1004	66
1767632741.31	1005	234
1767632741.38	1006	181
1767632741.45	1007	334
1767632741.51	1008	151
1767632741.58	1009	280
1767632741.65	1010	498
1767632741.71	1011	26
1767632741.85	1012	155
1767632741.92	1013	190
1767632741.98	1014	290
1767632742.05	1015	386
1767632742.12	1016	231
1767632742.18	1017	270
1767632742.25	1018	9
1767632752.07	1019	9
1767632759.47	1020	9
1767632760.85	1021	9
1767632765.53	1022	475
1767632765.66	1023	179
1767632765.73	1024	62
1767632765.80	1025	209
1767632765.87	1026	191
1767632765.93	1027	351
1767632766.00	1028	26
1767632766.07	1029	127
1767632766.13	1030	458
1767632766.20	1031	283
1767632766.27	1032	241
1767632766.40	1033	109
1767632766.54	1034	460
1767632766.60	1035	155
1767632766.67	1036	202
1767632766.74	1037	153
1767632766.87	1038	371
1767632766.94	1039	273
1767632767.01	1040	208
1767632767.14	1041	52
1767632767.21	1042	287
1767632767.27	1043	9
1767632769.51	1044	339
1767632769.57	1045	100
1767632769.64	1046	442
1767632769.71	1047	323
1767632769.77	1048	286
1767632769.84	1049	345
1767632769.91	1050	89
1767632769.98	1051	350
1767632770.04	1052	348
1767632770.11	1053	88
1767632770.24	1054	303
1767632770.31	1055	162
1767632770.38	1056	322
1767632770.44	1057	395
1767632770.51	1058	490
1767632770.65	1059	94
1767632770.71	1060	9
1767632777.29	1061	118
1767632777.36	1062	451
1767632777.56	1064	229
1767632777.63	1065	485
1767632777.69	1066	260
1767632777.76	1067	473
1767632777.83	1068	282
1767632777.90	1069	82
1767632777.96	1070	33
1767632778.03	1071	158
1767632778.09	1072	179
1767632778.16	1073	137
1767632778.23	1074	254
1767632778.30	1075	86
1767632778.36	1076	324
1767632778.43	1077	92
1767632778.50	1078	496
1767632778.56	1079	360
1767632778.63	1080	50
1767632778.70	1081	5
1767632778.83	1082	242
1767632778.90	1083	9
1767632781.54	1084	9
1767632790.43	1085	75
1767632790.50	1086	229
1767632790.57	1087	417
1767632790.70	1088	227
1767632790.84	1090	210
1767632790.90	1091	355
1767632790.97	1092	75
1767632791.04	1093	57
1767632791.10	1094	14
1767632791.17	1095	406
1767632791.24	1096	95
1767632791.30	1097	69
1767632791.37	1098	259
1767632791.44	1099	133
1767632791.50	1100	424
1767632791.57	1101	429
1767632791.64	1102	499
1767632791.71	1103	279
1767632791.77	1104	348
1767632791.84	1105	397
1767632791.91	1106	246
1767632791.97	1107	436
1767632792.04	1108	57
1767632792.11	1109	208
1767632792.18	1110	3
1767632792.24	1111	403
1767632792.31	1112	484
1767632792.38	1113	142
1767632792.44	1114	9
1767632799.13	1115	9
1767632805.75	1116	9
1767632813.84	1117	77
1767632813.90	1118	207
1767632814.04	1119	158
1767632814.10	1120	196
1767632814.17	1121	293
1767632814.24	1122	428
1767632814.30	1123	234
1767632814.37	1124	381
1767632814.44	1125	174
1767632814.50	1126	510
1767632814.57	1127	78
1767632814.64	1128	401
1767632814.71	1129	275
1767632814.77	1130	48
1767632814.84	1131	54
1767632814.91	1132	194
1767632814.97	1133	288
1767632815.04	1134	165
1767632815.11	1135	158
1767632815.18	1136	495
1767632815.24	1137	158
1767632815.31	1138	122
1767632815.38	1139	82
1767632815.44	1140	461
1767632815.51	1141	116
1767632815.58	1142	193
1767632815.64	1143	183
1767632815.71	1144	445
1767632815.78	1145	9
1767632818.98	1146	59
1767632819.11	1147	301
1767632819.18	1148	224
1767632819.25	1149	186
1767632819.31	1150	230
1767632819.38	1151	125
1767632819.45	1152	243
1767632819.51	1153	124
1767632819.58	1154	488
1767632819.65	1155	258
1767632819.72	1156	15
1767632819.78	1157	501
1767632819.85	1158	101
1767632819.93	1159	478
1767632819.98	1160	224
1767632820.05	1161	9
1767632824.05	1162	450
1767632824.12	1163	222
1767632824.19	1164	498
1767632824.25	1165	49
1767632824.32	1166	291
1767632824.39	1167	236
1767632824.45	1168	198
1767632824.52	1169	121
1767632824.59	1170	236
1767632824.66	1171	225
1767632824.79	1172	311
1767632824.86	1173	256
1767632824.92	1174	348
1767632824.99	1175	327
1767632825.06	1176	9
1767632825.12	1177	249
1767632825.19	1178	28
1767632825.26	1179	215
1767632825.33	1180	384
1767632825.39	1181	282
1767632825.46	1182	320
1767632825.53	1183	297
1767632825.59	1184	290
1767632825.66	1185	173
1767632825.73	1186	496
1767632825.79	1187	109
1767632825.86	1188	207
1767632825.93	1189	419
1767632826.00	1190	319
1767632826.06	1191	9
1767632830.59	1192	63
1767632830.66	1193	486
1767632830.73	1194	397
1767632830.79	1195	264
1767632830.86	1196	438
1767632830.93	1197	305
1767632831.00	1198	404
1767632831.06	1199	290
1767632831.20	1200	312
1767632831.26	1201	254
1767632831.33	1202	246
1767632831.40	1203	91
1767632831.46	1204	38
1767632831.53	1205	321
1767632831.60	1206	492
1767632831.67	1207	294
1767632831.93	1208	352
1767632832.07	1209	144
1767632832.13	1210	208
1767632832.20	1211	425
1767632832.34	1213	448
1767632832.40	1214	164
1767632832.47	1215	105
1767632832.54	1216	305
1767632832.60	1217	245
1767632832.67	1218	299
1767632832.81	1219	264
1767632832.87	1220	9
1767632841.77	1221	300
1767632841.83	1222	418
1767632841.90	1223	189
1767632842.03	1225	406
1767632842.10	1226	492
1767632842.17	1227	361
1767632842.30	1228	31
1767632842.37	1229	329
1767632842.44	1230	118
1767632842.50	1231	121
1767632842.57	1232	210
1767632842.64	1233	261
1767632842.70	1234	131
1767632842.77	1235	361
1767632842.84	1236	329
1767632842.90	1237	9
1767632845.18	1238	9
1767632849.22	1239	9
1767632856.68	1240	57
1767632856.75	1241	207
1767632856.82	1242	303
1767632856.88	1243	209
1767632856.95	1244	476
1767632857.02	1245	233
1767632857.15	1247	354
1767632857.22	1248	453
1767632857.29	1249	221
1767632857.36	1250	175
1767632857.42	1251	304
1767632857.56	1252	309
1767632857.62	1253	307
1767632857.69	1254	443
1767632857.82	1256	305
1767632857.96	1257	187
1767632858.02	1258	18
1767632858.09	1259	160
1767632858.16	1260	164
1767632858.23	1261	359
1767632858.29	1262	409
1767632858.36	1263	302
1767632858.43	1264	31
1767632858.56	1265	27
1767632858.63	1266	10
1767632858.69	1267	161
1767632858.83	1268	273
1767632858.89	1269	9
1767632861.31	1270	156
1767632861.38	1271	232
1767632861.44	1272	146
1767632861.51	1273	70
1767632861.58	1274	207
1767632861.71	1275	480
1767632861.78	1276	217
1767632861.85	1277	494
1767632861.91	1278	503
1767632861.98	1279	153
1767632862.05	1280	143
1767632862.11	1281	141
1767632862.25	1282	35
1767632862.32	1283	65
1767632862.38	1284	215
1767632862.45	1285	505
1767632862.52	1286	280
1767632862.58	1287	495
1767632862.65	1288	329
1767632862.79	1289	29
1767632862.85	1290	9
1767632871.56	1291	303
1767632871.63	1292	263
1767632871.76	1293	439
1767632871.83	1294	337
1767632871.95	1295	187
1767632871.96	1296	195
1767632872.10	1298	479
1767632872.16	1299	58
1767632872.23	1300	351
1767632872.36	1302	165
1767632872.43	1303	422
1767632872.50	1304	19
1767632872.56	1305	484
1767632872.63	1306	431
1767632872.76	1308	9
1767632878.92	1309	227
1767632878.99	1310	251
1767632879.06	1311	9
1767632879.12	1312	504
1767632879.26	1313	92
1767632879.39	1314	89
1767632879.46	1315	72
1767632879.53	1316	360
1767632879.59	1317	388
1767632879.66	1318	310
1767632879.73	1319	138
1767632879.80	1320	68
1767632879.86	1321	50
1767632879.93	1322	59
1767632880.00	1323	267
1767632880.06	1324	204
1767632880.13	1325	191
1767632880.20	1326	242
1767632880.27	1327	164
1767632880.33	1328	9
1767632887.23	1329	9
1767632894.73	1330	9
1767632901.21	1331	9
1767632910.95	1332	9
1767632918.39	1333	285
1767632918.53	1334	388
1767632918.59	1335	287
1767632918.66	1336	388
1767632918.73	1337	238
1767632918.80	1338	199
1767632918.86	1339	242
1767632918.93	1340	180
1767632919.00	1341	150
1767632919.06	1342	301
1767632919.13	1343	360
1767632919.20	1344	136
1767632919.33	1345	329
1767632919.40	1346	123
1767632919.47	1347	344
1767632919.53	1348	278
1767632919.60	1349	63
1767632919.67	1350	321
1767632919.73	1351	302
1767632919.80	1352	124
1767632919.87	1353	403
1767632919.94	1354	173
1767632920.07	1355	96
1767632920.14	1356	466
1767632920.20	1357	9
1767632929.15	1358	507
1767632929.22	1359	260
1767632929.28	1360	239
1767632929.42	1361	18
1767632929.49	1362	12
1767632929.55	1363	384
1767632929.62	1364	257
1767632929.69	1365	169
1767632929.82	1366	80
1767632929.89	1367	79
1767632930.09	1369	244
1767632930.16	1370	436
1767632930.22	1371	175
1767632930.29	1372	9
1767632936.96	1373	137
1767632937.03	1374	360
1767632937.09	1375	213
1767632937.16	1376	337
1767632937.23	1377	78
1767632937.29	1378	291
1767632937.36	1379	480
1767632937.43	1380	265
1767632937.50	1381	375
1767632937.56	1382	302
1767632937.63	1383	173
1767632937.70	1384	229
1767632937.76	1385	165
1767632937.83	1386	73
1767632937.90	1387	207
1767632937.97	1388	266
1767632938.03	1389	45
1767632938.10	1390	170
1767632938.17	1391	371
1767632938.23	1392	428
1767632938.30	1393	278
1767632938.37	1394	9
1767632945.72	1395	9
1767632949.18	1396	9
1767632951.94	1397	8
1767632952.01	1398	113
1767632952.08	1399	265
1767632952.21	1400	91
1767632952.28	1401	249
1767632952.34	1402	459
1767632952.48	1403	234
1767632952.55	1404	152
1767632952.61	1405	119
1767632952.68	1406	248
1767632952.75	1407	327
1767632952.81	1408	245
1767632952.88	1409	448
1767632953.02	1410	197
1767632953.08	1411	146
1767632953.15	1412	113
1767632953.22	1413	417
1767632953.35	1414	486
1767632953.42	1415	296
1767632953.48	1416	508
1767632953.62	1417	142
1767632953.68	1418	9
1767632956.52	1419	237
1767632956.65	1420	395
1767632956.72	1421	101
1767632956.79	1422	372
1767632956.85	1423	87
1767632956.99	1424	408
1767632957.05	1425	193
1767632957.12	1426	124
1767632957.19	1427	180
1767632957.26	1428	330
1767632957.32	1429	291
1767632957.39	1430	316
1767632957.46	1431	432
1767632957.52	1432	31
1767632957.59	1433	499
1767632957.66	1434	85
1767632957.72	1435	24
1767632957.79	1436	465
1767632957.86	1437	161
1767632957.97	1438	168
1767632957.99	1439	395
1767632958.06	1440	45
1767632958.13	1441	259
1767632958.39	1442	9
1767632966.81	1443	9
1767632974.89	1444	9
1767632980.42	1445	9
1767632982.28	1446	111
1767632982.35	1447	6
1767632982.41	1448	451
1767632982.48	1449	424
1767632982.55	1450	420
1767632982.61	1451	505
1767632982.68	1452	142
1767632982.75	1453	200
1767632982.81	1454	77
1767632982.88	1455	7
1767632982.95	1456	323
1767632983.02	1457	232
1767632983.08	1458	362
1767632983.15	1459	297
1767632983.22	1460	231
1767632983.28	1461	2
1767632983.35	1462	419
1767632983.42	1463	466
1767632983.48	1464	270
1767632983.55	1465	86
1767632983.62	1466	161
1767632983.69	1467	187
1767632983.75	1468	381
1767632983.82	1469	109
1767632983.95	1470	4
1767632984.02	1471	9
1767632989.24	1472	422
1767632989.30	1473	414
1767632989.37	1474	219
1767632989.44	1475	122
1767632989.51	1476	19
1767632989.57	1477	469
1767632989.64	1478	289
1767632989.71	1479	241
1767632989.77	1480	156
1767632989.84	1481	384
1767632989.91	1482	146
1767632989.98	1483	398
1767632990.04	1484	98
1767632990.11	1485	503
1767632990.18	1486	155
1767632990.31	1487	14
1767632990.38	1488	228
1767632990.44	1489	305
1767632990.51	1490	377
1767632990.58	1491	312
1767632990.64	1492	442
1767632990.71	1493	145
1767632990.78	1494	166
1767632990.85	1495	352
1767632990.91	1496	304
1767632990.98	1497	28
1767632991.05	1498	462
1767632991.11	1499	14
1767632991.18	1500	23
1767632991.25	1501	428
1767632991.31	1502	35
1767632991.38	1503	130
1767632991.45	1504	9
1767633000.18	1505	9
1767633003.49	1506	9
1767633009.68	1507	263
1767633009.81	1508	182
1767633009.88	1509	398
1767633009.95	1510	47
1767633010.01	1511	163
1767633010.15	1512	256
1767633010.21	1513	460
1767633010.28	1514	201
1767633010.41	1516	285
1767633010.48	1517	295
1767633010.55	1518	266
1767633010.61	1519	366
1767633010.68	1520	401
1767633010.75	1521	483
1767633010.82	1522	450
1767633010.88	1523	407
1767633010.95	1524	349
1767633011.02	1525	116
1767633011.08	1526	9
1767633017.52	1527	81
1767633017.59	1528	379
1767633017.66	1529	456
1767633017.73	1530	472
1767633017.79	1531	178
1767633017.86	1532	166
1767633017.93	1533	256
1767633017.99	1534	82
1767633018.06	1535	458
1767633018.13	1536	305
1767633018.26	1537	168
1767633018.33	1538	465
1767633018.46	1540	304
1767633018.60	1541	392
1767633018.66	1542	27
1767633018.73	1543	218
1767633018.80	1544	416
1767633018.93	1546	469
1767633019.00	1547	109
1767633019.07	1548	416
1767633019.13	1549	70
1767633019.20	1550	331
1767633019.27	1551	113
1767633019.40	1552	176
1767633019.47	1553	9
1767633023.83	1554	9
1767633027.36	1555	9
1767633030.83	1556	9
1767633032.36	1557	9
1767633038.53	1558	9
1767633039.79	1559	368
1767633039.92	1560	509
1767633039.99	1561	398
1767633040.05	1562	195
1767633040.12	1563	424
1767633040.19	1564	366
1767633040.26	1565	245
1767633040.32	1566	456
1767633040.39	1567	282
1767633040.46	1568	473
1767633040.52	1569	417
1767633040.59	1570	396
1767633040.66	1571	67
1767633040.72	1572	207
1767633040.79	1573	84
1767633040.86	1574	388
1767633040.92	1575	374
1767633040.99	1576	403
1767633041.06	1577	162
1767633041.13	1578	509
1767633041.19	1579	469
1767633041.26	1580	102
1767633041.33	1581	221
1767633041.39	1582	494
1767633041.46	1583	351
1767633041.53	1584	156
1767633041.60	1585	140
1767633041.73	1586	9
1767633049.19	1587	9
1767633056.15	1588	452
1767633056.21	1589	253
1767633056.28	1590	152
1767633056.35	1591	313
1767633056.42	1592	173
1767633056.68	1593	254
1767633056.75	1594	335
1767633056.82	1595	484
1767633056.89	1596	393
1767633056.95	1597	490
1767633057.02	1598	217
1767633057.15	1599	472
1767633057.22	1600	144
1767633057.29	1601	333
1767633057.35	1602	373
1767633057.42	1603	254
1767633057.49	1604	366
1767633057.55	1605	337
1767633057.62	1606	509
1767633057.69	1607	242
1767633057.76	1608	171
1767633057.82	1609	249
1767633057.89	1610	246
1767633057.96	1611	297
1767633058.02	1612	9
1767633064.07	1613	113
1767633064.14	1614	469
1767633064.21	1615	351
1767633064.27	1616	107
1767633064.41	1617	305
1767633064.47	1618	233
1767633064.54	1619	267
1767633064.61	1620	339
1767633064.68	1621	455
1767633064.74	1622	298
1767633064.81	1623	289
1767633064.88	1624	81
1767633064.94	1625	224
1767633065.01	1626	159
1767633065.08	1627	124
1767633065.15	1628	316
1767633065.21	1629	345
1767633065.28	1630	199
1767633065.35	1631	383
1767633065.41	1632	68
1767633065.48	1633	10
1767633065.81	1634	9
1767633071.67	1635	492
1767633071.74	1636	256
1767633071.81	1637	474
1767633071.87	1638	249
1767633071.94	1639	232
1767633072.01	1640	498
1767633072.08	1641	326
1767633072.14	1642	53
1767633072.21	1643	285
1767633072.28	1644	168
1767633072.34	1645	245
1767633072.48	1646	184
1767633072.54	1647	335
1767633072.61	1648	449
1767633072.68	1649	456
1767633072.74	1650	247
1767633072.81	1651	317
1767633073.00	1653	9
1767633076.32	1654	509
1767633076.39	1655	231
1767633076.46	1656	287
1767633076.52	1657	281
1767633076.66	1658	441
1767633076.73	1659	435
1767633076.86	1660	161
1767633076.93	1661	252
1767633077.00	1662	129
1767633077.06	1663	501
1767633077.13	1664	91
1767633077.20	1665	415
1767633077.26	1666	68
1767633077.33	1667	170
1767633077.46	1668	86
1767633077.60	1669	12
1767633077.67	1670	157
1767633077.73	1671	53
1767633077.80	1672	94
1767633077.87	1673	438
1767633077.93	1674	9
1767633083.77	1675	9
1767633093.54	1676	211
1767633093.68	1677	191
1767633093.75	1678	281
1767633093.81	1679	247
1767633093.88	1680	439
1767633093.95	1681	5
1767633094.08	1683	277
1767633094.15	1684	181
1767633094.21	1685	275
1767633094.35	1686	30
1767633094.42	1687	142
1767633094.55	1689	404
1767633094.62	1690	503
1767633094.68	1691	367
1767633094.75	1692	9
1767633101.68	1693	9
1767633111.66	1694	9
1767633112.69	1695	86
1767633112.82	1696	214
1767633112.89	1697	200
1767633112.96	1698	135
1767633113.03	1699	355
1767633113.13	1700	348
1767633113.16	1701	361
1767633113.23	1702	269
1767633113.29	1703	386
1767633113.36	1704	467
1767633113.43	1705	342
1767633113.50	1706	30
1767633113.56	1707	73
1767633113.63	1708	497
1767633113.70	1709	125
1767633113.77	1710	467
1767633113.90	1711	9
1767633119.31	1712	9
1767633120.98	1713	9
1767633128.08	1714	9
1767633137.58	1715	9
1767633147.18	1716	410
1767633147.25	1717	455
1767633147.31	1718	298
1767633147.38	1719	323
1767633147.45	1720	80
1767633147.51	1721	193
1767633147.58	1722	148
1767633147.65	1723	246
1767633147.72	1724	456
1767633147.78	1725	428
1767633147.85	1726	329
1767633147.92	1727	34
1767633147.98	1728	195
1767633148.05	1729	110
1767633148.12	1730	446
1767633148.18	1731	362
1767633148.25	1732	195
1767633148.32	1733	65
1767633148.39	1734	407
1767633148.45	1735	270
1767633148.52	1736	236
1767633148.59	1737	9
1767633152.37	1738	9
1767633153.44	1739	9
1767633158.13	1740	127
1767633158.27	1741	258
1767633158.33	1742	222
1767633158.47	1743	156
1767633158.53	1744	75
1767633158.60	1745	52
1767633158.67	1746	153
1767633158.73	1747	200
1767633158.80	1748	336
1767633158.87	1749	503
1767633158.94	1750	293
1767633159.00	1751	63
1767633159.07	1752	160
1767633159.20	1753	228
1767633159.27	1754	323
1767633159.34	1755	163
1767633159.40	1756	133
1767633159.47	1757	160
1767633159.54	1758	79
1767633159.67	1760	303
1767633159.74	1761	399
1767633159.80	1762	9
1767633166.16	1763	9
1767633171.71	1764	9
1767633175.34	1765	440
1767633175.41	1766	201
1767633175.48	1767	281
1767633175.68	1768	443
1767633175.75	1769	93
1767633175.81	1770	72
1767633175.88	1771	438
1767633175.95	1772	267
1767633176.01	1773	225
1767633176.08	1774	285
1767633176.15	1775	290
1767633176.22	1776	164
1767633176.28	1777	170
1767633176.42	1778	359
1767633176.48	1779	350
1767633176.62	1780	120
1767633176.68	1781	92
1767633176.75	1782	294
1767633176.82	1783	451
1767633176.88	1784	191
1767633177.03	1785	480
1767633177.09	1786	308
1767633177.15	1787	433
1767633177.22	1788	325
1767633177.29	1789	493
1767633177.35	1790	208
1767633177.42	1791	130
1767633177.49	1792	34
1767633177.55	1793	9
1767633185.31	1794	416
1767633185.38	1795	11
1767633185.44	1796	53
1767633185.51	1797	502
1767633185.58	1798	197
1767633185.65	1799	98
1767633185.71	1800	64
1767633185.78	1801	218
1767633185.85	1802	125
1767633185.91	1803	189
1767633185.98	1804	187
1767633186.05	1805	17
1767633186.25	1806	255
1767633186.32	1807	21
1767633186.45	1808	342
1767633186.52	1809	475
1767633186.58	1810	351
1767633186.65	1811	83
1767633186.72	1812	317
1767633186.78	1813	90
1767633186.85	1814	64
1767633186.92	1815	310
1767633186.98	1816	9
1767633196.81	1817	430
1767633196.88	1818	133
1767633197.02	1819	92
1767633197.08	1820	367
1767633197.15	1821	267
1767633197.22	1822	488
1767633197.28	1823	206
1767633197.35	1824	293
1767633197.42	1825	223
1767633197.49	1826	398
1767633197.55	1827	130
1767633197.69	1828	300
1767633197.75	1829	504
1767633197.82	1830	4
1767633197.89	1831	142
1767633197.96	1832	196
1767633198.02	1833	429
1767633198.09	1834	300
1767633198.16	1835	98
1767633198.22	1836	108
1767633198.29	1837	9
1767633202.25	1838	9
1767633204.86	1839	214
1767633204.92	1840	508
1767633204.99	1841	446
1767633205.06	1842	196
1767633205.13	1843	375
1767633205.19	1844	13
1767633205.26	1845	253
1767633205.33	1846	293
1767633205.39	1847	106
1767633205.46	1848	41
1767633205.53	1849	265
1767633205.59	1850	168
1767633205.66	1851	89
1767633205.73	1852	213
1767633205.80	1853	152
1767633205.86	1854	285
1767633205.93	1855	1
1767633206.00	1856	150
1767633206.06	1857	457
1767633206.13	1858	10
1767633206.27	1859	25
1767633206.33	1860	402
1767633206.40	1861	9
1767633208.28	1862	453
1767633208.35	1863	82
1767633208.48	1865	397
1767633208.55	1866	320
1767633208.61	1867	427
1767633208.68	1868	493
1767633208.75	1869	25
1767633208.82	1870	265
1767633208.88	1871	191
1767633208.95	1872	18
1767633209.02	1873	290
1767633209.08	1874	7
1767633209.15	1875	266
1767633209.22	1876	287
1767633209.29	1877	369
1767633209.35	1878	169
1767633209.49	1879	387
1767633209.55	1880	77
1767633209.62	1881	243
1767633209.69	1882	9
1767633217.04	1883	9
1767633220.03	1884	9
1767633228.06	1885	430
1767633228.13	1886	284
1767633228.19	1887	408
1767633228.26	1888	323
1767633228.33	1889	201
1767633228.39	1890	191
1767633228.46	1891	450
1767633228.53	1892	169
1767633228.59	1893	450
1767633228.73	1894	154
1767633228.79	1895	356
1767633228.86	1896	143
1767633229.00	1897	18
1767633229.06	1898	170
1767633229.13	1899	297
1767633229.20	1900	253
1767633229.26	1901	114
1767633229.33	1902	425
1767633229.40	1903	301
1767633229.47	1904	66
1767633229.53	1905	326
1767633229.60	1906	412
1767633229.67	1907	167
1767633229.73	1908	273
1767633229.80	1909	413
1767633229.87	1910	9
1767633231.41	1911	9
1767633236.43	1912	9
1767633239.15	1913	101
1767633239.22	1914	37
1767633239.35	1915	359
1767633239.42	1916	233
1767633239.48	1917	254
1767633239.55	1918	50
1767633239.62	1919	426
1767633239.69	1920	458
1767633239.75	1921	425
1767633239.82	1922	244
1767633239.89	1923	2
1767633239.95	1924	36
1767633240.02	1925	230
1767633240.09	1926	370
1767633240.15	1927	148
1767633240.22	1928	2
1767633240.36	1929	151
1767633240.49	1930	37
1767633240.62	1931	163
1767633240.69	1932	475
1767633240.83	1933	247
1767633240.89	1934	42
1767633240.96	1935	407
1767633241.09	1936	9
1767633242.57	1937	268
1767633242.71	1938	300
1767633242.78	1939	97
1767633242.84	1940	300
1767633242.91	1941	282
1767633243.04	1942	114
1767633243.11	1943	298
1767633243.18	1944	373
1767633243.24	1945	156
1767633243.31	1946	255
1767633243.38	1947	384
1767633243.44	1948	182
1767633243.51	1949	175
1767633243.65	1951	260
1767633243.71	1952	164
1767633243.78	1953	1
1767633243.85	1954	211
1767633243.91	1955	126
1767633243.98	1956	9
1767633247.37	1957	9
1767633252.29	1958	283
1767633252.36	1959	164
1767633252.43	1960	487
1767633252.49	1961	164
1767633252.56	1962	508
1767633252.63	1963	15
1767633252.70	1964	68
1767633252.76	1965	23
1767633252.83	1966	109
1767633252.90	1967	412
1767633252.96	1968	120
1767633253.06	1969	6
1767633253.10	1970	492
1767633253.16	1971	26
1767633253.23	1972	447
1767633253.30	1973	84
1767633253.43	1974	19
1767633253.50	1975	243
1767633253.57	1976	252
1767633253.63	1977	409
1767633253.70	1978	416
1767633253.77	1979	9
1767633258.17	1980	9
1767633262.62	1981	234
1767633262.68	1982	217
1767633262.75	1983	446
1767633262.82	1984	278
1767633262.88	1985	289
1767633262.95	1986	485
1767633263.02	1987	352
1767633263.09	1988	120
1767633263.22	1989	136
1767633263.29	1990	330
1767633263.35	1991	463
1767633263.42	1992	153
1767633263.49	1993	97
1767633263.55	1994	197
1767633263.62	1995	111
1767633263.69	1996	258
1767633263.82	1997	367
1767633263.89	1998	262
1767633263.96	1999	9
1767633267.87	2000	216
1767633267.94	2001	272
1767633268.00	2002	207
1767633268.07	2003	205
1767633268.14	2004	87
1767633268.20	2005	68
1767633268.27	2006	58
1767633268.34	2007	5
1767633268.40	2008	458
1767633268.47	2009	378
1767633268.54	2010	6
1767633268.61	2011	188
1767633268.67	2012	409
1767633268.74	2013	274
1767633268.81	2014	464
1767633268.94	2015	136
1767633269.01	2016	94
1767633269.08	2017	353
1767633269.14	2018	414
1767633269.21	2019	298
1767633269.28	2020	77
1767633269.34	2021	9
1767633272.70	2022	9
1767633278.89	2023	161
1767633278.95	2024	209
1767633279.02	2025	403
1767633279.09	2026	171
1767633279.15	2027	185
1767633279.22	2028	157
1767633279.29	2029	300
1767633279.36	2030	153
1767633279.42	2031	227
1767633279.49	2032	171
1767633279.56	2033	230
1767633279.62	2034	10
1767633279.69	2035	345
1767633279.76	2036	507
1767633279.82	2037	275
1767633279.96	2038	498
1767633280.03	2039	110
1767633280.09	2040	9
1767633281.37	2041	171
1767633281.44	2042	240
1767633281.51	2043	120
1767633281.57	2044	162
1767633281.64	2045	246
1767633281.71	2046	341
1767633281.77	2047	69
1767633281.84	2048	68
1767633281.91	2049	292
1767633281.97	2050	248
1767633282.04	2051	185
1767633282.11	2052	76
1767633282.18	2053	388
1767633282.24	2054	202
1767633282.31	2055	439
1767633282.44	2056	108
1767633282.51	2057	272
1767633282.58	2058	17
1767633282.65	2059	124
1767633282.71	2060	76
1767633282.78	2061	413
1767633282.85	2062	340
1767633282.91	2063	63
1767633282.98	2064	435
1767633283.05	2065	283
1767633283.12	2066	362
1767633283.18	2067	90
1767633283.25	2068	263
1767633283.31	2069	386
1767633283.38	2070	473
1767633283.45	2071	499
1767633283.52	2072	344
1767633283.58	2073	9
1767633287.72	2074	457
1767633287.92	2075	336
1767633287.99	2076	495
1767633288.12	2077	42
1767633288.19	2078	191
1767633288.25	2079	418
1767633288.32	2080	407
1767633288.45	2082	359
1767633288.52	2083	129
1767633288.59	2084	74
1767633288.66	2085	160
1767633288.79	2086	141
1767633288.86	2087	429
1767633288.92	2088	256
1767633288.99	2089	172
1767633289.06	2090	358
1767633289.13	2091	354
1767633289.19	2092	417
1767633289.26	2093	166
1767633289.33	2094	242
1767633289.39	2095	224
1767633289.46	2096	9
