1761642487.66	0	[60.000000, 24.000000]
1761642494.68	1	[60.000000, 24.000000]
1763154173.40	0	[60.000000, 24.000000]
1763154176.76	1	[60.000000, 24.000000]
1763154180.67	2	[60.000000, 24.000000]
1763154605.90	0	[60.000000, 24.000000]
1763154614.28	1	[60.000000, 24.000000]
1763155627.19	0	[60.000000, 24.000000]
1763155627.52	0	[60.000000, 24.000000]
1763155627.72	0	[60.000000, 24.000000]
1763155627.76	0	[60.000000, 24.000000]
1763155627.96	0	[60.000000, 24.000000]
1763155628.16	0	[60.000000, 24.000000]
1763155628.36	0	[60.000000, 24.000000]
1763155628.53	0	[60.000000, 24.000000]
1763155628.72	0	[60.000000, 24.000000]
1763155628.92	0	[60.000000, 24.000000]
1763155630.68	1	[60.000000, 24.000000]
1763155634.95	2	[60.000000, 24.000000]
1767631679.18	0	[60.000000, 24.000000]
1767631679.58	0	[60.000000, 24.000000]
1767631679.80	0	[60.000000, 24.000000]
1767631679.87	0	[60.000000, 24.000000]
1767631679.93	0	[60.000000, 24.000000]
1767631680.00	0	[60.000000, 24.000000]
1767631680.07	0	[60.000000, 24.000000]
1767631680.13	0	[60.000000, 24.000000]
1767631680.20	0	[60.000000, 24.000000]
1767631680.27	0	[60.000000, 24.000000]
1767631680.34	0	[60.000000, 24.000000]
1767631680.38	0	[60.000000, 24.000000]
1767631682.23	1	[60.000000, 24.000000]
1767631686.24	2	[60.000000, 24.000000]
1767631690.46	3	[60.000000, 24.000000]
1767631696.30	4	[60.000000, 24.000000]
1767631701.99	5	[60.000000, 24.000000]
1767631718.14	6	[60.000000, 24.000000]
1767631726.03	7	[60.000000, 24.000000]
1767631732.60	8	[60.000000, 24.000000]
1767631740.25	9	[60.000000, 24.000000]
1767631747.54	10	[60.000000, 24.000000]
1767631753.07	11	[60.000000, 24.000000]
1767631760.86	12	[60.000000, 24.000000]
1767632263.16	0	[60.000000, 24.000000]
1767632263.56	0	[60.000000, 24.000000]
1767632263.76	0	[60.000000, 24.000000]
1767632263.78	0	[60.000000, 24.000000]
1767632263.98	0	[60.000000, 24.000000]
1767632264.38	0	[60.000000, 24.000000]
1767632264.50	0	[60.000000, 24.000000]
1767632264.70	0	[60.000000, 24.000000]
1767632264.78	0	[60.000000, 24.000000]
1767632265.18	0	[60.000000, 24.000000]
1767632265.38	0	[60.000000, 24.000000]
1767632265.58	0	[60.000000, 24.000000]
1767632265.78	0	[60.000000, 24.000000]
1767632265.78	0	[60.000000, 24.000000]
1767632265.98	0	[60.000000, 24.000000]
1767632266.18	0	[60.000000, 24.000000]
1767632266.38	0	[60.000000, 24.000000]
1767632266.58	0	[60.000000, 24.000000]
1767632266.78	0	[60.000000, 24.000000]
1767632266.78	0	[60.000000, 24.000000]
1767632266.98	0	[60.000000, 24.000000]
1767632267.09	0	[60.000000, 24.000000]
1767632267.29	0	[60.000000, 24.000000]
1767632267.49	0	[60.000000, 24.000000]
1767632267.69	0	[60.000000, 24.000000]
1767632267.69	0	[60.000000, 24.000000]
1767632268.75	1	[60.000000, 24.000000]
1767632274.98	2	[60.000000, 24.000000]
1767632283.28	3	[60.000000, 24.000000]
1767632290.73	4	[60.000000, 24.000000]
1767632307.91	5	[60.000000, 24.000000]
1767632319.83	6	[60.000000, 24.000000]
1767632325.87	7	[60.000000, 24.000000]
1767632334.99	8	[60.000000, 24.000000]
1767632342.46	9	[60.000000, 24.000000]
1767632353.25	10	[60.000000, 24.000000]
1767632361.63	11	[60.000000, 24.000000]
1767632370.16	12	[60.000000, 24.000000]
1767632377.91	13	[60.000000, 24.000000]
1767632385.56	14	[60.000000, 24.000000]
1767632392.13	15	[60.000000, 24.000000]
1767632405.04	16	[60.000000, 24.000000]
1767632411.29	17	[60.000000, 24.000000]
1767632424.28	18	[60.000000, 24.000000]
1767632433.67	19	[60.000000, 24.000000]
1767632439.98	20	[60.000000, 24.000000]
1767632452.12	21	[60.000000, 24.000000]
1767632457.77	22	[60.000000, 24.000000]
1767632470.25	23	[60.000000, 24.000000]
1767632476.00	24	[60.000000, 24.000000]
1767632487.68	25	[60.000000, 24.000000]
1767632496.66	26	[60.000000, 24.000000]
1767632506.93	27	[60.000000, 24.000000]
1767632511.48	28	[60.000000, 24.000000]
1767632517.99	29	[60.000000, 24.000000]
1767632524.05	30	[60.000000, 24.000000]
1767632536.96	31	[60.000000, 24.000000]
1767632556.07	32	[60.000000, 24.000000]
1767632571.69	33	[60.000000, 24.000000]
1767632581.33	34	[60.000000, 24.000000]
1767632586.92	35	[60.000000, 24.000000]
1767632594.82	36	[60.000000, 24.000000]
1767632601.73	37	[60.000000, 24.000000]
1767632606.88	38	[60.000000, 24.000000]
1767632615.89	39	[60.000000, 24.000000]
1767632627.21	40	[60.000000, 24.000000]
1767632630.88	41	[60.000000, 24.000000]
1767632638.41	42	[60.000000, 24.000000]
1767632643.51	43	[60.000000, 24.000000]
1767632648.60	44	[60.000000, 24.000000]
1767632657.59	45	[60.000000, 24.000000]
1767632685.88	46	[60.000000, 24.000000]
1767632700.69	47	[60.000000, 24.000000]
1767632715.26	48	[60.000000, 24.000000]
1767632728.01	49	[60.000000, 24.000000]
1767632733.86	50	[60.000000, 24.000000]
1767632739.80	51	[60.000000, 24.000000]
1767632746.52	52	[60.000000, 24.000000]
1767632768.76	53	[60.000000, 24.000000]
1767632789.22	54	[60.000000, 24.000000]
1767632802.42	55	[60.000000, 24.000000]
1767632808.68	56	[60.000000, 24.000000]
1767632816.75	57	[60.000000, 24.000000]
1767632822.09	58	[60.000000, 24.000000]
1767632828.35	59	[60.000000, 24.000000]
1767632832.80	60	[60.000000, 24.000000]
1767632844.29	61	[60.000000, 24.000000]
1767632852.51	62	[60.000000, 24.000000]
1767632869.54	63	[60.000000, 24.000000]
1767632888.54	64	[60.000000, 24.000000]
1767632905.72	65	[60.000000, 24.000000]
1767632937.35	66	[60.000000, 24.000000]
1767632958.39	67	[60.000000, 24.000000]
1767632984.29	68	[60.000000, 24.000000]
1767633001.83	69	[60.000000, 24.000000]
1767633017.64	70	[60.000000, 24.000000]
1767633050.81	71	[60.000000, 24.000000]
1767633060.08	72	[60.000000, 24.000000]
1767633076.77	73	[60.000000, 24.000000]
1767633093.77	74	[60.000000, 24.000000]
1767633107.17	75	[60.000000, 24.000000]
1767633119.54	76	[60.000000, 24.000000]
1767633132.05	77	[60.000000, 24.000000]
1767633142.68	78	[60.000000, 24.000000]
1767633153.80	79	[60.000000, 24.000000]
1767633167.02	80	[60.000000, 24.000000]
1767633181.76	81	[60.000000, 24.000000]
1767633191.48	82	[60.000000, 24.000000]
1767633215.45	83	[60.000000, 24.000000]
1767633249.04	84	[60.000000, 24.000000]
1767633271.45	85	[60.000000, 24.000000]
