1761642487.66	0	-13.2 C
1761642488.54	1	-23.1 C
1761642489.54	2	-27.1 C
1761642490.54	3	-22.2 C
1761642491.54	4	0.9 C
1761642492.54	5	-14.1 C
1761642493.54	6	-6.8 C
1761642494.54	7	-3.5 C
1761642495.54	8	-31.5 C
1763154173.40	0	-10.2 C
1763154173.80	0	-10.2 C
1763154173.80	0	-10.2 C
1763154174.17	1	-24.2 C
1763154175.17	2	-33.5 C
1763154176.17	3	-13.3 C
1763154177.17	4	-13.5 C
1763154178.18	5	-24.6 C
1763154179.18	6	-6.3 C
1763154180.18	7	-18.8 C
1763154605.90	0	10.9 C
1763154606.30	0	10.9 C
1763154606.30	0	10.9 C
1763154606.83	1	3.6 C
1763154607.83	2	-3.6 C
1763154608.83	3	-3.1 C
1763154609.83	4	16.1 C
1763154610.83	5	-5.0 C
1763154611.83	6	12.0 C
1763154612.84	7	-5.3 C
1763154613.84	8	7.1 C
1763155627.19	0	-7.1 C
1763155627.52	1	13.9 C
1763155627.76	1	13.9 C
1763155628.16	1	13.9 C
1763155628.36	1	13.9 C
1763155628.52	2	-7.0 C
1763155628.92	2	-7.0 C
1763155628.92	2	-7.0 C
1763155629.02	2	-7.0 C
1763155629.22	2	-7.0 C
1763155629.42	2	-7.0 C
1763155629.53	3	-7.3 C
1763155629.92	3	-7.3 C
1763155630.12	3	-7.3 C
1763155630.32	3	-7.3 C
1763155630.52	3	-7.3 C
1763155630.53	4	-5.3 C
1763155630.88	4	-5.3 C
1763155631.08	4	-5.3 C
1763155631.28	4	-5.3 C
1763155631.48	4	-5.3 C
1763155631.53	5	-18.9 C
1763155631.91	5	-18.9 C
1763155632.11	5	-18.9 C
1763155632.20	5	-18.9 C
1763155632.40	5	-18.9 C
1763155632.53	6	2.0 C
1763155632.93	6	2.0 C
1763155633.13	6	2.0 C
1763155633.32	6	2.0 C
1763155633.52	6	2.0 C
1763155633.53	7	-28.9 C
1763155633.93	7	-28.9 C
1763155634.13	7	-28.9 C
1763155634.33	7	-28.9 C
1763155634.53	7	-28.9 C
1763155634.53	8	-9.6 C
1763155634.76	8	-9.6 C
1763155634.95	8	-9.6 C
1763155635.15	8	-9.6 C
1763155635.31	8	-9.6 C
1763155635.43	8	-9.6 C
1763155635.53	9	-10.8 C
1763155635.93	9	-10.8 C
1763155636.13	9	-10.8 C
1763155636.33	9	-10.8 C
1763155636.53	9	-10.8 C
1763155636.53	10	0.4 C
1763155637.13	10	0.4 C
1763155637.22	10	0.4 C
1763155637.42	10	0.4 C
1763155637.53	11	-16.2 C
1763155637.93	11	-16.2 C
1763155638.13	11	-16.2 C
1763155638.33	11	-16.2 C
1763155638.53	11	-16.2 C
1763155638.53	12	-28.0 C
1763155638.87	12	-28.0 C
1763155639.07	12	-28.0 C
1763155639.27	12	-28.0 C
1763155639.47	12	-28.0 C
1763155639.53	13	-2.6 C
1763155639.93	13	-2.6 C
1763155640.13	13	-2.6 C
1763155640.33	13	-2.6 C
1763155640.53	13	-2.6 C
1763155640.53	14	-21.9 C
1763155640.93	14	-21.9 C
1763155641.13	14	-21.9 C
1763155641.33	14	-21.9 C
1763155641.53	14	-21.9 C
1763155641.53	15	-17.3 C
1763155641.93	15	-17.3 C
1763155642.13	15	-17.3 C
1763155642.23	15	-17.3 C
1763155642.43	15	-17.3 C
1763155642.53	16	-24.9 C
1767629439.02	0	8.5 C
1767629439.22	0	8.5 C
1767629439.42	0	8.5 C
1767629439.62	0	8.5 C
1767629439.63	1	-7.4 C
1767629439.90	1	-7.4 C
1767629439.97	1	-7.4 C
1767629440.03	1	-7.4 C
1767629440.10	1	-7.4 C
1767629440.17	1	-7.4 C
1767629440.23	1	-7.4 C
1767629440.30	1	-7.4 C
1767629440.37	1	-7.4 C
1767629440.44	1	-7.4 C
1767629440.50	1	-7.4 C
1767629440.57	1	-7.4 C
1767629440.63	2	-15.0 C
1767629440.84	2	-15.0 C
1767629440.90	2	-15.0 C
1767629440.97	2	-15.0 C
1767629441.04	2	-15.0 C
1767629441.11	2	-15.0 C
1767629441.17	2	-15.0 C
1767629441.24	2	-15.0 C
1767629441.31	2	-15.0 C
1767629441.37	2	-15.0 C
1767629441.44	2	-15.0 C
1767629441.51	2	-15.0 C
1767629441.58	2	-15.0 C
1767629441.63	3	-16.2 C
1767629441.84	3	-16.2 C
1767629441.91	3	-16.2 C
1767629441.98	3	-16.2 C
1767629442.04	3	-16.2 C
1767629442.11	3	-16.2 C
1767629442.31	3	-16.2 C
1767629442.51	3	-16.2 C
1767629442.63	4	-18.9 C
1767629442.83	4	-18.9 C
1767629443.03	4	-18.9 C
1767629443.23	4	-18.9 C
1767629443.43	4	-18.9 C
1767629443.53	4	-18.9 C
1767629443.63	5	-22.0 C
1767629443.83	5	-22.0 C
1767629444.03	5	-22.0 C
1767629444.07	5	-22.0 C
1767629444.27	5	-22.0 C
1767629444.47	5	-22.0 C
1767629444.63	6	-33.7 C
1767629445.01	6	-33.7 C
1767631679.18	0	8.0 C
1767631679.38	1	9.2 C
1767631679.73	1	9.2 C
1767631679.80	1	9.2 C
1767631679.87	1	9.2 C
1767631679.93	1	9.2 C
1767631680.00	1	9.2 C
1767631680.07	1	9.2 C
1767631680.13	1	9.2 C
1767631680.20	1	9.2 C
1767631680.27	1	9.2 C
1767631680.34	1	9.2 C
1767631680.38	2	-10.2 C
1767631680.60	2	-10.2 C
1767631681.38	3	14.6 C
1767631682.38	4	0.5 C
1767631683.38	5	7.2 C
1767631684.38	6	5.4 C
1767631685.38	7	0.0 C
1767631686.38	8	16.8 C
1767631687.38	9	-14.1 C
1767631688.38	10	5.5 C
1767631689.38	11	7.8 C
1767631690.38	12	6.6 C
1767631691.38	13	16.8 C
1767631692.38	14	7.6 C
1767631693.38	15	22.7 C
1767631694.38	16	17.9 C
1767631695.38	17	-2.5 C
1767631696.38	18	5.1 C
1767631697.39	19	10.6 C
1767631698.42	20	0.8 C
1767631699.39	21	26.5 C
1767631700.39	22	20.5 C
1767631701.39	23	5.3 C
1767631702.39	24	12.9 C
1767631703.39	25	17.0 C
1767631704.39	26	20.4 C
1767631705.39	27	21.0 C
1767631706.39	28	20.2 C
1767631707.39	29	13.4 C
1767631708.39	30	10.4 C
1767631709.39	31	3.6 C
1767631710.59	32	8.9 C
1767631711.39	33	22.1 C
1767631712.39	34	15.3 C
1767631713.39	35	17.0 C
1767631714.39	36	23.9 C
1767631715.39	37	10.5 C
1767631716.39	38	-5.7 C
1767631717.39	39	21.8 C
1767631718.39	40	5.6 C
1767631719.39	41	16.3 C
1767631720.39	42	7.9 C
1767631721.39	43	10.3 C
1767631722.50	44	14.0 C
1767631723.39	45	28.7 C
1767631724.39	46	1.4 C
1767631725.39	47	7.1 C
1767631726.39	48	13.3 C
1767631727.39	49	20.4 C
1767631728.39	50	8.8 C
1767631729.39	51	6.3 C
1767631730.39	52	5.5 C
1767631731.39	53	18.9 C
1767631732.40	54	10.3 C
1767631733.40	55	1.6 C
1767631734.40	56	1.2 C
1767631735.40	57	-9.4 C
1767631736.40	58	1.2 C
1767631737.40	59	2.5 C
1767631738.40	60	0.4 C
1767631739.40	61	2.4 C
1767631740.40	62	-12.2 C
1767631741.40	63	-3.8 C
1767631742.40	64	1.0 C
1767631743.40	65	11.4 C
1767631744.40	66	18.1 C
1767631745.40	67	2.0 C
1767631746.40	68	23.1 C
1767631747.40	69	7.7 C
1767631748.40	70	19.6 C
1767631749.40	71	24.2 C
1767631750.40	72	-7.6 C
1767631751.40	73	-14.4 C
1767631752.40	74	-1.1 C
1767631753.40	75	10.0 C
1767631754.40	76	5.6 C
1767631755.40	77	14.6 C
1767631756.40	78	2.3 C
1767631757.40	79	24.5 C
1767631758.40	80	7.4 C
1767631759.40	81	19.7 C
1767631760.40	82	22.0 C
1767631761.40	83	7.2 C
1767631762.40	84	-8.1 C
1767631763.40	85	21.9 C
1767631764.40	86	-2.5 C
1767631765.40	87	6.9 C
1767631766.40	88	29.0 C
1767631767.40	89	15.4 C
1767631768.40	90	11.8 C
1767631769.41	91	5.9 C
1767631770.41	92	-3.5 C
1767631771.41	93	16.3 C
1767631772.41	94	21.8 C
1767631773.41	95	11.7 C
1767631774.41	96	3.5 C
1767631775.41	97	2.5 C
1767631965.38	0	38.6 C
1767631965.58	0	38.6 C
1767631965.78	0	38.6 C
1767631965.97	1	34.8 C
1767631966.37	1	34.8 C
1767631966.57	1	34.8 C
1767631966.67	1	34.8 C
1767631966.87	1	34.8 C
1767631966.97	2	48.7 C
1767631967.17	2	48.7 C
1767631967.37	2	48.7 C
1767631967.57	2	48.7 C
1767631967.77	2	48.7 C
1767631967.97	3	25.3 C
1767631968.20	3	25.3 C
1767631968.40	3	25.3 C
1767631968.60	3	25.3 C
1767631968.80	3	25.3 C
1767631968.97	4	37.9 C
1767631969.17	4	37.9 C
1767631969.37	4	37.9 C
1767631969.56	4	37.9 C
1767631969.76	4	37.9 C
1767631969.96	4	37.9 C
1767631969.97	5	38.7 C
1767631970.37	5	38.7 C
1767631970.61	5	38.7 C
1767631970.70	5	38.7 C
1767631970.90	5	38.7 C
1767631970.97	6	38.4 C
1767631971.19	6	38.4 C
1767631971.25	6	38.4 C
1767631971.39	6	38.4 C
1767631971.45	6	38.4 C
1767631971.52	6	38.4 C
1767631971.59	6	38.4 C
1767631971.65	6	38.4 C
1767631971.72	6	38.4 C
1767631971.79	6	38.4 C
1767631971.86	6	38.4 C
1767631971.92	6	38.4 C
1767631971.97	7	27.5 C
1767631972.19	7	27.5 C
1767631972.26	7	27.5 C
1767631972.32	7	27.5 C
1767631972.39	7	27.5 C
1767631972.46	7	27.5 C
1767631972.53	7	27.5 C
1767631972.59	7	27.5 C
1767631972.66	7	27.5 C
1767631972.73	7	27.5 C
1767631972.79	7	27.5 C
1767631972.97	8	33.8 C
1767631973.17	8	33.8 C
1767631973.37	8	33.8 C
1767631973.57	8	33.8 C
1767631973.77	8	33.8 C
1767631973.97	9	28.1 C
1767631974.17	9	28.1 C
1767631974.22	9	28.1 C
1767631974.42	9	28.1 C
1767631974.62	9	28.1 C
1767631974.82	9	28.1 C
1767631974.97	10	31.8 C
1767631975.26	10	31.8 C
1767631975.45	10	31.8 C
1767631975.65	10	31.8 C
1767631975.85	10	31.8 C
1767631975.97	11	45.0 C
1767631976.17	11	45.0 C
1767631976.37	11	45.0 C
1767631976.57	11	45.0 C
1767631976.77	11	45.0 C
1767631976.97	12	17.3 C
1767631977.17	12	17.3 C
1767631977.37	12	17.3 C
1767631977.57	12	17.3 C
1767631977.77	12	17.3 C
1767631978.09	13	28.9 C
1767631978.29	13	28.9 C
1767631978.69	13	28.9 C
1767631978.89	13	28.9 C
1767631978.97	14	47.4 C
1767631979.17	14	47.4 C
1767631979.37	14	47.4 C
1767631979.57	14	47.4 C
1767631979.97	15	39.1 C
1767631980.97	16	17.8 C
1767631981.97	17	27.9 C
1767631982.97	18	35.7 C
1767631983.97	19	34.4 C
1767631984.97	20	32.1 C
1767631985.97	21	37.4 C
1767631986.97	22	41.8 C
1767631987.97	23	29.5 C
1767631988.97	24	30.3 C
1767631989.97	25	33.1 C
1767631990.97	26	25.1 C
1767631991.97	27	30.6 C
1767631992.97	28	54.4 C
1767631993.97	29	46.9 C
1767631994.97	30	41.7 C
1767631995.97	31	21.6 C
1767631996.97	32	28.2 C
1767631997.97	33	21.5 C
1767631998.98	34	53.2 C
1767631999.98	35	34.8 C
1767632000.98	36	33.0 C
1767632001.98	37	20.0 C
1767632002.98	38	31.8 C
1767632004.31	39	39.7 C
1767632004.98	40	27.4 C
1767632005.98	41	34.6 C
1767632006.98	42	24.1 C
1767632007.98	43	37.0 C
1767632008.98	44	32.3 C
1767632009.98	45	14.9 C
1767632011.18	46	36.3 C
1767632011.98	47	26.9 C
1767632012.98	48	41.1 C
1767632013.98	49	39.6 C
1767632014.98	50	56.5 C
1767632015.98	51	13.7 C
1767632016.98	52	36.4 C
1767632017.98	53	48.8 C
1767632018.98	54	22.2 C
1767632019.98	55	32.3 C
1767632020.98	56	49.9 C
1767632021.98	57	31.8 C
1767632022.98	58	53.7 C
1767632023.98	59	13.5 C
1767632024.98	60	4.8 C
1767632025.98	61	33.7 C
1767632026.98	62	32.1 C
1767632027.98	63	39.4 C
1767632028.98	64	36.5 C
1767632029.98	65	24.5 C
1767632030.98	66	14.7 C
1767632031.98	67	40.8 C
1767632032.98	68	38.2 C
1767632033.98	69	38.0 C
1767632034.98	70	32.7 C
1767632035.99	71	37.6 C
1767632036.99	72	42.0 C
1767632037.99	73	20.1 C
1767632038.99	74	38.1 C
1767632039.99	75	29.4 C
1767632040.99	76	42.1 C
1767632041.99	77	31.7 C
1767632042.99	78	11.2 C
1767632043.99	79	42.5 C
1767632044.99	80	35.1 C
1767632045.99	81	34.9 C
1767632046.99	82	54.8 C
1767632047.99	83	23.2 C
1767632048.99	84	30.1 C
1767632049.99	85	44.3 C
1767632050.99	86	46.2 C
1767632051.99	87	37.0 C
1767632053.19	88	34.9 C
1767632053.99	89	24.6 C
1767632054.99	90	29.4 C
1767632055.99	91	39.4 C
1767632056.99	92	34.2 C
1767632057.99	93	39.5 C
1767632058.99	94	16.1 C
1767632059.99	95	37.7 C
1767632060.99	96	34.8 C
1767632263.16	0	30.1 C
1767632263.56	0	30.1 C
1767632263.76	0	30.1 C
1767632263.78	1	17.5 C
1767632264.18	1	17.5 C
1767632264.38	1	17.5 C
1767632264.50	1	17.5 C
1767632264.78	2	33.0 C
1767632265.18	2	33.0 C
1767632265.38	2	33.0 C
1767632265.58	2	33.0 C
1767632265.78	2	33.0 C
1767632265.98	3	29.0 C
1767632266.38	3	29.0 C
1767632266.58	3	29.0 C
1767632266.78	3	29.0 C
1767632266.78	4	26.4 C
1767632267.09	4	26.4 C
1767632267.29	4	26.4 C
1767632267.49	4	26.4 C
1767632267.69	4	26.4 C
1767632267.78	5	43.2 C
1767632268.78	6	27.0 C
1767632269.78	7	37.4 C
1767632270.78	8	17.0 C
1767632271.78	9	51.9 C
1767632272.78	10	37.5 C
1767632273.78	11	33.9 C
1767632274.78	12	65.6 C
1767632275.78	13	24.2 C
1767632276.78	14	46.7 C
1767632277.78	15	37.4 C
1767632278.78	16	24.7 C
1767632279.78	17	36.9 C
1767632280.78	18	40.2 C
1767632281.78	19	33.9 C
1767632282.78	20	35.9 C
1767632283.78	21	18.9 C
1767632284.78	22	23.4 C
1767632285.79	23	30.2 C
1767632286.79	24	24.2 C
1767632287.79	25	31.1 C
1767632288.79	26	29.8 C
1767632289.79	27	38.8 C
1767632290.79	28	38.9 C
1767632291.79	29	28.4 C
1767632292.79	30	32.3 C
1767632293.79	31	39.5 C
1767632294.79	32	45.7 C
1767632295.79	33	40.0 C
1767632296.79	34	23.5 C
1767632297.79	35	6.0 C
1767632298.79	36	33.5 C
1767632299.79	37	27.9 C
1767632300.79	38	22.3 C
1767632301.79	39	31.3 C
1767632302.79	40	25.9 C
1767632303.79	41	34.9 C
1767632304.79	42	23.1 C
1767632305.79	43	39.7 C
1767632306.79	44	37.4 C
1767632307.79	45	22.7 C
1767632308.79	46	21.3 C
1767632309.79	47	13.4 C
1767632310.79	48	15.6 C
1767632311.79	49	7.3 C
1767632312.91	50	22.6 C
1767632313.79	51	13.0 C
1767632314.79	52	42.4 C
1767632315.79	53	35.5 C
1767632316.79	54	23.2 C
1767632317.79	55	24.6 C
1767632318.79	56	20.6 C
1767632319.79	57	40.8 C
1767632320.80	58	21.3 C
1767632321.80	59	28.0 C
1767632322.80	60	46.1 C
1767632323.80	61	30.4 C
1767632324.80	62	32.6 C
1767632325.80	63	33.8 C
1767632326.80	64	35.5 C
1767632327.80	65	13.7 C
1767632328.80	66	16.1 C
1767632329.80	67	9.5 C
1767632330.80	68	43.5 C
1767632331.80	69	37.6 C
1767632332.95	70	38.9 C
1767632333.80	71	29.0 C
1767632334.80	72	49.3 C
1767632335.80	73	29.5 C
1767632336.80	74	25.6 C
1767632337.80	75	28.1 C
1767632338.80	76	28.0 C
1767632340.00	77	53.4 C
1767632340.80	78	35.9 C
1767632341.80	79	31.4 C
1767632342.80	80	33.6 C
1767632343.80	81	25.8 C
1767632344.80	82	28.5 C
1767632345.80	83	34.4 C
1767632346.80	84	32.0 C
1767632348.00	85	27.1 C
1767632348.80	86	43.0 C
1767632349.80	87	36.9 C
1767632350.80	88	35.7 C
1767632351.80	89	6.9 C
1767632352.80	90	24.4 C
1767632353.80	91	31.7 C
1767632354.80	92	28.0 C
1767632355.80	93	43.3 C
1767632356.81	94	18.2 C
1767632357.81	95	26.2 C
1767632358.81	96	42.6 C
1767632359.81	97	14.5 C
1767632360.81	98	8.7 C
1767632361.81	99	49.8 C
1767632362.81	100	18.9 C
1767632363.81	101	30.9 C
1767632364.81	102	32.8 C
1767632365.81	103	13.5 C
1767632366.81	104	34.5 C
1767632367.81	105	25.8 C
1767632368.81	106	42.0 C
1767632369.81	107	26.3 C
1767632370.81	108	24.3 C
1767632371.81	109	18.7 C
1767632372.81	110	12.2 C
1767632373.81	111	36.7 C
1767632374.81	112	11.9 C
1767632375.81	113	39.0 C
1767632376.81	114	43.4 C
1767632377.81	115	42.2 C
1767632378.81	116	25.0 C
1767632379.81	117	31.5 C
1767632380.81	118	42.8 C
1767632381.81	119	13.7 C
1767632382.81	120	39.7 C
1767632383.81	121	2.8 C
1767632384.81	122	24.9 C
1767632385.82	123	43.0 C
1767632386.82	124	20.5 C
1767632387.82	125	29.6 C
1767632388.82	126	49.1 C
1767632389.82	127	15.3 C
1767632390.82	128	12.5 C
1767632391.82	129	34.2 C
1767632392.82	130	40.2 C
1767632393.82	131	42.7 C
1767632394.82	132	23.1 C
1767632395.82	133	20.6 C
1767632396.82	134	25.9 C
1767632397.82	135	32.7 C
1767632398.82	136	24.8 C
1767632399.82	137	42.9 C
1767632400.82	138	49.5 C
1767632401.82	139	30.4 C
1767632402.82	140	34.0 C
1767632403.82	141	31.4 C
1767632404.82	142	31.6 C
1767632405.82	143	35.5 C
1767632406.82	144	29.2 C
1767632407.82	145	49.2 C
1767632408.82	146	24.7 C
1767632409.82	147	17.3 C
1767632410.82	148	15.8 C
1767632411.82	149	9.3 C
1767632412.82	150	26.3 C
1767632414.02	151	22.5 C
1767632414.82	152	52.4 C
1767632415.82	153	25.2 C
1767632416.82	154	27.2 C
1767632417.82	155	36.9 C
1767632418.82	156	32.2 C
1767632419.82	157	34.3 C
1767632420.82	158	11.2 C
1767632421.82	159	20.5 C
1767632422.82	160	29.9 C
1767632423.82	161	39.9 C
1767632424.83	162	40.8 C
1767632425.83	163	22.5 C
1767632426.83	164	34.1 C
1767632427.83	165	38.5 C
1767632428.83	166	31.6 C
1767632429.83	167	36.5 C
1767632430.83	168	45.7 C
1767632431.83	169	50.0 C
1767632432.83	170	31.3 C
1767632433.83	171	37.8 C
1767632434.83	172	43.9 C
1767632435.83	173	27.7 C
1767632436.83	174	34.7 C
1767632437.83	175	41.2 C
1767632438.83	176	33.0 C
1767632439.83	177	24.4 C
1767632440.83	178	42.4 C
1767632441.83	179	40.0 C
1767632442.83	180	47.4 C
1767632443.83	181	24.5 C
1767632444.83	182	39.8 C
1767632446.03	183	32.4 C
1767632446.83	184	40.2 C
1767632447.83	185	53.6 C
1767632448.84	186	34.1 C
1767632449.83	187	30.4 C
1767632450.83	188	34.2 C
1767632451.83	189	40.1 C
1767632452.83	190	45.8 C
1767632453.83	191	37.5 C
1767632454.83	192	34.4 C
1767632455.83	193	32.6 C
1767632456.83	194	25.9 C
1767632457.83	195	40.2 C
1767632458.83	196	38.1 C
1767632459.83	197	33.6 C
1767632460.83	198	30.6 C
1767632461.84	199	28.4 C
1767632462.84	200	10.7 C
1767632463.84	201	32.8 C
1767632464.84	202	34.7 C
1767632465.84	203	41.4 C
1767632466.84	204	21.8 C
1767632467.84	205	23.2 C
1767632468.84	206	28.2 C
1767632469.84	207	37.9 C
1767632470.84	208	29.8 C
1767632471.84	209	38.4 C
1767632472.84	210	25.3 C
1767632473.84	211	25.6 C
1767632474.84	212	37.2 C
1767632475.84	213	35.7 C
1767632476.84	214	19.1 C
1767632477.84	215	1.7 C
1767632478.84	216	59.9 C
1767632479.84	217	21.4 C
1767632480.84	218	29.5 C
1767632481.84	219	23.3 C
1767632482.84	220	24.9 C
1767632483.84	221	17.2 C
1767632484.84	222	40.0 C
1767632485.84	223	28.4 C
1767632486.84	224	27.3 C
1767632487.84	225	5.5 C
1767632488.84	226	16.8 C
1767632489.84	227	36.8 C
1767632490.84	228	52.7 C
1767632491.84	229	26.7 C
1767632492.84	230	32.8 C
1767632493.84	231	36.8 C
1767632494.84	232	25.2 C
1767632495.84	233	37.1 C
1767632497.04	234	17.6 C
1767632497.84	235	24.6 C
1767632498.85	236	20.9 C
1767632499.85	237	33.8 C
1767632500.85	238	21.9 C
1767632501.85	239	32.3 C
1767632502.85	240	49.9 C
1767632503.85	241	41.7 C
1767632504.85	242	34.6 C
1767632505.85	243	40.7 C
1767632506.85	244	25.1 C
1767632507.85	245	29.3 C
1767632508.85	246	33.9 C
1767632509.85	247	24.3 C
1767632510.85	248	15.6 C
1767632511.85	249	38.9 C
1767632512.85	250	43.3 C
1767632513.85	251	22.1 C
1767632514.85	252	36.3 C
1767632515.85	253	39.7 C
1767632516.85	254	16.3 C
1767632517.85	255	27.7 C
1767632518.85	256	26.0 C
1767632519.85	257	26.5 C
1767632520.85	258	21.1 C
1767632521.85	259	32.4 C
1767632522.85	260	22.7 C
1767632523.85	261	8.3 C
1767632524.88	262	29.4 C
1767632525.85	263	28.6 C
1767632526.85	264	26.1 C
1767632527.85	265	25.5 C
1767632528.85	266	30.7 C
1767632529.85	267	29.0 C
1767632530.85	268	36.6 C
1767632531.85	269	20.7 C
1767632532.85	270	39.1 C
1767632533.85	271	15.1 C
1767632534.86	272	52.9 C
1767632535.86	273	47.3 C
1767632536.86	274	48.6 C
1767632537.86	275	37.3 C
1767632538.86	276	18.8 C
1767632539.86	277	14.9 C
1767632540.86	278	11.6 C
1767632541.86	279	-1.0 C
1767632542.86	280	29.7 C
1767632543.86	281	39.6 C
1767632544.86	282	45.0 C
1767632545.86	283	18.6 C
1767632546.86	284	22.9 C
1767632547.86	285	18.8 C
1767632548.86	286	25.5 C
1767632549.86	287	36.8 C
1767632550.86	288	32.1 C
1767632551.86	289	21.7 C
1767632552.86	290	22.1 C
1767632553.86	291	17.8 C
1767632554.86	292	34.3 C
1767632555.86	293	43.0 C
1767632556.86	294	37.7 C
1767632557.86	295	20.6 C
1767632558.86	296	11.5 C
1767632559.86	297	27.0 C
1767632560.86	298	44.4 C
1767632561.86	299	38.3 C
1767632562.86	300	15.6 C
1767632563.86	301	41.7 C
1767632564.86	302	26.9 C
1767632565.86	303	23.0 C
1767632566.86	304	47.4 C
1767632567.86	305	33.8 C
1767632568.86	306	26.6 C
1767632569.86	307	33.9 C
1767632570.87	308	31.3 C
1767632571.87	309	21.8 C
1767632572.87	310	24.0 C
1767632573.87	311	25.8 C
1767632574.87	312	29.8 C
1767632575.87	313	34.4 C
1767632576.87	314	36.2 C
1767632577.87	315	25.4 C
1767632578.87	316	25.4 C
1767632579.87	317	28.7 C
1767632580.87	318	20.3 C
1767632581.87	319	32.1 C
1767632582.87	320	15.1 C
1767632583.87	321	33.1 C
1767632584.87	322	47.7 C
1767632585.87	323	10.5 C
1767632586.87	324	26.4 C
1767632587.87	325	22.7 C
1767632588.87	326	17.7 C
1767632589.87	327	28.0 C
1767632590.87	328	31.7 C
1767632591.87	329	30.5 C
1767632592.87	330	32.1 C
1767632593.87	331	40.7 C
1767632594.87	332	27.7 C
1767632595.87	333	45.0 C
1767632596.87	334	37.8 C
1767632597.87	335	32.7 C
1767632598.87	336	35.9 C
1767632599.87	337	23.9 C
1767632600.87	338	29.2 C
1767632602.07	339	38.0 C
1767632602.87	340	22.4 C
1767632603.87	341	36.9 C
1767632604.87	342	30.4 C
1767632605.87	343	24.2 C
1767632606.87	344	24.1 C
1767632607.88	345	32.5 C
1767632608.88	346	38.1 C
1767632609.88	347	37.4 C
1767632610.88	348	41.9 C
1767632611.88	349	29.3 C
1767632612.88	350	27.3 C
1767632613.88	351	28.4 C
1767632614.88	352	22.7 C
1767632615.88	353	29.5 C
1767632616.88	354	28.3 C
1767632617.88	355	26.3 C
1767632618.88	356	25.5 C
1767632619.88	357	26.9 C
1767632620.88	358	20.3 C
1767632621.88	359	35.1 C
1767632622.88	360	17.8 C
1767632623.88	361	36.8 C
1767632624.88	362	28.8 C
1767632625.88	363	27.0 C
1767632626.88	364	32.3 C
1767632627.88	365	31.7 C
1767632628.88	366	39.6 C
1767632629.88	367	34.6 C
1767632630.88	368	27.7 C
1767632631.88	369	29.8 C
1767632632.88	370	35.9 C
1767632633.88	371	18.9 C
1767632634.88	372	22.9 C
1767632635.88	373	47.3 C
1767632636.88	374	28.3 C
1767632637.88	375	15.9 C
1767632638.88	376	35.3 C
1767632639.88	377	35.2 C
1767632640.88	378	36.5 C
1767632641.88	379	43.0 C
1767632642.88	380	26.2 C
1767632643.88	381	38.9 C
1767632644.88	382	31.7 C
1767632645.88	383	38.7 C
1767632646.89	384	36.3 C
1767632647.89	385	10.2 C
1767632648.89	386	43.4 C
1767632649.89	387	3.6 C
1767632650.89	388	36.1 C
1767632651.89	389	35.4 C
1767632652.89	390	35.1 C
1767632653.89	391	34.6 C
1767632654.89	392	28.1 C
1767632655.89	393	29.5 C
1767632656.89	394	27.3 C
1767632657.89	395	20.3 C
1767632658.89	396	21.7 C
1767632659.89	397	15.3 C
1767632660.89	398	27.1 C
1767632661.89	399	22.2 C
1767632662.89	400	27.2 C
1767632663.89	401	32.2 C
1767632664.89	402	17.5 C
1767632665.89	403	18.2 C
1767632666.89	404	37.3 C
1767632667.89	405	36.8 C
1767632668.89	406	43.6 C
1767632669.89	407	16.4 C
1767632670.89	408	32.5 C
1767632671.89	409	43.9 C
1767632672.89	410	22.3 C
1767632673.89	411	32.8 C
1767632674.89	412	16.0 C
1767632675.89	413	46.1 C
1767632676.89	414	27.5 C
1767632677.89	415	11.3 C
1767632678.89	416	27.9 C
1767632679.89	417	29.0 C
1767632680.89	418	29.0 C
1767632681.89	419	29.1 C
1767632682.90	420	21.3 C
1767632683.90	421	39.3 C
1767632684.90	422	41.4 C
1767632685.90	423	31.2 C
1767632686.90	424	31.7 C
1767632687.90	425	26.9 C
1767632688.90	426	37.0 C
1767632689.90	427	25.4 C
1767632690.90	428	22.3 C
1767632692.10	429	33.7 C
1767632692.90	430	40.2 C
1767632693.90	431	20.8 C
1767632694.90	432	10.0 C
1767632695.90	433	28.6 C
1767632696.90	434	33.2 C
1767632697.90	435	31.3 C
1767632698.90	436	12.3 C
1767632700.10	437	31.7 C
1767632700.90	438	28.9 C
1767632701.90	439	30.9 C
1767632702.90	440	20.4 C
1767632703.90	441	26.9 C
1767632704.90	442	15.2 C
1767632705.90	443	20.3 C
1767632706.90	444	36.2 C
1767632707.90	445	46.3 C
1767632708.90	446	22.9 C
1767632709.90	447	37.4 C
1767632710.90	448	46.2 C
1767632711.90	449	16.4 C
1767632713.10	450	33.6 C
1767632713.90	451	31.4 C
1767632714.90	452	41.1 C
1767632715.90	453	23.0 C
1767632716.90	454	43.4 C
1767632717.90	455	24.4 C
1767632718.91	456	15.4 C
1767632719.91	457	42.4 C
1767632720.91	458	30.1 C
1767632721.91	459	46.1 C
1767632722.91	460	16.5 C
1767632723.91	461	44.8 C
1767632724.91	462	24.8 C
1767632725.91	463	26.2 C
1767632726.91	464	28.7 C
1767632727.91	465	32.2 C
1767632728.91	466	24.1 C
1767632729.91	467	30.8 C
1767632730.91	468	50.8 C
1767632731.91	469	43.0 C
1767632732.91	470	31.9 C
1767632734.11	471	49.9 C
1767632734.91	472	40.9 C
1767632735.91	473	10.7 C
1767632736.91	474	28.3 C
1767632737.91	475	19.8 C
1767632738.91	476	28.7 C
1767632739.91	477	44.4 C
1767632740.91	478	39.4 C
1767632741.91	479	12.9 C
1767632742.91	480	43.3 C
1767632743.91	481	18.7 C
1767632744.91	482	29.1 C
1767632745.91	483	40.8 C
1767632746.91	484	33.5 C
1767632747.91	485	27.6 C
1767632748.91	486	21.6 C
1767632749.91	487	43.0 C
1767632750.91	488	34.7 C
1767632751.91	489	41.6 C
1767632752.91	490	24.4 C
1767632753.92	491	36.6 C
1767632754.92	492	30.1 C
1767632755.92	493	31.6 C
1767632756.92	494	37.8 C
1767632757.92	495	36.3 C
1767632758.92	496	19.8 C
1767632759.92	497	34.5 C
1767632760.92	498	28.0 C
1767632761.92	499	23.5 C
1767632762.92	500	35.4 C
1767632763.92	501	27.8 C
1767632764.92	502	22.8 C
1767632765.92	503	7.7 C
1767632766.92	504	40.5 C
1767632767.92	505	35.9 C
1767632768.92	506	37.8 C
1767632769.92	507	30.5 C
1767632770.92	508	18.3 C
1767632771.92	509	33.1 C
1767632772.92	510	32.4 C
1767632773.92	511	27.5 C
1767632774.92	512	28.6 C
1767632776.12	513	12.5 C
1767632776.92	514	35.5 C
1767632777.92	515	52.4 C
1767632778.92	516	36.2 C
1767632779.92	517	30.4 C
1767632780.92	518	27.2 C
1767632781.92	519	47.0 C
1767632782.92	520	45.3 C
1767632783.92	521	25.4 C
1767632784.92	522	28.1 C
1767632785.92	523	10.1 C
1767632786.92	524	23.4 C
1767632787.92	525	26.7 C
1767632788.92	526	30.8 C
1767632789.92	527	27.0 C
1767632790.93	528	25.1 C
1767632791.93	529	27.9 C
1767632792.93	530	36.3 C
1767632793.93	531	13.4 C
1767632794.93	532	31.4 C
1767632795.93	533	35.7 C
1767632796.93	534	25.6 C
1767632797.93	535	46.8 C
1767632798.93	536	31.9 C
1767632799.93	537	34.1 C
1767632800.93	538	1.6 C
1767632801.93	539	31.1 C
1767632802.93	540	19.9 C
1767632803.93	541	45.0 C
1767632804.93	542	32.9 C
1767632805.93	543	25.0 C
1767632806.93	544	32.4 C
1767632807.93	545	24.3 C
1767632808.93	546	41.6 C
1767632809.93	547	47.1 C
1767632810.93	548	27.8 C
1767632811.93	549	49.4 C
1767632812.93	550	22.3 C
1767632813.93	551	34.7 C
1767632814.93	552	45.9 C
1767632815.93	553	34.3 C
1767632816.93	554	33.9 C
1767632817.93	555	36.0 C
1767632818.93	556	21.8 C
1767632819.93	557	53.2 C
1767632820.93	558	26.1 C
1767632821.93	559	23.8 C
1767632822.93	560	17.4 C
1767632823.93	561	21.7 C
1767632824.93	562	25.2 C
1767632825.93	563	26.1 C
1767632826.94	564	35.7 C
1767632827.94	565	25.6 C
1767632828.94	566	24.8 C
1767632829.94	567	50.7 C
1767632830.94	568	28.1 C
1767632831.94	569	20.6 C
1767632832.94	570	34.6 C
1767632833.94	571	16.4 C
1767632835.14	572	32.0 C
1767632835.94	573	17.9 C
1767632836.94	574	29.2 C
1767632837.94	575	30.8 C
1767632838.94	576	37.9 C
1767632840.14	577	34.6 C
1767632840.94	578	27.8 C
1767632841.94	579	19.9 C
1767632842.94	580	22.5 C
1767632843.94	581	34.0 C
1767632844.94	582	30.1 C
1767632845.94	583	25.5 C
1767632846.94	584	29.0 C
1767632847.94	585	36.3 C
1767632848.94	586	33.4 C
1767632849.94	587	18.6 C
1767632850.94	588	24.7 C
1767632851.94	589	24.8 C
1767632852.94	590	22.5 C
1767632853.94	591	47.0 C
1767632854.94	592	24.6 C
1767632855.94	593	38.6 C
1767632856.94	594	33.1 C
1767632857.94	595	32.0 C
1767632858.94	596	40.8 C
1767632859.94	597	41.2 C
1767632860.94	598	32.3 C
1767632861.94	599	31.1 C
1767632862.95	600	31.7 C
1767632863.95	601	31.2 C
1767632864.95	602	24.3 C
1767632865.95	603	37.5 C
1767632866.95	604	18.9 C
1767632868.15	605	33.0 C
1767632869.15	606	21.9 C
1767632869.95	607	26.7 C
1767632870.95	608	26.5 C
1767632871.95	609	30.5 C
1767632872.95	610	23.1 C
1767632873.95	611	53.3 C
1767632874.95	612	31.0 C
1767632875.95	613	29.0 C
1767632876.95	614	25.7 C
1767632877.95	615	33.1 C
1767632878.95	616	28.4 C
1767632879.95	617	10.5 C
1767632880.95	618	36.8 C
1767632881.95	619	24.5 C
1767632882.95	620	40.1 C
1767632883.95	621	49.4 C
1767632884.95	622	21.5 C
1767632885.95	623	47.3 C
1767632886.95	624	35.6 C
1767632887.95	625	23.8 C
1767632888.95	626	29.2 C
1767632889.95	627	29.1 C
1767632890.95	628	42.9 C
1767632891.95	629	28.7 C
1767632892.95	630	29.7 C
1767632893.95	631	17.3 C
1767632894.95	632	34.2 C
1767632895.95	633	23.3 C
1767632896.95	634	34.5 C
1767632897.95	635	51.8 C
1767632898.96	636	23.1 C
1767632899.96	637	21.4 C
1767632900.96	638	39.3 C
1767632901.96	639	33.6 C
1767632902.96	640	31.9 C
1767632903.96	641	46.2 C
1767632904.96	642	33.6 C
1767632905.96	643	24.3 C
1767632906.96	644	34.4 C
1767632907.96	645	41.0 C
1767632908.96	646	43.4 C
1767632909.96	647	30.4 C
1767632910.96	648	28.0 C
1767632911.96	649	30.6 C
1767632912.96	650	36.9 C
1767632914.16	651	14.6 C
1767632914.96	652	24.8 C
1767632915.96	653	32.0 C
1767632916.96	654	31.6 C
1767632917.96	655	42.1 C
1767632918.96	656	30.1 C
1767632919.96	657	28.3 C
1767632920.96	658	22.2 C
1767632921.96	659	50.7 C
1767632922.96	660	17.3 C
1767632923.96	661	10.1 C
1767632924.96	662	37.1 C
1767632925.96	663	37.4 C
1767632926.96	664	33.6 C
1767632927.96	665	13.0 C
1767632928.96	666	32.2 C
1767632929.96	667	34.0 C
1767632930.96	668	42.3 C
1767632931.96	669	26.3 C
1767632932.96	670	41.4 C
1767632933.96	671	15.5 C
1767632934.96	672	40.6 C
1767632935.96	673	33.9 C
1767632936.97	674	44.8 C
1767632937.97	675	22.8 C
1767632938.97	676	23.6 C
1767632939.97	677	24.8 C
1767632940.97	678	19.5 C
1767632941.97	679	33.3 C
1767632942.97	680	33.0 C
1767632943.97	681	31.0 C
1767632944.97	682	22.5 C
1767632945.97	683	35.9 C
1767632946.97	684	33.1 C
1767632947.97	685	13.6 C
1767632948.97	686	34.7 C
1767632949.97	687	31.2 C
1767632950.97	688	34.9 C
1767632951.97	689	38.7 C
1767632953.01	690	11.8 C
1767632953.97	691	10.8 C
1767632954.97	692	37.3 C
1767632955.97	693	29.7 C
1767632956.97	694	49.4 C
1767632957.97	695	41.4 C
1767632958.97	696	12.7 C
1767632959.97	697	43.1 C
1767632960.97	698	49.4 C
1767632961.97	699	17.0 C
1767632962.97	700	31.3 C
1767632963.97	701	19.6 C
1767632964.97	702	31.3 C
1767632965.97	703	28.9 C
1767632966.97	704	39.7 C
1767632967.97	705	25.1 C
1767632968.97	706	35.7 C
1767632969.97	707	53.3 C
1767632970.98	708	32.7 C
1767632971.98	709	9.5 C
1767632972.98	710	26.1 C
1767632973.98	711	39.9 C
1767632974.98	712	38.9 C
1767632975.98	713	28.4 C
1767632976.98	714	39.1 C
1767632977.98	715	41.3 C
1767632978.98	716	25.7 C
1767632979.98	717	33.5 C
1767632980.98	718	42.0 C
1767632981.98	719	44.0 C
1767632982.98	720	14.1 C
1767632983.98	721	40.6 C
1767632984.98	722	26.2 C
1767632985.98	723	38.9 C
1767632986.98	724	17.0 C
1767632987.98	725	38.3 C
1767632988.98	726	23.7 C
1767632989.98	727	32.3 C
1767632990.98	728	39.2 C
1767632991.98	729	29.2 C
1767632992.98	730	22.3 C
1767632993.98	731	36.6 C
1767632994.98	732	22.5 C
1767632995.98	733	30.7 C
1767632996.98	734	29.0 C
1767632997.98	735	20.0 C
1767632998.98	736	32.2 C
1767632999.98	737	39.3 C
1767633000.98	738	42.9 C
1767633001.98	739	27.9 C
1767633002.98	740	26.4 C
1767633003.98	741	26.8 C
1767633004.98	742	26.9 C
1767633005.99	743	26.5 C
1767633006.99	744	32.2 C
1767633007.99	745	33.6 C
1767633008.99	746	44.1 C
1767633009.99	747	41.5 C
1767633010.99	748	22.3 C
1767633011.99	749	22.5 C
1767633012.99	750	20.1 C
1767633013.99	751	41.7 C
1767633014.99	752	40.3 C
1767633015.99	753	18.4 C
1767633016.99	754	53.1 C
1767633017.99	755	18.0 C
1767633018.99	756	27.0 C
1767633019.99	757	19.9 C
1767633020.99	758	34.7 C
1767633021.99	759	34.9 C
1767633022.99	760	36.6 C
1767633023.99	761	48.6 C
1767633024.99	762	32.5 C
1767633025.99	763	42.0 C
1767633026.99	764	42.2 C
1767633027.99	765	22.4 C
1767633028.99	766	28.2 C
1767633029.99	767	39.0 C
1767633030.99	768	39.3 C
1767633031.99	769	35.7 C
1767633032.99	770	45.4 C
1767633033.99	771	34.2 C
1767633034.99	772	15.8 C
1767633035.99	773	38.4 C
1767633037.19	774	31.3 C
1767633037.99	775	32.8 C
1767633038.99	776	46.7 C
1767633039.99	777	18.1 C
1767633040.99	778	38.7 C
1767633041.99	779	28.5 C
1767633043.00	780	22.1 C
1767633044.00	781	23.4 C
1767633045.00	782	29.1 C
1767633046.00	783	32.3 C
1767633047.00	784	33.9 C
1767633048.00	785	31.0 C
1767633049.00	786	31.1 C
1767633050.00	787	15.6 C
1767633051.00	788	32.1 C
1767633052.00	789	38.1 C
1767633053.00	790	44.4 C
1767633054.00	791	9.9 C
1767633055.00	792	40.4 C
1767633056.00	793	24.8 C
1767633057.00	794	4.1 C
1767633058.00	795	52.6 C
1767633059.00	796	32.5 C
1767633060.00	797	15.8 C
1767633061.00	798	30.8 C
1767633062.00	799	43.5 C
1767633063.00	800	16.7 C
1767633064.00	801	18.3 C
1767633065.00	802	16.9 C
1767633066.00	803	23.7 C
1767633067.00	804	26.2 C
1767633068.00	805	44.6 C
1767633069.00	806	31.7 C
1767633070.00	807	15.7 C
1767633071.00	808	39.5 C
1767633072.00	809	21.4 C
1767633073.00	810	28.2 C
1767633074.00	811	31.9 C
1767633075.00	812	38.5 C
1767633076.00	813	31.1 C
1767633077.00	814	27.8 C
1767633078.01	815	9.7 C
1767633079.01	816	11.0 C
1767633080.01	817	49.4 C
1767633081.01	818	26.5 C
1767633082.01	819	22.8 C
1767633083.01	820	26.4 C
1767633084.01	821	39.1 C
1767633085.01	822	24.5 C
1767633086.01	823	23.6 C
1767633087.01	824	20.3 C
1767633088.01	825	26.0 C
1767633089.01	826	37.1 C
1767633090.01	827	44.7 C
1767633091.01	828	39.5 C
1767633092.01	829	28.7 C
1767633093.01	830	32.2 C
1767633094.01	831	44.1 C
1767633095.01	832	44.6 C
1767633096.01	833	42.9 C
1767633097.01	834	43.0 C
1767633098.01	835	11.2 C
1767633099.01	836	39.5 C
1767633100.01	837	35.0 C
1767633101.01	838	27.4 C
1767633102.01	839	4.8 C
1767633103.01	840	33.0 C
1767633104.01	841	27.5 C
1767633105.01	842	28.9 C
1767633106.01	843	23.8 C
1767633107.01	844	30.3 C
1767633108.01	845	32.5 C
1767633109.01	846	19.4 C
1767633110.01	847	31.8 C
1767633111.01	848	26.7 C
1767633112.01	849	43.7 C
1767633113.01	850	34.4 C
1767633114.01	851	21.5 C
1767633115.02	852	18.5 C
1767633116.21	853	26.6 C
1767633117.02	854	22.4 C
1767633118.02	855	23.5 C
1767633119.02	856	21.9 C
1767633120.02	857	17.3 C
1767633121.02	858	28.0 C
1767633122.02	859	38.5 C
1767633123.02	860	31.5 C
1767633124.02	861	44.7 C
1767633125.02	862	30.4 C
1767633126.02	863	28.7 C
1767633127.02	864	19.5 C
1767633128.02	865	7.1 C
1767633129.02	866	43.5 C
1767633130.02	867	30.3 C
1767633131.02	868	37.1 C
1767633132.02	869	26.0 C
1767633133.02	870	31.2 C
1767633134.02	871	22.2 C
1767633135.02	872	32.9 C
1767633136.02	873	17.9 C
1767633137.02	874	34.8 C
1767633138.02	875	43.6 C
1767633139.02	876	1.2 C
1767633140.02	877	33.8 C
1767633141.02	878	34.6 C
1767633142.02	879	28.4 C
1767633143.02	880	34.5 C
1767633144.02	881	25.0 C
1767633145.02	882	42.8 C
1767633146.02	883	24.0 C
1767633147.02	884	34.2 C
1767633148.02	885	22.2 C
1767633149.02	886	33.9 C
1767633150.02	887	33.6 C
1767633151.03	888	21.8 C
1767633152.03	889	35.5 C
1767633153.03	890	30.3 C
1767633154.03	891	6.3 C
1767633155.03	892	38.2 C
1767633156.03	893	31.9 C
1767633157.03	894	7.9 C
1767633158.03	895	29.4 C
1767633159.03	896	53.9 C
1767633160.03	897	10.9 C
1767633161.03	898	31.8 C
1767633162.03	899	11.8 C
1767633163.03	900	51.1 C
1767633164.03	901	40.8 C
1767633165.03	902	35.1 C
1767633166.03	903	41.1 C
1767633167.03	904	36.3 C
1767633168.03	905	29.9 C
1767633169.03	906	44.2 C
1767633170.03	907	20.0 C
1767633171.03	908	17.6 C
1767633172.03	909	30.9 C
1767633173.03	910	38.7 C
1767633174.03	911	27.9 C
1767633175.03	912	32.6 C
1767633176.03	913	22.9 C
1767633177.03	914	9.9 C
1767633178.03	915	42.6 C
1767633179.03	916	36.8 C
1767633180.03	917	39.1 C
1767633181.03	918	32.4 C
1767633182.03	919	20.8 C
1767633183.03	920	41.5 C
1767633184.03	921	45.3 C
1767633185.04	922	33.0 C
1767633186.04	923	27.5 C
1767633187.04	924	31.5 C
1767633188.04	925	31.1 C
1767633189.04	926	41.7 C
1767633190.04	927	25.6 C
1767633191.04	928	26.4 C
1767633192.04	929	35.4 C
1767633193.04	930	38.1 C
1767633194.04	931	25.8 C
1767633195.04	932	29.5 C
1767633196.04	933	29.1 C
1767633197.04	934	42.2 C
1767633198.04	935	31.8 C
1767633199.04	936	21.8 C
1767633200.04	937	43.8 C
1767633201.04	938	28.2 C
1767633202.04	939	10.3 C
1767633203.04	940	37.8 C
1767633204.04	941	35.4 C
1767633205.04	942	47.9 C
1767633206.04	943	27.5 C
1767633207.04	944	26.2 C
1767633208.04	945	41.3 C
1767633209.04	946	28.7 C
1767633210.04	947	32.8 C
1767633211.04	948	44.9 C
1767633212.04	949	44.9 C
1767633213.04	950	39.2 C
1767633214.04	951	42.5 C
1767633215.04	952	39.9 C
1767633216.04	953	41.0 C
1767633217.04	954	40.1 C
1767633218.05	955	44.8 C
1767633219.05	956	34.5 C
1767633220.05	957	23.7 C
1767633221.05	958	37.9 C
1767633222.05	959	29.4 C
1767633223.05	960	53.6 C
1767633224.05	961	39.8 C
1767633225.25	962	37.4 C
1767633226.05	963	32.4 C
1767633227.05	964	21.0 C
1767633228.05	965	28.6 C
1767633229.05	966	34.7 C
1767633230.05	967	19.7 C
1767633231.05	968	35.4 C
1767633232.05	969	41.6 C
1767633233.05	970	36.1 C
1767633234.05	971	39.9 C
1767633235.05	972	5.3 C
1767633236.05	973	48.5 C
1767633237.05	974	28.4 C
1767633238.05	975	28.0 C
1767633239.05	976	24.0 C
1767633240.05	977	32.4 C
1767633241.05	978	31.9 C
1767633242.05	979	18.9 C
1767633243.05	980	13.5 C
1767633244.05	981	23.0 C
1767633245.05	982	19.9 C
1767633246.05	983	28.3 C
1767633247.05	984	46.6 C
1767633248.05	985	41.9 C
1767633249.05	986	38.0 C
1767633250.05	987	32.6 C
1767633251.05	988	23.0 C
1767633252.05	989	40.4 C
1767633253.06	990	44.2 C
1767633254.05	991	32.2 C
1767633255.05	992	28.9 C
1767633256.06	993	42.7 C
1767633257.06	994	28.3 C
1767633258.06	995	36.7 C
1767633259.06	996	36.7 C
1767633260.06	997	36.4 C
1767633261.06	998	32.1 C
1767633262.06	999	37.8 C
1767633263.06	1000	30.3 C
1767633264.06	1001	38.4 C
1767633265.06	1002	31.9 C
1767633266.06	1003	4.5 C
1767633267.06	1004	37.8 C
1767633268.06	1005	42.1 C
1767633269.06	1006	26.5 C
1767633270.26	1007	26.1 C
1767633271.06	1008	16.1 C
1767633272.06	1009	53.9 C
1767633273.06	1010	30.4 C
1767633274.06	1011	34.9 C
1767633275.06	1012	32.7 C
1767633276.06	1013	25.9 C
1767633277.06	1014	17.5 C
1767633278.06	1015	21.3 C
1767633279.06	1016	42.5 C
1767633280.06	1017	27.0 C
1767633281.06	1018	12.2 C
1767633282.06	1019	42.2 C
1767633283.06	1020	41.3 C
1767633284.06	1021	42.5 C
1767633285.06	1022	44.1 C
1767633286.06	1023	38.3 C
1767633287.06	1024	14.0 C
1767633288.06	1025	39.7 C
1767633289.06	1026	29.0 C
1767633290.06	1027	18.9 C
