1775223197.72	0	9
1775223197.94	0	9
1775223197.96	0	9
1775223197.97	0	9
1775223198.00	0	9
1775223198.01	0	9
1775223198.07	0	9
1775223198.08	0	9
1775223198.19	0	9
1775223198.26	0	9
1775223198.29	0	9
1775223198.37	0	9
1775223198.39	0	9
1775223198.43	0	9
1775223198.46	0	9
1775223198.50	0	9
1775223198.51	0	9
1775223198.56	0	9
1775223198.57	0	9
1775223198.63	0	9
1775223198.65	0	9
1775223198.67	0	9
1775223198.77	0	9
1775223198.79	0	9
1775223198.87	0	9
1775223198.88	0	9
1775223198.94	0	9
1775223198.96	0	9
1775223199.04	0	9
1775223199.05	0	9
1775223199.10	0	9
1775223199.12	0	9
1775223199.14	0	9
1775223199.16	0	9
1775223199.17	0	9
1775223199.20	0	9
1775223199.22	0	9
1775223199.27	0	9
1775223199.29	0	9
1775223199.35	0	9
1775223199.37	0	9
1775223199.40	0	9
1775223199.42	0	9
1775223199.43	0	9
1775223199.48	0	9
1775223199.49	0	9
1775223199.50	0	9
1775223199.55	0	9
1775223199.56	0	9
1775223199.57	0	9
1775223199.62	0	9
1775223199.63	0	9
1775223199.64	0	9
1775223199.65	0	9
1775223199.73	0	9
1775223199.78	0	9
1775223199.81	0	9
1775223199.84	0	9
1775223199.87	0	9
1775223199.89	0	9
1775223201.12	1	405
1775223201.22	2	184
1775223201.30	3	142
1775223201.38	4	40
1775223201.46	5	282
1775223201.48	6	192
1775223201.56	7	209
1775223201.66	8	149
1775223201.72	9	49
1775223201.75	10	311
1775223201.88	11	371
1775223201.95	12	234
1775223202.02	13	220
1775223202.10	14	117
1775223202.20	15	253
1775223202.23	16	121
1775223202.31	17	53
1775223202.39	18	149
1775223202.42	19	500
1775223202.49	20	282
1775223202.58	21	77
1775223202.73	22	34
1775223202.78	23	182
1775223202.89	24	344
1775223202.92	25	88
1775223202.95	26	9
1775223211.57	27	9
1775223220.18	28	286
1775223220.26	29	251
1775223220.35	30	248
1775223220.38	31	92
1775223220.45	32	239
1775223220.54	33	252
1775223220.58	34	496
1775223220.64	35	494
1775223220.73	36	75
1775223220.82	37	87
1775223220.90	38	435
1775223220.97	39	446
1775223221.08	40	37
1775223221.15	41	291
1775223221.17	42	15
1775223221.25	43	398
1775223221.33	44	123
1775223221.37	45	9
1775223224.06	46	123
1775223224.14	47	295
1775223224.22	48	393
1775223224.30	49	138
1775223224.34	50	331
1775223224.40	51	115
1775223224.54	52	484
1775223224.59	53	387
1775223224.72	54	218
1775223224.79	55	210
1775223224.86	56	151
1775223224.89	57	302
1775223224.98	58	47
1775223225.11	59	202
1775223225.18	60	404
1775223225.26	61	139
1775223225.31	62	56
1775223225.36	63	176
1775223225.65	64	66
1775223225.71	65	117
1775223225.77	66	342
1775223225.83	67	9
1775223232.34	68	3
1775223232.40	69	397
1775223232.48	70	491
1775223232.55	71	297
1775223232.63	72	90
1775223232.73	73	103
1775223232.81	74	93
1775223232.85	75	145
1775223232.90	76	215
1775223233.01	77	156
1775223233.06	78	276
1775223233.12	79	136
1775223233.20	80	410
1775223233.23	81	213
1775223233.44	82	250
1775223233.55	83	107
1775223233.59	84	256
1775223233.67	85	147
1775223233.74	86	9
1775223235.92	87	9
1775223241.03	88	414
1775223241.15	89	425
1775223241.18	90	396
1775223241.31	91	65
1775223241.38	92	90
1775223241.40	93	175
1775223241.45	94	170
1775223241.52	95	246
1775223241.60	96	202
1775223241.65	97	290
1775223241.74	98	172
1775223241.81	99	441
1775223241.89	100	80
1775223242.01	101	261
1775223242.08	102	48
1775223242.21	103	50
1775223242.27	104	430
1775223242.35	105	434
1775223242.53	106	129
1775223242.56	107	3
1775223242.60	108	497
1775223242.68	109	302
1775223242.72	110	312
1775223242.80	111	330
1775223242.88	112	9
1775223245.36	113	9
1775223246.49	114	9
1775223248.33	115	9
1775223250.29	116	9
1775223254.21	117	9
1775223255.98	118	9
1775223257.75	119	390
1775223257.82	120	112
1775223257.90	121	172
1775223257.96	122	342
1775223258.03	123	46
1775223258.09	124	386
1775223258.17	125	395
1775223258.22	126	363
1775223258.30	127	330
1775223258.36	128	450
1775223258.49	129	177
1775223258.58	130	10
1775223258.63	131	14
1775223258.71	132	458
1775223258.77	133	488
1775223258.84	134	500
1775223258.91	135	316
1775223259.03	136	143
1775223259.06	137	9
1775223259.15	138	495
1775223259.18	139	437
1775223259.28	140	48
1775223259.33	141	465
1775223259.38	142	211
1775223259.46	143	273
1775223259.51	144	9
1775223263.31	145	9
1775223268.17	146	9
1775223270.24	147	140
1775223270.38	148	106
1775223270.41	149	31
1775223270.49	150	325
1775223270.58	151	429
1775223270.59	152	283
1775223270.65	153	154
1775223270.73	154	26
1775223270.79	155	341
1775223270.86	156	457
1775223270.94	157	28
1775223271.00	158	232
1775223271.07	159	374
1775223271.14	160	315
1775223271.21	161	443
1775223271.33	162	35
1775223271.40	163	242
1775223271.54	164	151
1775223271.65	165	9
1775223277.38	166	31
1775223277.51	167	395
1775223277.57	168	16
1775223277.64	169	476
1775223277.75	170	230
1775223277.78	171	316
1775223277.85	172	144
1775223277.91	173	110
1775223277.99	174	234
1775223278.05	175	173
1775223278.13	176	309
1775223278.26	177	239
1775223278.32	178	471
1775223278.38	179	225
1775223278.46	180	201
1775223278.51	181	9
1775223288.11	182	430
1775223288.19	183	453
1775223288.24	184	504
1775223288.37	185	68
1775223288.46	186	73
1775223288.60	187	7
1775223288.60	188	481
1775223288.73	189	417
1775223288.79	190	1
1775223288.85	191	433
1775223288.99	192	425
1775223289.05	193	365
1775223289.13	194	312
1775223289.26	195	388
1775223289.33	196	78
1775223289.38	197	9
1775223297.46	198	414
1775223297.58	199	153
1775223297.68	200	69
1775223297.79	201	77
1775223297.81	202	354
1775223297.89	203	198
1775223297.94	204	100
1775223297.99	205	300
1775223298.08	206	73
1775223298.21	207	375
1775223298.28	208	503
1775223298.40	209	457
1775223298.48	210	305
1775223298.57	211	413
1775223298.63	212	384
1775223298.68	213	7
1775223298.74	214	87
1775223298.80	215	428
1775223298.87	216	84
1775223298.93	217	503
1775223299.01	218	164
1775223299.09	219	393
1775223299.17	220	7
1775223299.27	221	93
1775223299.29	222	9
1775223303.73	223	9
1775223308.77	224	372
1775223308.90	226	374
1775223308.97	227	429
1775223309.05	228	116
1775223309.10	229	432
1775223309.18	230	253
1775223309.23	231	467
1775223309.37	232	324
1775223309.46	233	115
1775223309.57	234	466
1775223309.61	235	323
1775223309.70	236	134
1775223309.76	237	367
1775223309.79	238	363
1775223309.86	239	414
1775223309.93	240	492
1775223310.00	241	383
1775223310.05	242	502
1775223310.21	243	255
1775223310.26	244	15
1775223310.32	245	392
1775223310.40	246	289
1775223310.48	247	222
1775223310.57	248	223
1775223310.62	249	505
1775223310.68	250	503
1775223310.77	251	415
1775223310.80	252	167
1775223310.91	253	311
1775223310.94	254	9
1775223312.03	255	311
1775223312.11	256	33
1775223312.17	257	301
1775223312.24	258	297
1775223312.30	259	388
1775223312.36	260	489
1775223312.45	261	316
1775223312.50	262	269
1775223312.57	263	290
1775223312.64	264	41
1775223312.71	265	354
1775223312.76	266	158
1775223312.83	267	241
1775223312.92	268	419
1775223312.98	269	414
1775223313.04	270	264
1775223313.12	271	317
1775223313.18	272	221
1775223313.27	273	266
1775223313.35	274	189
1775223313.39	275	406
1775223313.45	276	9
1775223321.92	277	228
1775223322.07	278	83
1775223322.23	280	432
1775223322.33	281	361
1775223322.46	282	143
1775223322.55	283	476
1775223322.61	284	400
1775223322.68	285	217
1775223322.75	286	147
1775223322.82	287	357
1775223322.88	288	399
1775223322.98	289	129
1775223323.06	290	31
1775223323.10	291	7
1775223323.16	292	390
1775223323.23	293	315
1775223323.28	294	424
1775223323.36	295	261
1775223323.50	296	408
1775223323.55	297	387
1775223323.62	298	301
1775223323.69	299	290
1775223323.75	300	489
1775223323.82	301	115
1775223323.89	302	472
1775223323.97	303	433
1775223324.08	304	9
1775223325.14	305	9
1775223329.58	306	9
1775223334.63	307	60
1775223334.70	308	338
1775223334.83	309	376
1775223334.89	310	223
1775223334.97	311	63
1775223335.03	312	222
1775223335.10	313	464
1775223335.17	314	194
1775223335.24	315	174
1775223335.31	316	440
1775223335.42	317	465
1775223335.49	318	229
1775223335.52	319	450
1775223335.60	320	452
1775223335.64	321	282
1775223335.73	322	445
1775223335.77	323	319
1775223335.85	324	189
1775223335.92	325	305
1775223335.97	326	217
1775223336.06	327	240
1775223336.10	328	9
1775223344.48	329	9
1775223349.90	330	9
1775223355.69	331	450
1775223355.82	332	354
1775223355.87	333	64
1775223355.94	334	380
1775223356.01	335	117
1775223356.10	336	288
1775223356.15	337	104
1775223356.23	338	425
1775223356.35	339	260
1775223356.47	340	129
1775223356.54	341	133
1775223356.60	342	214
1775223356.67	343	321
1775223356.71	344	118
1775223356.75	345	204
1775223356.82	346	416
1775223356.89	347	326
1775223356.96	348	239
1775223357.02	349	109
1775223357.10	350	135
1775223357.17	351	503
1775223357.22	352	9
1775223360.86	353	64
1775223360.90	354	312
1775223360.93	355	425
1775223360.98	356	176
1775223361.02	357	299
1775223361.07	358	126
1775223361.16	359	492
1775223361.21	360	39
1775223361.29	361	70
1775223361.32	362	85
1775223361.40	363	221
1775223361.46	364	212
1775223361.60	365	431
1775223361.66	366	23
1775223361.76	367	149
1775223361.82	368	245
1775223361.90	369	430
1775223361.92	370	238
1775223362.00	371	258
1775223362.06	372	31
1775223362.15	373	24
1775223362.19	374	9
1775223366.76	375	9
1775223372.58	376	9
1775223374.21	377	9
1775223379.27	378	9
1775223383.62	379	425
1775223383.75	380	485
1775223383.81	381	506
1775223383.89	382	271
1775223384.08	383	296
1775223384.10	384	396
1775223384.12	385	306
1775223384.20	386	159
1775223384.27	387	53
1775223384.30	388	48
1775223384.37	389	59
1775223384.45	390	349
1775223384.52	391	460
1775223384.61	392	284
1775223384.67	393	276
1775223384.70	394	392
1775223384.78	395	341
1775223384.82	396	9
1775223386.04	397	376
1775223386.13	398	75
1775223386.17	399	491
1775223386.24	400	509
1775223386.30	401	38
1775223386.37	402	157
1775223386.44	403	386
1775223386.53	404	238
1775223386.61	405	207
1775223386.66	406	19
1775223386.72	407	306
1775223386.79	408	449
1775223386.90	409	190
1775223386.93	410	355
1775223387.02	411	200
1775223387.06	412	252
1775223387.13	413	37
1775223387.20	414	281
1775223387.27	415	108
1775223387.33	416	208
1775223387.43	417	83
1775223387.47	418	40
1775223387.54	419	179
1775223387.59	420	206
1775223387.65	421	9
1775223394.41	422	150
1775223394.47	423	493
1775223394.54	424	141
1775223394.60	425	395
1775223394.90	426	240
1775223394.94	427	454
1775223395.00	428	237
1775223395.13	429	403
1775223395.20	430	209
1775223395.36	431	322
1775223395.43	432	9
1775223395.50	433	53
1775223395.57	434	161
1775223395.65	435	185
1775223395.77	436	25
1775223395.82	437	482
1775223395.89	438	164
1775223396.02	439	62
1775223396.07	440	37
1775223396.15	441	504
1775223396.20	442	375
1775223396.30	443	381
1775223396.32	444	174
1775223396.37	445	9
1775223401.03	446	218
1775223401.11	447	150
1775223401.15	448	82
1775223401.21	449	479
1775223401.37	450	308
1775223401.41	451	194
1775223401.49	452	177
1775223401.55	453	140
1775223401.63	454	397
1775223401.79	455	328
1775223401.81	456	187
1775223401.86	457	345
1775223401.92	458	272
1775223401.97	459	94
1775223402.03	460	383
1775223402.11	461	422
1775223402.16	462	420
1775223402.22	463	438
1775223402.35	464	44
1775223402.43	465	232
1775223402.45	466	411
1775223402.51	467	9
1775223404.21	468	9
1775223409.36	469	9
1775223412.70	470	402
1775223412.76	471	366
1775223412.81	472	465
1775223412.88	473	324
1775223412.95	474	134
1775223413.01	475	145
1775223413.07	476	401
1775223413.16	477	133
1775223413.21	478	404
1775223413.33	479	23
1775223413.39	480	223
1775223413.43	481	460
1775223413.50	482	377
1775223413.58	483	59
1775223413.67	484	238
1775223413.70	485	419
1775223413.78	486	226
1775223413.84	487	249
1775223413.91	488	109
1775223413.99	489	388
1775223414.07	490	27
1775223414.19	491	286
1775223414.27	492	370
1775223414.39	493	311
1775223414.41	494	287
1775223414.49	495	197
1775223414.55	496	184
1775223414.66	497	9
1775223417.91	498	345
1775223417.97	499	397
1775223418.11	500	315
1775223418.17	501	304
1775223418.23	502	369
1775223418.32	503	163
1775223418.37	504	211
1775223418.45	505	147
1775223418.64	506	352
1775223418.72	507	9
1775223418.78	508	280
1775223418.89	509	338
1775223418.94	510	412
1775223419.07	511	295
1775223419.13	512	305
1775223419.25	513	191
1775223419.32	514	320
1775223419.40	515	428
1775223419.46	516	441
1775223419.53	517	301
1775223419.59	518	184
1775223419.68	519	28
1775223419.72	520	196
1775223419.85	521	458
1775223419.92	522	9
1775223427.43	523	166
1775223427.50	524	301
1775223427.57	525	36
1775223427.68	526	374
1775223427.75	527	390
1775223427.76	528	491
1775223427.84	529	157
1775223427.90	530	156
1775223427.96	531	78
1775223428.04	532	339
1775223428.09	533	182
1775223428.24	534	453
1775223428.32	535	56
1775223428.37	536	67
1775223428.51	537	24
1775223428.65	538	381
1775223428.71	539	221
1775223428.76	540	98
1775223428.85	541	265
1775223428.92	542	130
1775223428.98	543	94
1775223429.12	544	272
1775223429.14	545	452
1775223429.27	546	73
1775223429.32	547	195
1775223429.44	548	451
1775223429.51	549	434
1775223429.57	550	9
1775223430.76	551	9
1775223436.49	552	9
1775223444.37	553	9
1775223447.20	554	403
1775223447.35	555	231
1775223447.43	556	99
1775223447.50	557	61
1775223447.62	558	76
1775223447.65	559	192
1775223447.72	560	184
1775223447.80	561	36
1775223447.83	562	146
1775223447.90	563	35
1775223447.96	564	233
1775223448.01	565	233
1775223448.09	566	490
1775223448.15	567	233
1775223448.22	568	269
1775223448.30	569	6
1775223448.44	571	374
1775223448.48	572	479
1775223448.56	573	465
1775223448.66	574	192
1775223448.70	575	234
1775223448.78	576	464
1775223448.82	577	9
1775223455.77	578	9
1775223462.46	579	100
1775223462.48	580	302
1775223462.55	581	451
1775223462.61	582	341
1775223462.67	583	159
1775223462.76	584	189
1775223462.84	585	207
1775223462.89	586	218
1775223462.96	587	145
1775223463.07	588	77
1775223463.15	589	462
1775223463.31	590	149
1775223463.37	591	318
1775223463.42	592	42
1775223463.52	593	214
1775223463.59	594	493
1775223463.63	595	74
1775223463.76	596	254
1775223463.83	597	309
1775223463.90	598	89
1775223463.96	599	201
1775223464.04	600	239
1775223464.10	601	9
1775223467.95	602	223
1775223468.01	603	313
1775223468.14	604	241
1775223468.24	605	361
1775223468.30	606	60
1775223468.45	607	308
1775223468.48	608	385
1775223468.59	609	470
1775223468.63	610	327
1775223468.70	611	256
1775223468.75	612	381
1775223468.90	613	397
1775223468.97	614	464
1775223469.02	615	76
1775223469.08	616	437
1775223469.15	617	435
1775223469.22	618	363
1775223469.30	619	119
1775223469.38	620	240
1775223469.50	621	264
1775223469.58	622	508
1775223469.68	623	490
1775223469.71	624	221
1775223469.77	625	480
1775223469.83	626	317
1775223469.91	627	132
1775223469.97	628	167
1775223470.03	629	137
1775223470.12	630	377
1775223470.19	631	155
1775223470.23	632	9
1775223471.88	633	9
1775223478.69	634	27
1775223478.90	635	424
1775223478.97	636	188
1775223479.05	637	385
1775223479.09	638	290
1775223479.25	639	73
1775223479.31	640	58
1775223479.38	641	180
1775223479.51	642	317
1775223479.57	643	134
1775223479.75	645	145
1775223479.85	646	369
1775223479.90	647	9
1775223485.46	648	263
1775223485.50	649	438
1775223485.64	650	170
1775223485.73	651	5
1775223485.87	652	73
1775223485.89	653	25
1775223485.92	654	98
1775223486.02	655	171
1775223486.07	656	29
1775223486.19	657	311
1775223486.27	658	442
1775223486.33	659	291
1775223486.40	660	101
1775223486.48	661	267
1775223486.59	662	91
1775223486.59	663	9
1775223490.14	664	9
1775223497.42	665	9
1775223507.29	666	9
1775223512.19	667	9
1775223521.40	668	9
1775223523.83	669	9
1775223530.11	670	9
1775223534.81	671	55
1775223534.88	672	203
1775223534.94	673	102
1775223535.03	674	258
1775223535.06	675	146
1775223535.13	676	403
1775223535.23	677	463
1775223535.31	678	102
1775223535.36	679	211
1775223535.42	680	84
1775223535.52	681	430
1775223535.61	682	52
1775223535.72	683	278
1775223535.77	684	93
1775223535.83	685	16
1775223535.91	686	28
1775223536.03	687	451
1775223536.08	688	9
1775223537.23	689	9
1775223546.61	690	418
1775223546.68	691	271
1775223546.74	692	12
1775223546.82	693	160
1775223546.89	694	23
1775223546.95	695	297
1775223547.01	696	61
1775223547.09	697	426
1775223547.15	698	494
1775223547.21	699	457
1775223547.28	700	154
1775223547.34	701	187
1775223547.42	702	206
1775223547.54	703	411
1775223547.61	704	153
1775223547.71	705	246
1775223547.77	706	424
1775223547.82	707	9
1775223553.75	708	9
1775223556.91	709	413
1775223556.98	710	384
1775223557.05	711	368
1775223557.12	712	60
1775223557.21	713	35
1775223557.29	714	107
1775223557.33	715	244
1775223557.43	716	275
1775223557.46	717	153
1775223557.53	718	454
1775223557.58	719	284
1775223557.73	720	462
1775223557.83	721	60
1775223557.86	722	464
1775223557.94	723	136
1775223557.95	724	460
1775223558.01	725	204
1775223558.09	726	315
1775223558.16	727	416
1775223558.23	728	291
1775223558.26	729	272
1775223558.41	730	491
1775223558.47	731	55
1775223558.56	732	277
1775223558.64	733	0
1775223558.70	734	291
1775223558.78	735	230
1775223558.85	736	107
1775223558.88	737	354
1775223558.94	738	50
1775223559.04	739	490
1775223559.09	740	9
1775223564.09	741	444
1775223564.18	742	125
1775223564.23	743	335
1775223564.31	744	302
1775223564.37	745	27
1775223564.42	746	272
1775223564.52	747	400
1775223564.60	748	294
1775223564.72	749	170
1775223564.78	750	499
1775223564.80	751	340
1775223564.92	752	34
1775223564.99	753	485
1775223565.05	754	236
1775223565.11	755	346
1775223565.19	756	102
1775223565.24	757	292
1775223565.31	758	445
1775223565.39	759	70
1775223565.45	760	429
1775223565.58	761	286
1775223565.59	762	76
1775223565.68	763	160
1775223565.83	764	356
1775223565.92	765	63
1775223565.99	766	9
1775223574.69	767	257
1775223574.77	768	428
1775223574.85	769	325
1775223574.90	770	24
1775223575.03	771	395
1775223575.11	772	190
1775223575.18	773	146
1775223575.24	774	404
1775223575.33	775	176
1775223575.39	776	337
1775223575.46	777	277
1775223575.55	778	133
1775223575.74	779	333
1775223575.76	780	139
1775223575.82	781	300
1775223575.83	782	290
1775223575.88	783	91
1775223575.93	784	52
1775223576.01	785	279
1775223576.08	786	128
1775223576.17	787	299
1775223576.24	788	295
1775223576.33	789	301
1775223576.40	790	202
1775223576.48	791	170
1775223576.53	792	291
1775223576.68	793	298
1775223576.71	794	138
1775223576.77	795	104
1775223576.80	796	9
1775223586.39	797	9
1775223595.04	798	491
1775223595.12	799	381
1775223595.17	800	473
1775223595.24	801	396
1775223595.32	802	190
1775223595.40	803	364
1775223595.46	804	268
1775223595.52	805	208
1775223595.60	806	84
1775223595.65	807	494
1775223595.77	808	114
1775223595.80	809	327
1775223595.87	810	447
1775223595.94	811	27
1775223596.01	812	1
1775223596.15	813	109
1775223596.17	814	287
1775223596.27	815	90
1775223596.30	816	201
1775223596.35	817	95
1775223596.39	818	279
1775223596.45	819	344
1775223596.53	820	9
1775223605.91	821	78
1775223606.05	823	99
1775223606.13	824	322
1775223606.23	825	85
1775223606.33	826	199
1775223606.45	827	42
1775223606.52	828	326
1775223606.59	829	383
1775223606.66	830	204
1775223606.73	831	133
1775223606.79	832	442
1775223606.90	833	246
1775223606.92	834	427
1775223607.03	835	42
1775223607.07	836	213
1775223607.13	837	108
1775223607.19	838	9
1775223611.35	839	9
1775223619.34	840	118
1775223619.46	841	188
1775223619.52	842	103
1775223619.58	843	437
1775223619.66	844	374
1775223619.73	845	12
1775223619.80	846	490
1775223619.86	847	122
1775223620.01	848	242
1775223620.06	849	79
1775223620.13	850	137
1775223620.20	851	317
1775223620.30	852	80
1775223620.36	853	16
1775223620.53	854	439
1775223620.58	855	146
1775223620.62	856	117
1775223620.70	857	256
1775223620.74	858	86
1775223620.81	859	289
1775223620.90	860	403
1775223620.99	861	177
1775223621.04	862	511
1775223621.12	863	171
1775223621.18	864	18
1775223621.25	865	55
1775223621.30	866	452
1775223621.36	867	509
1775223621.51	868	448
1775223621.63	869	371
1775223621.69	870	146
1775223621.78	871	135
1775223621.89	872	314
1775223621.97	873	297
1775223622.01	874	9
1775223630.14	875	232
1775223630.28	876	256
1775223630.34	877	269
1775223630.40	878	336
1775223630.48	879	451
1775223630.70	880	287
1775223630.81	881	231
1775223630.88	882	157
1775223630.95	883	29
1775223631.11	884	216
1775223631.19	885	195
1775223631.26	886	82
1775223631.31	887	254
1775223631.37	888	288
1775223631.43	889	268
1775223631.51	890	206
1775223631.56	891	47
1775223631.64	892	9
1775223631.72	893	412
1775223631.78	894	9
1775223638.61	895	479
1775223638.68	896	460
1775223638.75	897	76
1775223638.82	898	159
1775223639.02	900	271
1775223639.15	901	383
1775223639.17	902	53
1775223639.25	903	405
1775223639.36	904	282
1775223639.44	905	385
1775223639.52	906	148
1775223639.58	907	493
1775223639.63	908	303
1775223639.70	909	405
1775223639.78	910	335
1775223639.86	911	82
1775223639.92	912	64
1775223639.98	913	502
1775223640.05	914	252
1775223640.12	915	357
1775223640.16	916	9
1775223647.36	917	9
1775223652.61	918	268
1775223652.68	919	223
1775223652.77	920	178
1775223652.86	921	263
1775223652.96	922	422
1775223652.98	923	270
1775223653.05	924	411
1775223653.21	925	451
1775223653.28	926	195
1775223653.36	927	505
1775223653.44	928	109
1775223653.56	929	132
1775223653.62	930	484
1775223653.71	931	31
1775223653.76	932	507
1775223653.84	933	239
1775223653.90	934	436
1775223653.96	935	355
1775223654.09	936	201
1775223654.23	937	392
1775223654.30	938	322
1775223654.37	939	186
1775223654.42	940	9
1775223663.92	941	146
1775223664.01	942	239
1775223664.07	943	42
1775223664.20	944	211
1775223664.27	945	416
1775223664.33	946	106
1775223664.39	947	23
1775223664.46	948	81
1775223664.55	949	78
1775223664.61	950	218
1775223664.68	951	61
1775223664.74	952	213
1775223664.80	953	249
1775223664.95	954	246
1775223665.00	955	212
1775223665.08	956	52
1775223665.14	957	157
1775223665.20	958	20
1775223665.27	959	336
1775223665.33	960	321
1775223665.41	961	220
1775223665.49	962	49
1775223665.55	963	449
1775223665.60	964	395
1775223665.68	965	358
1775223665.74	966	171
1775223665.89	967	78
1775223665.94	968	284
1775223666.01	969	505
1775223666.13	970	414
1775223666.21	971	7
1775223666.33	972	109
1775223666.34	973	9
1775223672.75	974	484
1775223672.81	975	61
1775223672.90	976	366
1775223673.01	977	29
1775223673.06	978	183
1775223673.12	979	251
1775223673.15	980	39
1775223673.22	981	74
1775223673.28	982	269
1775223673.37	983	382
1775223673.43	984	221
1775223673.51	985	245
1775223673.60	986	362
1775223673.62	987	501
1775223673.68	988	128
1775223673.75	989	330
1775223673.91	990	79
1775223673.99	991	481
1775223674.10	992	81
1775223674.15	993	110
1775223674.21	994	257
1775223674.29	995	308
1775223674.35	996	9
1775223678.75	997	9
1775223685.57	998	9
1775223693.84	999	476
1775223693.89	1000	334
1775223693.97	1001	62
1775223694.04	1002	380
1775223694.10	1003	292
1775223694.29	1004	466
1775223694.32	1005	34
1775223694.41	1006	339
1775223694.45	1007	22
1775223694.52	1008	82
1775223694.61	1009	507
1775223694.66	1010	287
1775223694.75	1011	304
1775223694.83	1012	510
1775223694.85	1013	294
1775223694.92	1014	419
1775223695.02	1015	64
1775223695.08	1016	187
1775223695.16	1017	502
1775223695.23	1018	110
1775223695.25	1019	9
1775223704.86	1020	9
1775223710.04	1021	9
1775223717.29	1022	287
1775223717.40	1023	212
1775223717.43	1024	414
1775223717.57	1025	72
1775223717.62	1026	191
1775223717.70	1027	60
1775223717.76	1028	454
1775223717.83	1029	495
1775223718.01	1031	144
1775223718.06	1032	304
1775223718.10	1033	12
1775223718.24	1034	17
1775223718.31	1035	303
1775223718.37	1036	493
1775223718.43	1037	406
1775223718.50	1038	122
1775223718.63	1039	466
1775223718.70	1040	196
1775223718.78	1041	19
1775223718.85	1042	332
1775223718.91	1043	414
1775223718.97	1044	379
1775223719.05	1045	282
1775223719.12	1046	460
1775223719.16	1047	9
1775223721.98	1048	137
1775223722.04	1049	252
1775223722.12	1050	37
1775223722.21	1051	219
1775223722.29	1052	14
1775223722.36	1053	397
1775223722.48	1054	209
1775223722.56	1055	272
1775223722.63	1056	159
1775223722.70	1057	114
1775223722.83	1058	421
1775223722.87	1059	151
1775223722.95	1060	390
1775223722.98	1061	255
1775223723.04	1062	272
1775223723.11	1063	478
1775223723.16	1064	39
1775223723.25	1065	369
1775223723.31	1066	390
1775223723.38	1067	151
1775223723.43	1068	371
1775223723.51	1069	219
1775223723.64	1070	187
1775223723.70	1071	424
1775223723.78	1072	27
1775223723.84	1073	253
1775223723.89	1074	9
1775223731.53	1075	426
1775223731.59	1076	249
1775223731.66	1077	205
1775223731.74	1078	231
1775223731.81	1079	363
1775223731.87	1080	217
1775223731.93	1081	332
1775223732.00	1082	425
1775223732.13	1083	244
1775223732.20	1084	156
1775223732.29	1085	104
1775223732.40	1086	161
1775223732.48	1087	349
1775223732.56	1088	308
1775223732.62	1089	75
1775223732.69	1090	447
1775223732.82	1091	31
1775223732.93	1092	200
1775223732.93	1093	9
17751775223902.26	0	176
1775223902.27	1	211
1775223902.37	2	120
1775223902.37	3	2
1775223902.42	4	207
1775223902.49	5	9
1775223902.71	5	9
1775223902.72	5	9
1775223902.72	5	9
1775223902.73	5	9
1775223902.76	5	9
1775223902.77	5	9
1775223902.78	5	9
1775223902.79	5	9
1775223902.80	5	9
1775223902.81	5	9
1775223902.87	5	9
1775223902.87	5	9
1775223902.88	5	9
1775223902.89	5	9
1775223902.90	5	9
1775223902.93	5	9
1775223902.95	5	9
1775223902.96	5	9
1775223902.97	5	9
1775223903.03	5	9
1775223903.04	5	9
1775223903.05	5	9
1775223903.08	5	9
1775223903.09	5	9
1775223903.11	5	9
1775223903.16	5	9
1775223903.18	5	9
1775223903.22	5	9
1775223903.24	5	9
1775223903.28	5	9
1775223903.31	5	9
1775223903.37	5	9
1775223903.45	5	9
1775223903.66	5	9
1775223903.70	5	9
1775223903.74	5	9
1775223903.79	5	9
1775223903.84	5	9
1775223903.89	5	9
1775223903.92	5	9
1775223903.99	5	9
1775223904.04	5	9
1775223904.07	5	9
1775223904.12	5	9
1775223904.14	5	9
1775223904.19	5	9
1775223904.22	5	9
1775223904.28	5	9
1775223904.31	5	9
1775223904.36	5	9
1775223904.50	5	9
1775223904.55	5	9
1775223904.63	5	9
1775223904.65	5	9
1775223904.70	5	9
1775223904.74	5	9
1775223904.77	5	9
1775223904.82	5	9
1775223904.88	5	9
1775223904.92	5	9
1775223904.95	5	9
1775223904.99	5	9
1775223905.04	5	9
1775223905.08	5	9
1775223905.15	5	9
1775223905.17	5	9
1775223905.24	5	9
1775223905.30	5	9
1775223905.33	5	9
1775223905.40	5	9
1775223905.48	5	9
1775223905.56	5	9
1775223905.65	5	9
1775223905.72	5	9
1775223905.78	5	9
1775223905.81	5	9
1775223905.85	5	9
1775223905.91	5	9
1775223905.94	5	9
1775223906.01	5	9
1775223906.13	5	9
1775223906.17	5	9
1775223906.22	5	9
1775223906.30	5	9
1775223906.32	5	9
1775223906.39	5	9
1775223906.44	5	9
1775223906.47	5	9
1775223906.52	5	9
1775223906.56	5	9
1775223906.60	5	9
1775223906.62	5	9
1775223906.66	5	9
1775223906.70	5	9
1775223906.72	5	9
1775223906.78	5	9
1775223906.85	5	9
1775223906.89	5	9
1775223906.96	5	9
1775223906.98	5	9
1775223907.06	5	9
1775223907.11	5	9
1775223907.13	5	9
1775223907.16	5	9
1775223907.18	5	9
1775223907.24	5	9
1775223907.27	5	9
1775223907.30	5	9
1775223907.35	5	9
1775223907.41	5	9
1775223907.43	5	9
1775223907.48	5	9
1775223907.54	5	9
1775223907.65	5	9
1775223907.72	5	9
1775223907.85	5	9
1775223907.88	5	9
1775223907.93	5	9
1775223907.99	5	9
1775223908.02	5	9
1775223908.07	5	9
1775223908.12	5	9
1775223908.14	5	9
1775223908.18	5	9
1775223908.21	6	9
1775223908.44	6	9
1775223908.48	6	9
1775223908.51	6	9
1775223908.56	6	9
1775223908.62	6	9
1775223908.69	6	9
1775223908.72	6	9
1775223908.75	6	9
1775223908.80	6	9
1775223908.84	6	9
1775223908.98	6	9
1775223909.08	6	9
1775223909.10	6	9
1775223909.13	6	9
1775223909.15	6	9
1775223909.16	6	9
1775223909.22	6	9
1775223909.28	6	9
1775223909.31	6	9
1775223909.35	6	9
1775223909.41	6	9
1775223909.50	6	9
1775223909.55	6	9
1775223909.61	6	9
1775223909.66	6	9
1775223909.74	6	9
1775223909.80	6	9
1775223909.83	6	9
1775223909.89	6	9
1775223909.95	6	9
1775223910.00	6	9
1775223910.05	6	9
1775223910.08	6	9
1775223910.13	6	9
1775223910.18	6	9
1775223910.21	6	9
1775223910.27	6	9
1775223910.37	6	9
1775223910.51	7	294
1775223910.62	8	346
1775223910.70	9	422
1775223910.78	10	432
1775223910.87	11	226
1775223910.96	12	176
1775223911.19	13	76
1775223911.27	14	495
1775223911.46	15	413
1775223911.54	16	401
1775223911.63	17	230
1775223911.79	18	137
1775223911.85	19	510
1775223911.95	20	128
1775223912.03	21	92
1775223912.14	22	415
1775223912.20	23	194
1775223912.30	24	147
1775223912.54	25	117
1775223912.62	26	426
1775223912.74	27	53
1775223912.93	28	451
1775223912.97	29	468
1775223913.08	30	425
1775223913.18	31	368
1775223913.21	32	9
1775223913.42	32	9
1775223913.51	32	9
1775223913.58	32	9
1775223913.63	32	9
1775223913.68	32	9
1775223913.71	32	9
1775223913.76	32	9
1775223913.78	32	9
1775223913.84	32	9
1775223913.88	32	9
1775223913.91	32	9
1775223913.97	32	9
1775223914.00	32	9
1775223914.04	32	9
1775223914.09	32	9
1775223914.12	32	9
1775223914.17	32	9
1775223914.20	32	9
1775223914.26	32	9
1775223914.30	32	9
1775223914.32	32	9
1775223914.37	32	9
1775223914.39	32	9
1775223914.44	32	9
1775223914.50	32	9
1775223914.51	32	9
1775223914.56	