1775223197.72	0	[60.000000, 24.000000]
1775223197.94	0	[60.000000, 24.000000]
1775223197.96	0	[60.000000, 24.000000]
1775223197.96	0	[60.000000, 24.000000]
1775223198.00	0	[60.000000, 24.000000]
1775223198.01	0	[60.000000, 24.000000]
1775223198.07	0	[60.000000, 24.000000]
1775223198.08	0	[60.000000, 24.000000]
1775223198.19	0	[60.000000, 24.000000]
1775223198.25	0	[60.000000, 24.000000]
1775223198.29	0	[60.000000, 24.000000]
1775223198.37	0	[60.000000, 24.000000]
1775223198.39	0	[60.000000, 24.000000]
1775223198.43	0	[60.000000, 24.000000]
1775223198.45	0	[60.000000, 24.000000]
1775223198.50	0	[60.000000, 24.000000]
1775223198.51	0	[60.000000, 24.000000]
1775223198.56	0	[60.000000, 24.000000]
1775223198.57	0	[60.000000, 24.000000]
1775223198.63	0	[60.000000, 24.000000]
1775223198.65	0	[60.000000, 24.000000]
1775223198.67	0	[60.000000, 24.000000]
1775223198.76	0	[60.000000, 24.000000]
1775223198.79	0	[60.000000, 24.000000]
1775223198.87	0	[60.000000, 24.000000]
1775223198.88	0	[60.000000, 24.000000]
1775223198.94	0	[60.000000, 24.000000]
1775223198.96	0	[60.000000, 24.000000]
1775223199.04	0	[60.000000, 24.000000]
1775223199.05	0	[60.000000, 24.000000]
1775223199.10	0	[60.000000, 24.000000]
1775223199.12	0	[60.000000, 24.000000]
1775223199.14	0	[60.000000, 24.000000]
1775223199.15	0	[60.000000, 24.000000]
1775223199.17	0	[60.000000, 24.000000]
1775223199.20	0	[60.000000, 24.000000]
1775223199.22	0	[60.000000, 24.000000]
1775223199.26	0	[60.000000, 24.000000]
1775223199.27	0	[60.000000, 24.000000]
1775223199.35	0	[60.000000, 24.000000]
1775223199.37	0	[60.000000, 24.000000]
1775223199.40	0	[60.000000, 24.000000]
1775223199.42	0	[60.000000, 24.000000]
1775223199.43	0	[60.000000, 24.000000]
1775223199.48	0	[60.000000, 24.000000]
1775223199.49	0	[60.000000, 24.000000]
1775223199.55	0	[60.000000, 24.000000]
1775223199.56	0	[60.000000, 24.000000]
1775223199.57	0	[60.000000, 24.000000]
1775223199.62	0	[60.000000, 24.000000]
1775223199.63	0	[60.000000, 24.000000]
1775223199.64	0	[60.000000, 24.000000]
1775223199.65	0	[60.000000, 24.000000]
1775223199.66	0	[60.000000, 24.000000]
1775223199.76	0	[60.000000, 24.000000]
1775223199.81	0	[60.000000, 24.000000]
1775223199.83	0	[60.000000, 24.000000]
1775223199.87	0	[60.000000, 24.000000]
1775223199.89	0	[60.000000, 24.000000]
1775223199.90	0	[60.000000, 24.000000]
1775223200.00	0	[60.000000, 24.000000]
1775223200.01	0	[60.000000, 24.000000]
1775223200.02	0	[60.000000, 24.000000]
1775223200.03	0	[60.000000, 24.000000]
1775223200.05	0	[60.000000, 24.000000]
1775223200.06	0	[60.000000, 24.000000]
1775223200.07	0	[60.000000, 24.000000]
1775223200.10	0	[60.000000, 24.000000]
1775223200.12	0	[60.000000, 24.000000]
1775223200.13	0	[60.000000, 24.000000]
1775223200.14	0	[60.000000, 24.000000]
1775223200.16	0	[60.000000, 24.000000]
1775223200.17	0	[60.000000, 24.000000]
1775223200.19	0	[60.000000, 24.000000]
1775223200.20	0	[60.000000, 24.000000]
1775223200.28	0	[60.000000, 24.000000]
1775223200.30	0	[60.000000, 24.000000]
1775223200.32	0	[60.000000, 24.000000]
1775223200.34	0	[60.000000, 24.000000]
1775223200.41	0	[60.000000, 24.000000]
1775223200.43	0	[60.000000, 24.000000]
1775223200.46	0	[60.000000, 24.000000]
1775223200.47	0	[60.000000, 24.000000]
1775223200.54	0	[60.000000, 24.000000]
1775223200.55	0	[60.000000, 24.000000]
1775223200.56	0	[60.000000, 24.000000]
1775223200.57	0	[60.000000, 24.000000]
1775223200.60	0	[60.000000, 24.000000]
1775223200.61	0	[60.000000, 24.000000]
1775223200.62	0	[60.000000, 24.000000]
1775223200.62	0	[60.000000, 24.000000]
1775223200.68	0	[60.000000, 24.000000]
1775223200.70	0	[60.000000, 24.000000]
1775223200.71	0	[60.000000, 24.000000]
1775223200.72	0	[60.000000, 24.000000]
1775223200.73	0	[60.000000, 24.000000]
1775223200.75	0	[60.000000, 24.000000]
1775223200.76	0	[60.000000, 24.000000]
1775223200.77	0	[60.000000, 24.000000]
1775223200.78	0	[60.000000, 24.000000]
1775223200.78	0	[60.000000, 24.000000]
1775223200.79	0	[60.000000, 24.000000]
1775223200.79	0	[60.000000, 24.000000]
1775223200.83	0	[60.000000, 24.000000]
1775223200.84	0	[60.000000, 24.000000]
11775224071.34	0	[60.000000, 24.000000]
1775224071.55	0	[60.000000, 24.000000]
1775224071.55	0	[60.000000, 24.000000]
1775224071.56	0	[60.000000, 24.000000]
1775224071.58	0	[60.000000, 24.000000]
1775224071.59	0	[60.000000, 24.000000]
1775224071.60	0	[60.000000, 24.000000]
1775224071.69	0	[60.000000, 24.000000]
1775224071.71	0	[60.000000, 24.000000]
1775224071.74	0	[60.000000, 24.000000]
1775224071.77	0	[60.000000, 24.000000]
1775224071.91	0	[60.000000, 24.000000]
1775224072.03	0	[60.000000, 24.000000]
1775224072.09	0	[60.000000, 24.000000]
1775224072.11	0	[60.000000, 24.000000]
1775224072.15	0	[60.000000, 24.000000]
1775224072.17	0	[60.000000, 24.000000]
1775224072.24	0	[60.000000, 24.000000]
1775224072.31	0	[60.000000, 24.000000]
1775224072.36	0	[60.000000, 24.000000]
1775224072.42	0	[60.000000, 24.000000]
1775224072.48	0	[60.000000, 24.000000]
1775224072.54	0	[60.000000, 24.000000]
1775224072.60	0	[60.000000, 24.000000]
1775224072.66	0	[60.000000, 24.000000]
1775224072.70	0	[60.000000, 24.000000]
1775224072.74	0	[60.000000, 24.000000]
1775224072.78	0	[60.000000, 24.000000]
1775224072.86	0	[60.000000, 24.000000]
1775224073.01	0	[60.000000, 24.000000]
1775224073.19	0	[60.000000, 24.000000]
1775224073.31	0	[60.000000, 24.000000]
1775224073.35	0	[60.000000, 24.000000]
1775224073.43	0	[60.000000, 24.000000]
1775224073.52	0	[60.000000, 24.000000]
1775224073.68	0	[60.000000, 24.000000]
1775224073.76	0	[60.000000, 24.000000]
1775224073.82	0	[60.000000, 24.000000]
1775224074.05	0	[60.000000, 24.000000]
1775224074.40	0	[60.000000, 24.000000]
1775224074.72	0	[60.000000, 24.000000]
1775224074.85	0	[60.000000, 24.000000]
1775224074.92	0	[60.000000, 24.000000]
1775224075.01	0	[60.000000, 24.000000]
1775224075.16	0	[60.000000, 24.000000]
1775224075.24	0	[60.000000, 24.000000]
1775224075.38	0	[60.000000, 24.000000]
1775224075.45	0	[60.000000, 24.000000]
1775224075.54	0	[60.000000, 24.000000]
1775224075.74	0	[60.000000, 24.000000]
1775224075.98	0	[60.000000, 24.000000]
1775224076.09	0	[60.000000, 24.000000]
1775224076.14	0	[60.000000, 24.000000]
1775224076.27	0	[60.000000, 24.000000]
1775224076.30	0	[60.000000, 24.000000]
1775224076.41	0	[60.000000, 24.000000]
1775224076.49	0	[60.000000, 24.000000]
1775224076.61	0	[60.000000, 24.000000]
1775224076.70	0	[60.000000, 24.000000]
1775224076.82	0	[60.000000, 24.000000]
1775224076.89	0	[60.000000, 24.000000]
1775224077.03	0	[60.000000, 24.000000]
1775224077.10	0	[60.000000, 24.000000]
1775224077.15	0	[60.000000, 24.000000]
1775224077.37	0	[60.000000, 24.000000]
1775224077.48	0	[60.000000, 24.000000]
1775224077.52	0	[60.000000, 24.000000]
1775224077.59	0	[60.000000, 24.000000]
1775224077.64	0	[60.000000, 24.000000]
1775224077.66	0	[60.000000, 24.000000]
1775224077.70	0	[60.000000, 24.000000]
1775224077.72	0	[60.000000, 24.000000]
1775224077.79	0	[60.000000, 24.000000]
1775224077.80	0	[60.000000, 24.000000]
1775224077.85	0	[60.000000, 24.000000]
1775224077.88	0	[60.000000, 24.000000]
1775224077.90	0	[60.000000, 24.000000]
1775224077.95	0	[60.000000, 24.000000]
1775224078.00	0	[60.000000, 24.000000]
1775224078.04	0	[60.000000, 24.000000]
1775224078.06	0	[60.000000, 24.000000]
1775224078.09	0	[60.000000, 24.000000]
1775224078.14	0	[60.000000, 24.000000]
1775224078.18	0	[60.000000, 24.000000]
1775224078.25	0	[60.000000, 24.000000]
1775224078.29	0	[60.000000, 24.000000]
1775224078.32	0	[60.000000, 24.000000]
1775224078.36	0	[60.000000, 24.000000]
1775224078.53	0	[60.000000, 24.000000]
1775224078.59	0	[60.000000, 24.000000]
1775224078.61	0	[60.000000, 24.000000]
1775224078.67	0	[60.000000, 24.000000]
1775224078.74	0	[60.000000, 24.000000]
1775224078.79	0	[60.000000, 24.000000]
1775224078.85	0	[60.000000, 24.000000]
1775224078.90	0	[60.000000, 24.000000]
1775224078.97	0	[60.000000, 24.000000]
1775224079.07	0	[60.000000, 24.000000]
1775224079.10	0	[60.000000, 24.000000]
1775224079.13	0	[60.000000, 24.000000]
1775224079.14	0	[60.000000, 24.000000]
1775224079.19	0	[60.000000, 24.000000]
1775224079.21	0	[60.000000, 24.000000]
1775224079.25	0	[60.000000, 24.000000]
1775224079.27	0	[60.000000, 24.000000]
1