This file contains any messages produced by compilers while
running configure, to aid debugging if configure makes a mistake.

It was created by iot configure 0.7, which was
generated by GNU Autoconf 2.71.  Invocation command line was

  $ ./configure

## --------- ##
## Platform. ##
## --------- ##

hostname = mehraj-rahman-B550GTA
uname -m = x86_64
uname -r = 6.8.0-51-generic
uname -s = Linux
uname -v = #52-Ubuntu SMP PREEMPT_DYNAMIC Thu Dec  5 13:09:44 UTC 2024

/usr/bin/uname -p = x86_64
/bin/uname -X     = unknown

/bin/arch              = x86_64
/usr/bin/arch -k       = unknown
/usr/convex/getsysinfo = unknown
/usr/bin/hostinfo      = unknown
/bin/machine           = unknown
/usr/bin/oslevel       = unknown
/bin/universe          = unknown

PATH: /home/mehraj-rahman/.local/bin/
PATH: /home/mehraj-rahman/.nvm/versions/node/v22.12.0/bin/
PATH: /home/mehraj-rahman/.local/bin/
PATH: /home/mehraj-rahman/.local/bin/
PATH: /usr/local/sbin/
PATH: /usr/local/bin/
PATH: /usr/sbin/
PATH: /usr/bin/
PATH: /sbin/
PATH: /bin/
PATH: /usr/games/
PATH: /usr/local/games/
PATH: /snap/bin/
PATH: /snap/bin/


## ----------- ##
## Core tests. ##
## ----------- ##

configure:2963: looking for aux files: config.guess config.sub ltmain.sh compile ar-lib missing install-sh
configure:2976:  trying ./
configure:3005:   ./config.guess found
configure:3005:   ./config.sub found
configure:3005:   ./ltmain.sh found
configure:3005:   ./compile found
configure:3005:   ./ar-lib found
configure:3005:   ./missing found
configure:2987:   ./install-sh found
configure:3134: checking for a BSD-compatible install
configure:3207: result: /usr/bin/install -c
configure:3218: checking whether build environment is sane
configure:3273: result: yes
configure:3308: WARNING: 'missing' script is too old or missing
configure:3432: checking for a race-free mkdir -p
configure:3476: result: /usr/bin/mkdir -p
configure:3483: checking for gawk
configure:3504: found /usr/bin/gawk
configure:3515: result: gawk
configure:3526: checking whether make sets $(MAKE)
configure:3549: result: yes
configure:3579: checking whether make supports nested variables
configure:3597: result: yes
configure:3745: checking whether make supports nested variables
configure:3763: result: yes
configure:3788: checking whether make supports the include directive
configure:3803: make -f confmf.GNU && cat confinc.out
this is the am__doit target
configure:3806: $? = 0
configure:3825: result: yes (GNU style)
configure:3901: checking for gcc
configure:3922: found /usr/bin/gcc
configure:3933: result: gcc
configure:4286: checking for C compiler version
configure:4295: gcc --version >&5
gcc (Ubuntu 13.3.0-6ubuntu2~24.04) 13.3.0
Copyright (C) 2023 Free Software Foundation, Inc.
This is free software; see the source for copying conditions.  There is NO
warranty; not even for MERCHANTABILITY or FITNESS FOR A PARTICULAR PURPOSE.

configure:4306: $? = 0
configure:4295: gcc -v >&5
Using built-in specs.
COLLECT_GCC=gcc
COLLECT_LTO_WRAPPER=/usr/libexec/gcc/x86_64-linux-gnu/13/lto-wrapper
OFFLOAD_TARGET_NAMES=nvptx-none:amdgcn-amdhsa
OFFLOAD_TARGET_DEFAULT=1
Target: x86_64-linux-gnu
Configured with: ../src/configure -v --with-pkgversion='Ubuntu 13.3.0-6ubuntu2~24.04' --with-bugurl=file:///usr/share/doc/gcc-13/README.Bugs --enable-languages=c,ada,c++,go,d,fortran,objc,obj-c++,m2 --prefix=/usr --with-gcc-major-version-only --program-suffix=-13 --program-prefix=x86_64-linux-gnu- --enable-shared --enable-linker-build-id --libexecdir=/usr/libexec --without-included-gettext --enable-threads=posix --libdir=/usr/lib --enable-nls --enable-bootstrap --enable-clocale=gnu --enable-libstdcxx-debug --enable-libstdcxx-time=yes --with-default-libstdcxx-abi=new --enable-libstdcxx-backtrace --enable-gnu-unique-object --disable-vtable-verify --enable-plugin --enable-default-pie --with-system-zlib --enable-libphobos-checking=release --with-target-system-zlib=auto --enable-objc-gc=auto --enable-multiarch --disable-werror --enable-cet --with-arch-32=i686 --with-abi=m64 --with-multilib-list=m32,m64,mx32 --enable-multilib --with-tune=generic --enable-offload-targets=nvptx-none=/build/gcc-13-fG75Ri/gcc-13-13.3.0/debian/tmp-nvptx/usr,amdgcn-amdhsa=/build/gcc-13-fG75Ri/gcc-13-13.3.0/debian/tmp-gcn/usr --enable-offload-defaulted --without-cuda-driver --enable-checking=release --build=x86_64-linux-gnu --host=x86_64-linux-gnu --target=x86_64-linux-gnu --with-build-config=bootstrap-lto-lean --enable-link-serialization=2
Thread model: posix
Supported LTO compression algorithms: zlib zstd
gcc version 13.3.0 (Ubuntu 13.3.0-6ubuntu2~24.04) 
... rest of stderr output deleted ...
configure:4306: $? = 0
configure:4295: gcc -V >&5
gcc: error: unrecognized command-line option '-V'
gcc: fatal error: no input files
compilation terminated.
configure:4306: $? = 1
configure:4295: gcc -qversion >&5
gcc: error: unrecognized command-line option '-qversion'; did you mean '--version'?
gcc: fatal error: no input files
compilation terminated.
configure:4306: $? = 1
configure:4295: gcc -version >&5
gcc: error: unrecognized command-line option '-version'
gcc: fatal error: no input files
compilation terminated.
configure:4306: $? = 1
configure:4326: checking whether the C compiler works
configure:4348: gcc    conftest.c  >&5
configure:4352: $? = 0
configure:4402: result: yes
configure:4405: checking for C compiler default output file name
configure:4407: result: a.out
configure:4413: checking for suffix of executables
configure:4420: gcc -o conftest    conftest.c  >&5
configure:4424: $? = 0
configure:4447: result: 
configure:4469: checking whether we are cross compiling
configure:4477: gcc -o conftest    conftest.c  >&5
configure:4481: $? = 0
configure:4488: ./conftest
configure:4492: $? = 0
configure:4507: result: no
configure:4512: checking for suffix of object files
configure:4535: gcc -c   conftest.c >&5
configure:4539: $? = 0
configure:4561: result: o
configure:4565: checking whether the compiler supports GNU C
configure:4585: gcc -c   conftest.c >&5
configure:4585: $? = 0
configure:4595: result: yes
configure:4606: checking whether gcc accepts -g
configure:4627: gcc -c -g  conftest.c >&5
configure:4627: $? = 0
configure:4671: result: yes
configure:4691: checking for gcc option to enable C11 features
configure:4706: gcc  -c -g -O2  conftest.c >&5
configure:4706: $? = 0
configure:4724: result: none needed
configure:4840: checking whether gcc understands -c and -o together
configure:4863: gcc -c conftest.c -o conftest2.o
configure:4866: $? = 0
configure:4863: gcc -c conftest.c -o conftest2.o
configure:4866: $? = 0
configure:4878: result: yes
configure:4897: checking dependency style of gcc
configure:5009: result: gcc3
configure:5080: checking for ar
configure:5101: found /usr/bin/ar
configure:5112: result: ar
configure:5138: checking the archiver (ar) interface
configure:5155: gcc -c -g -O2  conftest.c >&5
configure:5155: $? = 0
configure:5158: ar cru libconftest.a conftest.o >&5
ar: `u' modifier ignored since `D' is the default (see `U')
configure:5161: $? = 0
configure:5189: result: ar
configure:5242: checking build system type
configure:5257: result: x86_64-unknown-linux-gnu
configure:5277: checking host system type
configure:5291: result: x86_64-unknown-linux-gnu
configure:5332: checking how to print strings
configure:5359: result: printf
configure:5380: checking for a sed that does not truncate output
configure:5450: result: /usr/bin/sed
configure:5468: checking for grep that handles long lines and -e
configure:5532: result: /usr/bin/grep
configure:5537: checking for egrep
configure:5605: result: /usr/bin/grep -E
configure:5610: checking for fgrep
configure:5678: result: /usr/bin/grep -F
configure:5714: checking for ld used by gcc
configure:5782: result: /usr/bin/ld
configure:5789: checking if the linker (/usr/bin/ld) is GNU ld
configure:5805: result: yes
configure:5817: checking for BSD- or MS-compatible name lister (nm)
configure:5872: result: /usr/bin/nm -B
configure:6012: checking the name lister (/usr/bin/nm -B) interface
configure:6020: gcc -c -g -O2  conftest.c >&5
configure:6023: /usr/bin/nm -B "conftest.o"
configure:6026: output
0000000000000000 B some_variable
configure:6033: result: BSD nm
configure:6036: checking whether ln -s works
configure:6040: result: yes
configure:6048: checking the maximum length of command line arguments
configure:6180: result: 1572864
configure:6228: checking how to convert x86_64-unknown-linux-gnu file names to x86_64-unknown-linux-gnu format
configure:6269: result: func_convert_file_noop
configure:6276: checking how to convert x86_64-unknown-linux-gnu file names to toolchain format
configure:6297: result: func_convert_file_noop
configure:6304: checking for /usr/bin/ld option to reload object files
configure:6312: result: -r
configure:6391: checking for file
configure:6412: found /usr/bin/file
configure:6423: result: file
configure:6499: checking for objdump
configure:6520: found /usr/bin/objdump
configure:6531: result: objdump
configure:6563: checking how to recognize dependent libraries
configure:6764: result: pass_all
configure:6854: checking for dlltool
configure:6889: result: no
configure:6919: checking how to associate runtime and link libraries
configure:6947: result: printf %s\n
configure:7097: checking for archiver @FILE support
configure:7115: gcc -c -g -O2  conftest.c >&5
configure:7115: $? = 0
configure:7119: ar cr libconftest.a @conftest.lst >&5
configure:7122: $? = 0
configure:7127: ar cr libconftest.a @conftest.lst >&5
ar: conftest.o: No such file or directory
configure:7130: $? = 1
configure:7142: result: @
configure:7205: checking for strip
configure:7226: found /usr/bin/strip
configure:7237: result: strip
configure:7314: checking for ranlib
configure:7335: found /usr/bin/ranlib
configure:7346: result: ranlib
configure:7448: checking command to parse /usr/bin/nm -B output from gcc object
configure:7602: gcc -c -g -O2  conftest.c >&5
configure:7605: $? = 0
configure:7609: /usr/bin/nm -B conftest.o | /usr/bin/sed -n -e 's/^.*[	 ]\([ABCDGIRSTW][ABCDGIRSTW]*\)[	 ][	 ]*\([_A-Za-z][_A-Za-z0-9]*\)$/\1 \2 \2/p' | /usr/bin/sed '/ __gnu_lto/d' > conftest.nm
configure:7675: gcc -o conftest -g -O2   conftest.c conftstm.o >&5
configure:7678: $? = 0
configure:7716: result: ok
configure:7763: checking for sysroot
configure:7794: result: no
configure:7801: checking for a working dd
configure:7845: result: /usr/bin/dd
configure:7849: checking how to truncate binary pipes
configure:7865: result: /usr/bin/dd bs=4096 count=1
configure:8002: gcc -c -g -O2  conftest.c >&5
configure:8005: $? = 0
configure:8202: checking for mt
configure:8223: found /usr/bin/mt
configure:8234: result: mt
configure:8257: checking if mt is a manifest tool
configure:8264: mt '-?'
configure:8272: result: no
configure:8997: checking for stdio.h
configure:8997: gcc -c -g -O2  conftest.c >&5
configure:8997: $? = 0
configure:8997: result: yes
configure:8997: checking for stdlib.h
configure:8997: gcc -c -g -O2  conftest.c >&5
configure:8997: $? = 0
configure:8997: result: yes
configure:8997: checking for string.h
configure:8997: gcc -c -g -O2  conftest.c >&5
configure:8997: $? = 0
configure:8997: result: yes
configure:8997: checking for inttypes.h
configure:8997: gcc -c -g -O2  conftest.c >&5
configure:8997: $? = 0
configure:8997: result: yes
configure:8997: checking for stdint.h
configure:8997: gcc -c -g -O2  conftest.c >&5
configure:8997: $? = 0
configure:8997: result: yes
configure:8997: checking for strings.h
configure:8997: gcc -c -g -O2  conftest.c >&5
configure:8997: $? = 0
configure:8997: result: yes
configure:8997: checking for sys/stat.h
configure:8997: gcc -c -g -O2  conftest.c >&5
configure:8997: $? = 0
configure:8997: result: yes
configure:8997: checking for sys/types.h
configure:8997: gcc -c -g -O2  conftest.c >&5
configure:8997: $? = 0
configure:8997: result: yes
configure:8997: checking for unistd.h
configure:8997: gcc -c -g -O2  conftest.c >&5
configure:8997: $? = 0
configure:8997: result: yes
configure:9022: checking for dlfcn.h
configure:9022: gcc -c -g -O2  conftest.c >&5
configure:9022: $? = 0
configure:9022: result: yes
configure:9281: checking for objdir
configure:9297: result: .libs
configure:9561: checking if gcc supports -fno-rtti -fno-exceptions
configure:9580: gcc -c -g -O2  -fno-rtti -fno-exceptions conftest.c >&5
cc1: warning: command-line option '-fno-rtti' is valid for C++/D/ObjC++ but not for C
configure:9584: $? = 0
configure:9597: result: no
configure:9961: checking for gcc option to produce PIC
configure:9969: result: -fPIC -DPIC
configure:9977: checking if gcc PIC flag -fPIC -DPIC works
configure:9996: gcc -c -g -O2  -fPIC -DPIC -DPIC conftest.c >&5
configure:10000: $? = 0
configure:10013: result: yes
configure:10042: checking if gcc static flag -static works
configure:10071: result: yes
configure:10086: checking if gcc supports -c -o file.o
configure:10108: gcc -c -g -O2  -o out/conftest2.o conftest.c >&5
configure:10112: $? = 0
configure:10134: result: yes
configure:10142: checking if gcc supports -c -o file.o
configure:10190: result: yes
configure:10223: checking whether the gcc linker (/usr/bin/ld -m elf_x86_64) supports shared libraries
configure:11497: result: yes
configure:11534: checking whether -lc should be explicitly linked in
configure:11543: gcc -c -g -O2  conftest.c >&5
configure:11546: $? = 0
configure:11561: gcc -shared  -fPIC -DPIC conftest.o  -v -Wl,-soname -Wl,conftest -o conftest 2\>\&1 \| /usr/bin/grep  -lc  \>/dev/null 2\>\&1
configure:11564: $? = 0
configure:11578: result: no
configure:11738: checking dynamic linker characteristics
configure:12320: gcc -o conftest -g -O2   -Wl,-rpath -Wl,/foo conftest.c  >&5
configure:12320: $? = 0
configure:12571: result: GNU/Linux ld.so
configure:12693: checking how to hardcode library paths into programs
configure:12718: result: immediate
configure:13270: checking whether stripping libraries is possible
configure:13279: result: yes
configure:13321: checking if libtool supports shared libraries
configure:13323: result: yes
configure:13326: checking whether to build shared libraries
configure:13351: result: yes
configure:13354: checking whether to build static libraries
configure:13358: result: yes
configure:13451: checking for gcc
configure:13483: result: gcc
configure:13836: checking for C compiler version
configure:13845: gcc --version >&5
gcc (Ubuntu 13.3.0-6ubuntu2~24.04) 13.3.0
Copyright (C) 2023 Free Software Foundation, Inc.
This is free software; see the source for copying conditions.  There is NO
warranty; not even for MERCHANTABILITY or FITNESS FOR A PARTICULAR PURPOSE.

configure:13856: $? = 0
configure:13845: gcc -v >&5
Using built-in specs.
COLLECT_GCC=gcc
COLLECT_LTO_WRAPPER=/usr/libexec/gcc/x86_64-linux-gnu/13/lto-wrapper
OFFLOAD_TARGET_NAMES=nvptx-none:amdgcn-amdhsa
OFFLOAD_TARGET_DEFAULT=1
Target: x86_64-linux-gnu
Configured with: ../src/configure -v --with-pkgversion='Ubuntu 13.3.0-6ubuntu2~24.04' --with-bugurl=file:///usr/share/doc/gcc-13/README.Bugs --enable-languages=c,ada,c++,go,d,fortran,objc,obj-c++,m2 --prefix=/usr --with-gcc-major-version-only --program-suffix=-13 --program-prefix=x86_64-linux-gnu- --enable-shared --enable-linker-build-id --libexecdir=/usr/libexec --without-included-gettext --enable-threads=posix --libdir=/usr/lib --enable-nls --enable-bootstrap --enable-clocale=gnu --enable-libstdcxx-debug --enable-libstdcxx-time=yes --with-default-libstdcxx-abi=new --enable-libstdcxx-backtrace --enable-gnu-unique-object --disable-vtable-verify --enable-plugin --enable-default-pie --with-system-zlib --enable-libphobos-checking=release --with-target-system-zlib=auto --enable-objc-gc=auto --enable-multiarch --disable-werror --enable-cet --with-arch-32=i686 --with-abi=m64 --with-multilib-list=m32,m64,mx32 --enable-multilib --with-tune=generic --enable-offload-targets=nvptx-none=/build/gcc-13-fG75Ri/gcc-13-13.3.0/debian/tmp-nvptx/usr,amdgcn-amdhsa=/build/gcc-13-fG75Ri/gcc-13-13.3.0/debian/tmp-gcn/usr --enable-offload-defaulted --without-cuda-driver --enable-checking=release --build=x86_64-linux-gnu --host=x86_64-linux-gnu --target=x86_64-linux-gnu --with-build-config=bootstrap-lto-lean --enable-link-serialization=2
Thread model: posix
Supported LTO compression algorithms: zlib zstd
gcc version 13.3.0 (Ubuntu 13.3.0-6ubuntu2~24.04) 
... rest of stderr output deleted ...
configure:13856: $? = 0
configure:13845: gcc -V >&5
gcc: error: unrecognized command-line option '-V'
gcc: fatal error: no input files
compilation terminated.
configure:13856: $? = 1
configure:13845: gcc -qversion >&5
gcc: error: unrecognized command-line option '-qversion'; did you mean '--version'?
gcc: fatal error: no input files
compilation terminated.
configure:13856: $? = 1
configure:13845: gcc -version >&5
gcc: error: unrecognized command-line option '-version'
gcc: fatal error: no input files
compilation terminated.
configure:13856: $? = 1
configure:13860: checking whether the compiler supports GNU C
configure:13890: result: yes
configure:13901: checking whether gcc accepts -g
configure:13966: result: yes
configure:13986: checking for gcc option to enable C11 features
configure:14019: result: none needed
configure:14135: checking whether gcc understands -c and -o together
configure:14173: result: yes
configure:14192: checking dependency style of gcc
configure:14304: result: gcc3
configure:14388: checking for g++
configure:14409: found /usr/bin/g++
configure:14420: result: g++
configure:14447: checking for C++ compiler version
configure:14456: g++ --version >&5
g++ (Ubuntu 13.3.0-6ubuntu2~24.04) 13.3.0
Copyright (C) 2023 Free Software Foundation, Inc.
This is free software; see the source for copying conditions.  There is NO
warranty; not even for MERCHANTABILITY or FITNESS FOR A PARTICULAR PURPOSE.

configure:14467: $? = 0
configure:14456: g++ -v >&5
Using built-in specs.
COLLECT_GCC=g++
COLLECT_LTO_WRAPPER=/usr/libexec/gcc/x86_64-linux-gnu/13/lto-wrapper
OFFLOAD_TARGET_NAMES=nvptx-none:amdgcn-amdhsa
OFFLOAD_TARGET_DEFAULT=1
Target: x86_64-linux-gnu
Configured with: ../src/configure -v --with-pkgversion='Ubuntu 13.3.0-6ubuntu2~24.04' --with-bugurl=file:///usr/share/doc/gcc-13/README.Bugs --enable-languages=c,ada,c++,go,d,fortran,objc,obj-c++,m2 --prefix=/usr --with-gcc-major-version-only --program-suffix=-13 --program-prefix=x86_64-linux-gnu- --enable-shared --enable-linker-build-id --libexecdir=/usr/libexec --without-included-gettext --enable-threads=posix --libdir=/usr/lib --enable-nls --enable-bootstrap --enable-clocale=gnu --enable-libstdcxx-debug --enable-libstdcxx-time=yes --with-default-libstdcxx-abi=new --enable-libstdcxx-backtrace --enable-gnu-unique-object --disable-vtable-verify --enable-plugin --enable-default-pie --with-system-zlib --enable-libphobos-checking=release --with-target-system-zlib=auto --enable-objc-gc=auto --enable-multiarch --disable-werror --enable-cet --with-arch-32=i686 --with-abi=m64 --with-multilib-list=m32,m64,mx32 --enable-multilib --with-tune=generic --enable-offload-targets=nvptx-none=/build/gcc-13-fG75Ri/gcc-13-13.3.0/debian/tmp-nvptx/usr,amdgcn-amdhsa=/build/gcc-13-fG75Ri/gcc-13-13.3.0/debian/tmp-gcn/usr --enable-offload-defaulted --without-cuda-driver --enable-checking=release --build=x86_64-linux-gnu --host=x86_64-linux-gnu --target=x86_64-linux-gnu --with-build-config=bootstrap-lto-lean --enable-link-serialization=2
Thread model: posix
Supported LTO compression algorithms: zlib zstd
gcc version 13.3.0 (Ubuntu 13.3.0-6ubuntu2~24.04) 
... rest of stderr output deleted ...
configure:14467: $? = 0
configure:14456: g++ -V >&5
g++: error: unrecognized command-line option '-V'
g++: fatal error: no input files
compilation terminated.
configure:14467: $? = 1
configure:14456: g++ -qversion >&5
g++: error: unrecognized command-line option '-qversion'; did you mean '--version'?
g++: fatal error: no input files
compilation terminated.
configure:14467: $? = 1
configure:14471: checking whether the compiler supports GNU C++
configure:14491: g++ -c   conftest.cpp >&5
configure:14491: $? = 0
configure:14501: result: yes
configure:14512: checking whether g++ accepts -g
configure:14533: g++ -c -g  conftest.cpp >&5
configure:14533: $? = 0
configure:14577: result: yes
configure:14597: checking for g++ option to enable C++11 features
configure:14612: g++  -c -g -O2  conftest.cpp >&5
conftest.cpp: In function 'int main(int, char**)':
conftest.cpp:189:25: warning: empty parentheses were disambiguated as a function declaration [-Wvexing-parse]
  189 |   cxx11test::delegate d2();
      |                         ^~
conftest.cpp:189:25: note: remove parentheses to default-initialize a variable
  189 |   cxx11test::delegate d2();
      |                         ^~
      |                         --
conftest.cpp:189:25: note: or replace parentheses with braces to value-initialize a variable
configure:14612: $? = 0
configure:14630: result: none needed
configure:14696: checking dependency style of g++
configure:14808: result: gcc3
configure:14841: checking how to run the C++ preprocessor
configure:14863: g++ -E  conftest.cpp
configure:14863: $? = 0
configure:14878: g++ -E  conftest.cpp
conftest.cpp:23:10: fatal error: ac_nonexistent.h: No such file or directory
   23 | #include <ac_nonexistent.h>
      |          ^~~~~~~~~~~~~~~~~~
compilation terminated.
configure:14878: $? = 1
configure: failed program was:
| /* confdefs.h */
| #define PACKAGE_NAME "iot"
| #define PACKAGE_TARNAME "iot"
| #define PACKAGE_VERSION "0.7"
| #define PACKAGE_STRING "iot 0.7"
| #define PACKAGE_BUGREPORT "hhamalai@iki.fi, hasan.islam@aalto.fi, arseny.kurnikov@aalto.fi"
| #define PACKAGE_URL ""
| #define PACKAGE "iot"
| #define VERSION "0.7"
| #define HAVE_STDIO_H 1
| #define HAVE_STDLIB_H 1
| #define HAVE_STRING_H 1
| #define HAVE_INTTYPES_H 1
| #define HAVE_STDINT_H 1
| #define HAVE_STRINGS_H 1
| #define HAVE_SYS_STAT_H 1
| #define HAVE_SYS_TYPES_H 1
| #define HAVE_UNISTD_H 1
| #define STDC_HEADERS 1
| #define HAVE_DLFCN_H 1
| #define LT_OBJDIR ".libs/"
| /* end confdefs.h.  */
| #include <ac_nonexistent.h>
configure:14905: result: g++ -E
configure:14919: g++ -E  conftest.cpp
configure:14919: $? = 0
configure:14934: g++ -E  conftest.cpp
conftest.cpp:23:10: fatal error: ac_nonexistent.h: No such file or directory
   23 | #include <ac_nonexistent.h>
      |          ^~~~~~~~~~~~~~~~~~
compilation terminated.
configure:14934: $? = 1
configure: failed program was:
| /* confdefs.h */
| #define PACKAGE_NAME "iot"
| #define PACKAGE_TARNAME "iot"
| #define PACKAGE_VERSION "0.7"
| #define PACKAGE_STRING "iot 0.7"
| #define PACKAGE_BUGREPORT "hhamalai@iki.fi, hasan.islam@aalto.fi, arseny.kurnikov@aalto.fi"
| #define PACKAGE_URL ""
| #define PACKAGE "iot"
| #define VERSION "0.7"
| #define HAVE_STDIO_H 1
| #define HAVE_STDLIB_H 1
| #define HAVE_STRING_H 1
| #define HAVE_INTTYPES_H 1
| #define HAVE_STDINT_H 1
| #define HAVE_STRINGS_H 1
| #define HAVE_SYS_STAT_H 1
| #define HAVE_SYS_TYPES_H 1
| #define HAVE_UNISTD_H 1
| #define STDC_HEADERS 1
| #define HAVE_DLFCN_H 1
| #define LT_OBJDIR ".libs/"
| /* end confdefs.h.  */
| #include <ac_nonexistent.h>
configure:15099: checking for ld used by g++
configure:15167: result: /usr/bin/ld -m elf_x86_64
configure:15174: checking if the linker (/usr/bin/ld -m elf_x86_64) is GNU ld
configure:15190: result: yes
configure:15245: checking whether the g++ linker (/usr/bin/ld -m elf_x86_64) supports shared libraries
configure:16323: result: yes
configure:16359: g++ -c -g -O2  conftest.cpp >&5
configure:16362: $? = 0
configure:16843: checking for g++ option to produce PIC
configure:16851: result: -fPIC -DPIC
configure:16859: checking if g++ PIC flag -fPIC -DPIC works
configure:16878: g++ -c -g -O2  -fPIC -DPIC -DPIC conftest.cpp >&5
configure:16882: $? = 0
configure:16895: result: yes
configure:16918: checking if g++ static flag -static works
configure:16947: result: yes
configure:16959: checking if g++ supports -c -o file.o
configure:16981: g++ -c -g -O2  -o out/conftest2.o conftest.cpp >&5
configure:16985: $? = 0
configure:17007: result: yes
configure:17012: checking if g++ supports -c -o file.o
configure:17060: result: yes
configure:17090: checking whether the g++ linker (/usr/bin/ld -m elf_x86_64) supports shared libraries
configure:17133: result: yes
configure:17275: checking dynamic linker characteristics
configure:18035: result: GNU/Linux ld.so
configure:18100: checking how to hardcode library paths into programs
configure:18125: result: immediate
configure:18213: checking for ranlib
configure:18245: result: ranlib
configure:18327: checking for pkg-config
configure:18350: found /usr/bin/pkg-config
configure:18362: result: /usr/bin/pkg-config
configure:18387: checking pkg-config is at least version 0.9.0
configure:18390: result: yes
configure:18400: checking for check >= 0.9.4
configure:18407: $PKG_CONFIG --exists --print-errors "check >= 0.9.4"
configure:18410: $? = 0
configure:18424: $PKG_CONFIG --exists --print-errors "check >= 0.9.4"
configure:18427: $? = 0
configure:18485: result: yes
configure:18497: checking for fcntl.h
configure:18497: gcc -c -g -O2  conftest.c >&5
configure:18497: $? = 0
configure:18497: result: yes
configure:18503: checking for netdb.h
configure:18503: gcc -c -g -O2  conftest.c >&5
configure:18503: $? = 0
configure:18503: result: yes
configure:18509: checking for netinet/in.h
configure:18509: gcc -c -g -O2  conftest.c >&5
configure:18509: $? = 0
configure:18509: result: yes
configure:18515: checking for stdint.h
configure:18515: result: yes
configure:18521: checking for stdlib.h
configure:18521: result: yes
configure:18527: checking for string.h
configure:18527: result: yes
configure:18533: checking for sys/socket.h
configure:18533: gcc -c -g -O2  conftest.c >&5
configure:18533: $? = 0
configure:18533: result: yes
configure:18539: checking for sys/time.h
configure:18539: gcc -c -g -O2  conftest.c >&5
configure:18539: $? = 0
configure:18539: result: yes
configure:18545: checking for unistd.h
configure:18545: result: yes
configure:18554: checking for _Bool
configure:18554: gcc -c -g -O2  conftest.c >&5
configure:18554: $? = 0
configure:18554: gcc -c -g -O2  conftest.c >&5
conftest.c: In function 'main':
conftest.c:63:20: error: expected expression before ')' token
   63 | if (sizeof ((_Bool)))
      |                    ^
configure:18554: $? = 1
configure: failed program was:
| /* confdefs.h */
| #define PACKAGE_NAME "iot"
| #define PACKAGE_TARNAME "iot"
| #define PACKAGE_VERSION "0.7"
| #define PACKAGE_STRING "iot 0.7"
| #define PACKAGE_BUGREPORT "hhamalai@iki.fi, hasan.islam@aalto.fi, arseny.kurnikov@aalto.fi"
| #define PACKAGE_URL ""
| #define PACKAGE "iot"
| #define VERSION "0.7"
| #define HAVE_STDIO_H 1
| #define HAVE_STDLIB_H 1
| #define HAVE_STRING_H 1
| #define HAVE_INTTYPES_H 1
| #define HAVE_STDINT_H 1
| #define HAVE_STRINGS_H 1
| #define HAVE_SYS_STAT_H 1
| #define HAVE_SYS_TYPES_H 1
| #define HAVE_UNISTD_H 1
| #define STDC_HEADERS 1
| #define HAVE_DLFCN_H 1
| #define LT_OBJDIR ".libs/"
| #define HAVE_FCNTL_H 1
| #define HAVE_NETDB_H 1
| #define HAVE_NETINET_IN_H 1
| #define HAVE_STDINT_H 1
| #define HAVE_STDLIB_H 1
| #define HAVE_STRING_H 1
| #define HAVE_SYS_SOCKET_H 1
| #define HAVE_SYS_TIME_H 1
| #define HAVE_UNISTD_H 1
| /* end confdefs.h.  */
| #include <stddef.h>
| #ifdef HAVE_STDIO_H
| # include <stdio.h>
| #endif
| #ifdef HAVE_STDLIB_H
| # include <stdlib.h>
| #endif
| #ifdef HAVE_STRING_H
| # include <string.h>
| #endif
| #ifdef HAVE_INTTYPES_H
| # include <inttypes.h>
| #endif
| #ifdef HAVE_STDINT_H
| # include <stdint.h>
| #endif
| #ifdef HAVE_STRINGS_H
| # include <strings.h>
| #endif
| #ifdef HAVE_SYS_TYPES_H
| # include <sys/types.h>
| #endif
| #ifdef HAVE_SYS_STAT_H
| # include <sys/stat.h>
| #endif
| #ifdef HAVE_UNISTD_H
| # include <unistd.h>
| #endif
| int
| main (void)
| {
| if (sizeof ((_Bool)))
| 	    return 0;
|   ;
|   return 0;
| }
configure:18554: result: yes
configure:18563: checking for stdbool.h that conforms to C99
configure:18679: gcc -c -g -O2  conftest.c >&5
configure:18679: $? = 0
configure:18687: result: yes
configure:18696: checking for int32_t
configure:18696: gcc -c -g -O2  conftest.c >&5
configure:18696: $? = 0
configure:18696: gcc -c -g -O2  conftest.c >&5
conftest.c: In function 'main':
conftest.c:67:67: warning: integer overflow in expression of type 'int' results in '-2147483648' [-Woverflow]
   67 |                  < (int32_t) (((((int32_t) 1 << N) << N) - 1) * 2 + 2))];
      |                                                                   ^
conftest.c:66:12: error: storage size of 'test_array' isn't constant
   66 | static int test_array [1 - 2 * !((int32_t) (((((int32_t) 1 << N) << N) - 1) * 2 + 1)
      |            ^~~~~~~~~~
configure:18696: $? = 1
configure: failed program was:
| /* confdefs.h */
| #define PACKAGE_NAME "iot"
| #define PACKAGE_TARNAME "iot"
| #define PACKAGE_VERSION "0.7"
| #define PACKAGE_STRING "iot 0.7"
| #define PACKAGE_BUGREPORT "hhamalai@iki.fi, hasan.islam@aalto.fi, arseny.kurnikov@aalto.fi"
| #define PACKAGE_URL ""
| #define PACKAGE "iot"
| #define VERSION "0.7"
| #define HAVE_STDIO_H 1
| #define HAVE_STDLIB_H 1
| #define HAVE_STRING_H 1
| #define HAVE_INTTYPES_H 1
| #define HAVE_STDINT_H 1
| #define HAVE_STRINGS_H 1
| #define HAVE_SYS_STAT_H 1
| #define HAVE_SYS_TYPES_H 1
| #define HAVE_UNISTD_H 1
| #define STDC_HEADERS 1
| #define HAVE_DLFCN_H 1
| #define LT_OBJDIR ".libs/"
| #define HAVE_FCNTL_H 1
| #define HAVE_NETDB_H 1
| #define HAVE_NETINET_IN_H 1
| #define HAVE_STDINT_H 1
| #define HAVE_STDLIB_H 1
| #define HAVE_STRING_H 1
| #define HAVE_SYS_SOCKET_H 1
| #define HAVE_SYS_TIME_H 1
| #define HAVE_UNISTD_H 1
| #define HAVE__BOOL 1
| #define HAVE_STDBOOL_H 1
| /* end confdefs.h.  */
| #include <stddef.h>
| #ifdef HAVE_STDIO_H
| # include <stdio.h>
| #endif
| #ifdef HAVE_STDLIB_H
| # include <stdlib.h>
| #endif
| #ifdef HAVE_STRING_H
| # include <string.h>
| #endif
| #ifdef HAVE_INTTYPES_H
| # include <inttypes.h>
| #endif
| #ifdef HAVE_STDINT_H
| # include <stdint.h>
| #endif
| #ifdef HAVE_STRINGS_H
| # include <strings.h>
| #endif
| #ifdef HAVE_SYS_TYPES_H
| # include <sys/types.h>
| #endif
| #ifdef HAVE_SYS_STAT_H
| # include <sys/stat.h>
| #endif
| #ifdef HAVE_UNISTD_H
| # include <unistd.h>
| #endif
| 	        enum { N = 32 / 2 - 1 };
| int
| main (void)
| {
| static int test_array [1 - 2 * !((int32_t) (((((int32_t) 1 << N) << N) - 1) * 2 + 1)
| 		 < (int32_t) (((((int32_t) 1 << N) << N) - 1) * 2 + 2))];
| test_array [0] = 0;
| return test_array [0];
| 
|   ;
|   return 0;
| }
configure:18696: result: yes
configure:18705: checking for int8_t
configure:18705: gcc -c -g -O2  conftest.c >&5
configure:18705: $? = 0
configure:18705: gcc -c -g -O2  conftest.c >&5
conftest.c: In function 'main':
conftest.c:66:12: error: size of array 'test_array' is negative
   66 | static int test_array [1 - 2 * !((int8_t) (((((int8_t) 1 << N) << N) - 1) * 2 + 1)
      |            ^~~~~~~~~~
configure:18705: $? = 1
configure: failed program was:
| /* confdefs.h */
| #define PACKAGE_NAME "iot"
| #define PACKAGE_TARNAME "iot"
| #define PACKAGE_VERSION "0.7"
| #define PACKAGE_STRING "iot 0.7"
| #define PACKAGE_BUGREPORT "hhamalai@iki.fi, hasan.islam@aalto.fi, arseny.kurnikov@aalto.fi"
| #define PACKAGE_URL ""
| #define PACKAGE "iot"
| #define VERSION "0.7"
| #define HAVE_STDIO_H 1
| #define HAVE_STDLIB_H 1
| #define HAVE_STRING_H 1
| #define HAVE_INTTYPES_H 1
| #define HAVE_STDINT_H 1
| #define HAVE_STRINGS_H 1
| #define HAVE_SYS_STAT_H 1
| #define HAVE_SYS_TYPES_H 1
| #define HAVE_UNISTD_H 1
| #define STDC_HEADERS 1
| #define HAVE_DLFCN_H 1
| #define LT_OBJDIR ".libs/"
| #define HAVE_FCNTL_H 1
| #define HAVE_NETDB_H 1
| #define HAVE_NETINET_IN_H 1
| #define HAVE_STDINT_H 1
| #define HAVE_STDLIB_H 1
| #define HAVE_STRING_H 1
| #define HAVE_SYS_SOCKET_H 1
| #define HAVE_SYS_TIME_H 1
| #define HAVE_UNISTD_H 1
| #define HAVE__BOOL 1
| #define HAVE_STDBOOL_H 1
| /* end confdefs.h.  */
| #include <stddef.h>
| #ifdef HAVE_STDIO_H
| # include <stdio.h>
| #endif
| #ifdef HAVE_STDLIB_H
| # include <stdlib.h>
| #endif
| #ifdef HAVE_STRING_H
| # include <string.h>
| #endif
| #ifdef HAVE_INTTYPES_H
| # include <inttypes.h>
| #endif
| #ifdef HAVE_STDINT_H
| # include <stdint.h>
| #endif
| #ifdef HAVE_STRINGS_H
| # include <strings.h>
| #endif
| #ifdef HAVE_SYS_TYPES_H
| # include <sys/types.h>
| #endif
| #ifdef HAVE_SYS_STAT_H
| # include <sys/stat.h>
| #endif
| #ifdef HAVE_UNISTD_H
| # include <unistd.h>
| #endif
| 	        enum { N = 8 / 2 - 1 };
| int
| main (void)
| {
| static int test_array [1 - 2 * !((int8_t) (((((int8_t) 1 << N) << N) - 1) * 2 + 1)
| 		 < (int8_t) (((((int8_t) 1 << N) << N) - 1) * 2 + 2))];
| test_array [0] = 0;
| return test_array [0];
| 
|   ;
|   return 0;
| }
configure:18705: result: yes
configure:18714: checking for size_t
configure:18714: gcc -c -g -O2  conftest.c >&5
configure:18714: $? = 0
configure:18714: gcc -c -g -O2  conftest.c >&5
conftest.c: In function 'main':
conftest.c:65:21: error: expected expression before ')' token
   65 | if (sizeof ((size_t)))
      |                     ^
configure:18714: $? = 1
configure: failed program was:
| /* confdefs.h */
| #define PACKAGE_NAME "iot"
| #define PACKAGE_TARNAME "iot"
| #define PACKAGE_VERSION "0.7"
| #define PACKAGE_STRING "iot 0.7"
| #define PACKAGE_BUGREPORT "hhamalai@iki.fi, hasan.islam@aalto.fi, arseny.kurnikov@aalto.fi"
| #define PACKAGE_URL ""
| #define PACKAGE "iot"
| #define VERSION "0.7"
| #define HAVE_STDIO_H 1
| #define HAVE_STDLIB_H 1
| #define HAVE_STRING_H 1
| #define HAVE_INTTYPES_H 1
| #define HAVE_STDINT_H 1
| #define HAVE_STRINGS_H 1
| #define HAVE_SYS_STAT_H 1
| #define HAVE_SYS_TYPES_H 1
| #define HAVE_UNISTD_H 1
| #define STDC_HEADERS 1
| #define HAVE_DLFCN_H 1
| #define LT_OBJDIR ".libs/"
| #define HAVE_FCNTL_H 1
| #define HAVE_NETDB_H 1
| #define HAVE_NETINET_IN_H 1
| #define HAVE_STDINT_H 1
| #define HAVE_STDLIB_H 1
| #define HAVE_STRING_H 1
| #define HAVE_SYS_SOCKET_H 1
| #define HAVE_SYS_TIME_H 1
| #define HAVE_UNISTD_H 1
| #define HAVE__BOOL 1
| #define HAVE_STDBOOL_H 1
| /* end confdefs.h.  */
| #include <stddef.h>
| #ifdef HAVE_STDIO_H
| # include <stdio.h>
| #endif
| #ifdef HAVE_STDLIB_H
| # include <stdlib.h>
| #endif
| #ifdef HAVE_STRING_H
| # include <string.h>
| #endif
| #ifdef HAVE_INTTYPES_H
| # include <inttypes.h>
| #endif
| #ifdef HAVE_STDINT_H
| # include <stdint.h>
| #endif
| #ifdef HAVE_STRINGS_H
| # include <strings.h>
| #endif
| #ifdef HAVE_SYS_TYPES_H
| # include <sys/types.h>
| #endif
| #ifdef HAVE_SYS_STAT_H
| # include <sys/stat.h>
| #endif
| #ifdef HAVE_UNISTD_H
| # include <unistd.h>
| #endif
| int
| main (void)
| {
| if (sizeof ((size_t)))
| 	    return 0;
|   ;
|   return 0;
| }
configure:18714: result: yes
configure:18724: checking for ssize_t
configure:18724: gcc -c -g -O2  conftest.c >&5
configure:18724: $? = 0
configure:18724: gcc -c -g -O2  conftest.c >&5
conftest.c: In function 'main':
conftest.c:65:22: error: expected expression before ')' token
   65 | if (sizeof ((ssize_t)))
      |                      ^
configure:18724: $? = 1
configure: failed program was:
| /* confdefs.h */
| #define PACKAGE_NAME "iot"
| #define PACKAGE_TARNAME "iot"
| #define PACKAGE_VERSION "0.7"
| #define PACKAGE_STRING "iot 0.7"
| #define PACKAGE_BUGREPORT "hhamalai@iki.fi, hasan.islam@aalto.fi, arseny.kurnikov@aalto.fi"
| #define PACKAGE_URL ""
| #define PACKAGE "iot"
| #define VERSION "0.7"
| #define HAVE_STDIO_H 1
| #define HAVE_STDLIB_H 1
| #define HAVE_STRING_H 1
| #define HAVE_INTTYPES_H 1
| #define HAVE_STDINT_H 1
| #define HAVE_STRINGS_H 1
| #define HAVE_SYS_STAT_H 1
| #define HAVE_SYS_TYPES_H 1
| #define HAVE_UNISTD_H 1
| #define STDC_HEADERS 1
| #define HAVE_DLFCN_H 1
| #define LT_OBJDIR ".libs/"
| #define HAVE_FCNTL_H 1
| #define HAVE_NETDB_H 1
| #define HAVE_NETINET_IN_H 1
| #define HAVE_STDINT_H 1
| #define HAVE_STDLIB_H 1
| #define HAVE_STRING_H 1
| #define HAVE_SYS_SOCKET_H 1
| #define HAVE_SYS_TIME_H 1
| #define HAVE_UNISTD_H 1
| #define HAVE__BOOL 1
| #define HAVE_STDBOOL_H 1
| /* end confdefs.h.  */
| #include <stddef.h>
| #ifdef HAVE_STDIO_H
| # include <stdio.h>
| #endif
| #ifdef HAVE_STDLIB_H
| # include <stdlib.h>
| #endif
| #ifdef HAVE_STRING_H
| # include <string.h>
| #endif
| #ifdef HAVE_INTTYPES_H
| # include <inttypes.h>
| #endif
| #ifdef HAVE_STDINT_H
| # include <stdint.h>
| #endif
| #ifdef HAVE_STRINGS_H
| # include <strings.h>
| #endif
| #ifdef HAVE_SYS_TYPES_H
| # include <sys/types.h>
| #endif
| #ifdef HAVE_SYS_STAT_H
| # include <sys/stat.h>
| #endif
| #ifdef HAVE_UNISTD_H
| # include <unistd.h>
| #endif
| int
| main (void)
| {
| if (sizeof ((ssize_t)))
| 	    return 0;
|   ;
|   return 0;
| }
configure:18724: result: yes
configure:18734: checking for uint16_t
configure:18734: gcc -c -g -O2  conftest.c >&5
configure:18734: $? = 0
configure:18734: result: yes
configure:18744: checking for uint32_t
configure:18744: gcc -c -g -O2  conftest.c >&5
configure:18744: $? = 0
configure:18744: result: yes
configure:18756: checking for uint64_t
configure:18756: gcc -c -g -O2  conftest.c >&5
configure:18756: $? = 0
configure:18756: result: yes
configure:18770: checking for GNU libc compatible malloc
configure:18802: gcc -o conftest -g -O2   conftest.c  >&5
configure:18802: $? = 0
configure:18802: ./conftest
configure:18802: $? = 0
configure:18813: result: yes
configure:18835: checking for GNU libc compatible realloc
configure:18867: gcc -o conftest -g -O2   conftest.c  >&5
configure:18867: $? = 0
configure:18867: ./conftest
configure:18867: $? = 0
configure:18878: result: yes
configure:18900: checking for gettimeofday
configure:18900: gcc -o conftest -g -O2   conftest.c  >&5
configure:18900: $? = 0
configure:18900: result: yes
configure:18906: checking for memset
configure:18906: gcc -o conftest -g -O2   conftest.c  >&5
conftest.c:53:6: warning: conflicting types for built-in function 'memset'; expected 'void *(void *, int,  long unsigned int)' [-Wbuiltin-declaration-mismatch]
   53 | char memset ();
      |      ^~~~~~
conftest.c:45:1: note: 'memset' is declared in header '<string.h>'
   44 | #include <limits.h>
   45 | #undef memset
configure:18906: $? = 0
configure:18906: result: yes
configure:18912: checking for socket
configure:18912: gcc -o conftest -g -O2   conftest.c  >&5
configure:18912: $? = 0
configure:18912: result: yes
configure:18918: checking for strtol
configure:18918: gcc -o conftest -g -O2   conftest.c  >&5
configure:18918: $? = 0
configure:18918: result: yes
configure:18924: checking for mkdir
configure:18924: gcc -o conftest -g -O2   conftest.c  >&5
configure:18924: $? = 0
configure:18924: result: yes
configure:18930: checking for strchr
configure:18930: gcc -o conftest -g -O2   conftest.c  >&5
conftest.c:57:6: warning: conflicting types for built-in function 'strchr'; expected 'char *(const char *, int)' [-Wbuiltin-declaration-mismatch]
   57 | char strchr ();
      |      ^~~~~~
conftest.c:49:1: note: 'strchr' is declared in header '<string.h>'
   48 | #include <limits.h>
   49 | #undef strchr
configure:18930: $? = 0
configure:18930: result: yes
configure:18936: checking for strdup
configure:18936: gcc -o conftest -g -O2   conftest.c  >&5
conftest.c:58:6: warning: conflicting types for built-in function 'strdup'; expected 'char *(const char *)' [-Wbuiltin-declaration-mismatch]
   58 | char strdup ();
      |      ^~~~~~
configure:18936: $? = 0
configure:18936: result: yes
configure:19047: checking that generated files are newer than configure
configure:19053: result: done
configure:19084: creating ./config.status

## ---------------------- ##
## Running config.status. ##
## ---------------------- ##

This file was extended by iot config.status 0.7, which was
generated by GNU Autoconf 2.71.  Invocation command line was

  CONFIG_FILES    = 
  CONFIG_HEADERS  = 
  CONFIG_LINKS    = 
  CONFIG_COMMANDS = 
  $ ./config.status 

on mehraj-rahman-B550GTA

config.status:1172: creating Makefile
config.status:1172: creating tests/Makefile
config.status:1172: creating application/Makefile
config.status:1172: creating config.h
config.status:1353: config.h is unchanged
config.status:1401: executing depfiles commands
config.status:1478: cd tests       && sed -e '/# am--include-marker/d' Makefile         | make -f - am--depfiles
make: Nothing to be done for 'am--depfiles'.
config.status:1483: $? = 0
config.status:1478: cd application       && sed -e '/# am--include-marker/d' Makefile         | make -f - am--depfiles
make: Nothing to be done for 'am--depfiles'.
config.status:1483: $? = 0
config.status:1401: executing libtool commands

## ---------------- ##
## Cache variables. ##
## ---------------- ##

ac_cv_build=x86_64-unknown-linux-gnu
ac_cv_c_compiler_gnu=yes
ac_cv_c_int32_t=yes
ac_cv_c_int8_t=yes
ac_cv_c_uint16_t=yes
ac_cv_c_uint32_t=yes
ac_cv_c_uint64_t=yes
ac_cv_cxx_compiler_gnu=yes
ac_cv_env_CCC_set=
ac_cv_env_CCC_value=
ac_cv_env_CC_set=
ac_cv_env_CC_value=
ac_cv_env_CFLAGS_set=
ac_cv_env_CFLAGS_value=
ac_cv_env_CHECK_CFLAGS_set=
ac_cv_env_CHECK_CFLAGS_value=
ac_cv_env_CHECK_LIBS_set=
ac_cv_env_CHECK_LIBS_value=
ac_cv_env_CPPFLAGS_set=
ac_cv_env_CPPFLAGS_value=
ac_cv_env_CXXCPP_set=
ac_cv_env_CXXCPP_value=
ac_cv_env_CXXFLAGS_set=
ac_cv_env_CXXFLAGS_value=
ac_cv_env_CXX_set=
ac_cv_env_CXX_value=
ac_cv_env_LDFLAGS_set=
ac_cv_env_LDFLAGS_value=
ac_cv_env_LIBS_set=
ac_cv_env_LIBS_value=
ac_cv_env_LT_SYS_LIBRARY_PATH_set=
ac_cv_env_LT_SYS_LIBRARY_PATH_value=
ac_cv_env_PKG_CONFIG_LIBDIR_set=
ac_cv_env_PKG_CONFIG_LIBDIR_value=
ac_cv_env_PKG_CONFIG_PATH_set=
ac_cv_env_PKG_CONFIG_PATH_value=
ac_cv_env_PKG_CONFIG_set=
ac_cv_env_PKG_CONFIG_value=
ac_cv_env_build_alias_set=
ac_cv_env_build_alias_value=
ac_cv_env_host_alias_set=
ac_cv_env_host_alias_value=
ac_cv_env_target_alias_set=
ac_cv_env_target_alias_value=
ac_cv_func_gettimeofday=yes
ac_cv_func_malloc_0_nonnull=yes
ac_cv_func_memset=yes
ac_cv_func_mkdir=yes
ac_cv_func_realloc_0_nonnull=yes
ac_cv_func_socket=yes
ac_cv_func_strchr=yes
ac_cv_func_strdup=yes
ac_cv_func_strtol=yes
ac_cv_header_dlfcn_h=yes
ac_cv_header_fcntl_h=yes
ac_cv_header_inttypes_h=yes
ac_cv_header_netdb_h=yes
ac_cv_header_netinet_in_h=yes
ac_cv_header_stdbool_h=yes
ac_cv_header_stdint_h=yes
ac_cv_header_stdio_h=yes
ac_cv_header_stdlib_h=yes
ac_cv_header_string_h=yes
ac_cv_header_strings_h=yes
ac_cv_header_sys_socket_h=yes
ac_cv_header_sys_stat_h=yes
ac_cv_header_sys_time_h=yes
ac_cv_header_sys_types_h=yes
ac_cv_header_unistd_h=yes
ac_cv_host=x86_64-unknown-linux-gnu
ac_cv_objext=o
ac_cv_path_EGREP='/usr/bin/grep -E'
ac_cv_path_FGREP='/usr/bin/grep -F'
ac_cv_path_GREP=/usr/bin/grep
ac_cv_path_SED=/usr/bin/sed
ac_cv_path_ac_pt_PKG_CONFIG=/usr/bin/pkg-config
ac_cv_path_install='/usr/bin/install -c'
ac_cv_path_lt_DD=/usr/bin/dd
ac_cv_path_mkdir=/usr/bin/mkdir
ac_cv_prog_AWK=gawk
ac_cv_prog_CXXCPP='g++ -E'
ac_cv_prog_ac_ct_AR=ar
ac_cv_prog_ac_ct_CC=gcc
ac_cv_prog_ac_ct_CXX=g++
ac_cv_prog_ac_ct_FILECMD=file
ac_cv_prog_ac_ct_MANIFEST_TOOL=mt
ac_cv_prog_ac_ct_OBJDUMP=objdump
ac_cv_prog_ac_ct_RANLIB=ranlib
ac_cv_prog_ac_ct_STRIP=strip
ac_cv_prog_cc_c11=
ac_cv_prog_cc_g=yes
ac_cv_prog_cc_stdc=
ac_cv_prog_cxx_cxx11=
ac_cv_prog_cxx_g=yes
ac_cv_prog_cxx_stdcxx=
ac_cv_prog_make_make_set=yes
ac_cv_type__Bool=yes
ac_cv_type_size_t=yes
ac_cv_type_ssize_t=yes
am_cv_CC_dependencies_compiler_type=gcc3
am_cv_CXX_dependencies_compiler_type=gcc3
am_cv_ar_interface=ar
am_cv_make_support_nested_variables=yes
am_cv_prog_cc_c_o=yes
lt_cv_ar_at_file=@
lt_cv_archive_cmds_need_lc=no
lt_cv_deplibs_check_method=pass_all
lt_cv_file_magic_cmd='$MAGIC_CMD'
lt_cv_file_magic_test_file=
lt_cv_ld_reload_flag=-r
lt_cv_nm_interface='BSD nm'
lt_cv_objdir=.libs
lt_cv_path_LD=/usr/bin/ld
lt_cv_path_LDCXX='/usr/bin/ld -m elf_x86_64'
lt_cv_path_NM='/usr/bin/nm -B'
lt_cv_path_mainfest_tool=no
lt_cv_prog_compiler_c_o=yes
lt_cv_prog_compiler_c_o_CXX=yes
lt_cv_prog_compiler_pic='-fPIC -DPIC'
lt_cv_prog_compiler_pic_CXX='-fPIC -DPIC'
lt_cv_prog_compiler_pic_works=yes
lt_cv_prog_compiler_pic_works_CXX=yes
lt_cv_prog_compiler_rtti_exceptions=no
lt_cv_prog_compiler_static_works=yes
lt_cv_prog_compiler_static_works_CXX=yes
lt_cv_prog_gnu_ld=yes
lt_cv_prog_gnu_ldcxx=yes
lt_cv_sharedlib_from_linklib_cmd='printf %s\n'
lt_cv_shlibpath_overrides_runpath=yes
lt_cv_sys_global_symbol_pipe='/usr/bin/sed -n -e '\''s/^.*[	 ]\([ABCDGIRSTW][ABCDGIRSTW]*\)[	 ][	 ]*\([_A-Za-z][_A-Za-z0-9]*\)$/\1 \2 \2/p'\'' | /usr/bin/sed '\''/ __gnu_lto/d'\'''
lt_cv_sys_global_symbol_to_c_name_address='/usr/bin/sed -n -e '\''s/^: \(.*\) .*$/  {"\1", (void *) 0},/p'\'' -e '\''s/^[ABCDGIRSTW][ABCDGIRSTW]* .* \(.*\)$/  {"\1", (void *) \&\1},/p'\'''
lt_cv_sys_global_symbol_to_c_name_address_lib_prefix='/usr/bin/sed -n -e '\''s/^: \(.*\) .*$/  {"\1", (void *) 0},/p'\'' -e '\''s/^[ABCDGIRSTW][ABCDGIRSTW]* .* \(lib.*\)$/  {"\1", (void *) \&\1},/p'\'' -e '\''s/^[ABCDGIRSTW][ABCDGIRSTW]* .* \(.*\)$/  {"lib\1", (void *) \&\1},/p'\'''
lt_cv_sys_global_symbol_to_cdecl='/usr/bin/sed -n -e '\''s/^T .* \(.*\)$/extern int \1();/p'\'' -e '\''s/^[ABCDGIRSTW][ABCDGIRSTW]* .* \(.*\)$/extern char \1;/p'\'''
lt_cv_sys_global_symbol_to_import=
lt_cv_sys_max_cmd_len=1572864
lt_cv_to_host_file_cmd=func_convert_file_noop
lt_cv_to_tool_file_cmd=func_convert_file_noop
lt_cv_truncate_bin='/usr/bin/dd bs=4096 count=1'
pkg_cv_CHECK_CFLAGS='-pthread '
pkg_cv_CHECK_LIBS='-lcheck_pic -lrt -lm -lsubunit '

## ----------------- ##
## Output variables. ##
## ----------------- ##

ACLOCAL='aclocal-1.16'
AMDEPBACKSLASH='\'
AMDEP_FALSE='#'
AMDEP_TRUE=''
AMTAR='$${TAR-tar}'
AM_BACKSLASH='\'
AM_DEFAULT_V='$(AM_DEFAULT_VERBOSITY)'
AM_DEFAULT_VERBOSITY='0'
AM_V='$(V)'
AR='ar'
AUTOCONF='autoconf'
AUTOHEADER='autoheader'
AUTOMAKE='automake-1.16'
AWK='gawk'
CC='gcc'
CCDEPMODE='depmode=gcc3'
CFLAGS='-g -O2'
CHECK_CFLAGS='-pthread '
CHECK_LIBS='-lcheck_pic -lrt -lm -lsubunit '
CPPFLAGS=''
CSCOPE='cscope'
CTAGS='ctags'
CXX='g++'
CXXCPP='g++ -E'
CXXDEPMODE='depmode=gcc3'
CXXFLAGS='-g -O2'
CYGPATH_W='echo'
DEFS='-DHAVE_CONFIG_H'
DEPDIR='.deps'
DLLTOOL='false'
DSYMUTIL=''
DUMPBIN=''
ECHO_C=''
ECHO_N='-n'
ECHO_T=''
EGREP='/usr/bin/grep -E'
ETAGS='etags'
EXEEXT=''
FGREP='/usr/bin/grep -F'
FILECMD='file'
GREP='/usr/bin/grep'
INSTALL_DATA='${INSTALL} -m 644'
INSTALL_PROGRAM='${INSTALL}'
INSTALL_SCRIPT='${INSTALL}'
INSTALL_STRIP_PROGRAM='$(install_sh) -c -s'
LD='/usr/bin/ld -m elf_x86_64'
LDFLAGS=''
LIBOBJS=''
LIBS=''
LIBTOOL='$(SHELL) $(top_builddir)/libtool'
LIPO=''
LN_S='ln -s'
LTLIBOBJS=''
LT_SYS_LIBRARY_PATH=''
MAKEINFO='makeinfo'
MANIFEST_TOOL=':'
MKDIR_P='/usr/bin/mkdir -p'
NM='/usr/bin/nm -B'
NMEDIT=''
OBJDUMP='objdump'
OBJEXT='o'
OTOOL64=''
OTOOL=''
PACKAGE='iot'
PACKAGE_BUGREPORT='hhamalai@iki.fi, hasan.islam@aalto.fi, arseny.kurnikov@aalto.fi'
PACKAGE_NAME='iot'
PACKAGE_STRING='iot 0.7'
PACKAGE_TARNAME='iot'
PACKAGE_URL=''
PACKAGE_VERSION='0.7'
PATH_SEPARATOR=':'
PKG_CONFIG='/usr/bin/pkg-config'
PKG_CONFIG_LIBDIR=''
PKG_CONFIG_PATH=''
RANLIB='ranlib'
SED='/usr/bin/sed'
SET_MAKE=''
SHELL='/bin/bash'
STRIP='strip'
VERSION='0.7'
ac_ct_AR='ar'
ac_ct_CC='gcc'
ac_ct_CXX='g++'
ac_ct_DUMPBIN=''
am__EXEEXT_FALSE=''
am__EXEEXT_TRUE='#'
am__fastdepCC_FALSE='#'
am__fastdepCC_TRUE=''
am__fastdepCXX_FALSE='#'
am__fastdepCXX_TRUE=''
am__include='include'
am__isrc=''
am__leading_dot='.'
am__nodep='_no'
am__quote=''
am__tar='$${TAR-tar} chof - "$$tardir"'
am__untar='$${TAR-tar} xf -'
bindir='${exec_prefix}/bin'
build='x86_64-unknown-linux-gnu'
build_alias=''
build_cpu='x86_64'
build_os='linux-gnu'
build_vendor='unknown'
datadir='${datarootdir}'
datarootdir='${prefix}/share'
docdir='${datarootdir}/doc/${PACKAGE_TARNAME}'
dvidir='${docdir}'
exec_prefix='${prefix}'
host='x86_64-unknown-linux-gnu'
host_alias=''
host_cpu='x86_64'
host_os='linux-gnu'
host_vendor='unknown'
htmldir='${docdir}'
includedir='${prefix}/include'
infodir='${datarootdir}/info'
install_sh='${SHELL} /home/mehraj-rahman/SRTP_development/iot/install-sh'
libdir='${exec_prefix}/lib'
libexecdir='${exec_prefix}/libexec'
localedir='${datarootdir}/locale'
localstatedir='${prefix}/var'
mandir='${datarootdir}/man'
mkdir_p='$(MKDIR_P)'
oldincludedir='/usr/include'
pdfdir='${docdir}'
prefix='/usr/local'
program_transform_name='s,x,x,'
psdir='${docdir}'
runstatedir='${localstatedir}/run'
sbindir='${exec_prefix}/sbin'
sharedstatedir='${prefix}/com'
sysconfdir='${prefix}/etc'
target_alias=''

## ----------- ##
## confdefs.h. ##
## ----------- ##

/* confdefs.h */
#define PACKAGE_NAME "iot"
#define PACKAGE_TARNAME "iot"
#define PACKAGE_VERSION "0.7"
#define PACKAGE_STRING "iot 0.7"
#define PACKAGE_BUGREPORT "hhamalai@iki.fi, hasan.islam@aalto.fi, arseny.kurnikov@aalto.fi"
#define PACKAGE_URL ""
#define PACKAGE "iot"
#define VERSION "0.7"
#define HAVE_STDIO_H 1
#define HAVE_STDLIB_H 1
#define HAVE_STRING_H 1
#define HAVE_INTTYPES_H 1
#define HAVE_STDINT_H 1
#define HAVE_STRINGS_H 1
#define HAVE_SYS_STAT_H 1
#define HAVE_SYS_TYPES_H 1
#define HAVE_UNISTD_H 1
#define STDC_HEADERS 1
#define HAVE_DLFCN_H 1
#define LT_OBJDIR ".libs/"
#define HAVE_FCNTL_H 1
#define HAVE_NETDB_H 1
#define HAVE_NETINET_IN_H 1
#define HAVE_STDINT_H 1
#define HAVE_STDLIB_H 1
#define HAVE_STRING_H 1
#define HAVE_SYS_SOCKET_H 1
#define HAVE_SYS_TIME_H 1
#define HAVE_UNISTD_H 1
#define HAVE__BOOL 1
#define HAVE_STDBOOL_H 1
#define HAVE_MALLOC 1
#define HAVE_REALLOC 1
#define HAVE_GETTIMEOFDAY 1
#define HAVE_MEMSET 1
#define HAVE_SOCKET 1
#define HAVE_STRTOL 1
#define HAVE_MKDIR 1
#define HAVE_STRCHR 1
#define HAVE_STRDUP 1

configure: exit 0
