1775223902.87	0	[60.000000, 24.000000]
1775223903.08	0	[60.000000, 24.000000]
1775223903.10	0	[60.000000, 24.000000]
1775223903.11	0	[60.000000, 24.000000]
1775223903.17	0	[60.000000, 24.000000]
1775223903.19	0	[60.000000, 24.000000]
1775223903.22	0	[60.000000, 24.000000]
1775223903.25	0	[60.000000, 24.000000]
1775223903.29	0	[60.000000, 24.000000]
1775223903.32	0	[60.000000, 24.000000]
1775223903.41	0	[60.000000, 24.000000]
1775223903.64	0	[60.000000, 24.000000]
1775223903.67	0	[60.000000, 24.000000]
1775223903.72	0	[60.000000, 24.000000]
1775223903.78	0	[60.000000, 24.000000]
1775223903.81	0	[60.000000, 24.000000]
1775223903.85	0	[60.000000, 24.000000]
1775223903.90	0	[60.000000, 24.000000]
1775223903.97	0	[60.000000, 24.000000]
1775223904.00	0	[60.000000, 24.000000]
1775223904.06	0	[60.000000, 24.000000]
1775223904.12	0	[60.000000, 24.000000]
1775223904.13	0	[60.000000, 24.000000]
1775223904.18	0	[60.000000, 24.000000]
1775223904.20	0	[60.000000, 24.000000]
1775223904.26	0	[60.000000, 24.000000]
1775223904.30	0	[60.000000, 24.000000]
1775223904.32	0	[60.000000, 24.000000]
1775223904.39	0	[60.000000, 24.000000]
1775223904.53	0	[60.000000, 24.000000]
1775223904.62	0	[60.000000, 24.000000]
1775223904.65	0	[60.000000, 24.000000]
1775223904.69	0	[60.000000, 24.000000]
1775223904.71	0	[60.000000, 24.000000]
1775223904.75	0	[60.000000, 24.000000]
1775223904.80	0	[60.000000, 24.000000]
1775223904.84	0	[60.000000, 24.000000]
1775223904.90	0	[60.000000, 24.000000]
1775223904.94	0	[60.000000, 24.000000]
1775223904.98	0	[60.000000, 24.000000]
1775223905.01	0	[60.000000, 24.000000]
1775223905.06	0	[60.000000, 24.000000]
1775223905.09	0	[60.000000, 24.000000]
1775223905.17	0	[60.000000, 24.000000]
1775223905.21	0	[60.000000, 24.000000]
1775223905.23	0	[60.000000, 24.000000]
1775223905.29	0	[60.000000, 24.000000]
1775223905.32	0	[60.000000, 24.000000]
1775223905.39	0	[60.000000, 24.000000]
1775223905.42	0	[60.000000, 24.000000]
1775223905.50	0	[60.000000, 24.000000]
1775223905.58	0	[60.000000, 24.000000]
1775223905.64	0	[60.000000, 24.000000]
1775223905.67	0	[60.000000, 24.000000]
1775223905.74	0	[60.000000, 24.000000]
1775223905.80	0	[60.000000, 24.000000]
1775223905.84	0	[60.000000, 24.000000]
1775223905.86	0	[60.000000, 24.000000]
1775223905.93	0	[60.000000, 24.000000]
1775223906.00	0	[60.000000, 24.000000]
1775223906.12	0	[60.000000, 24.000000]
1775223906.22	0	[60.000000, 24.000000]
1775223906.24	0	[60.000000, 24.000000]
1775223906.31	0	[60.000000, 24.000000]
1775223906.38	0	[60.000000, 24.000000]
1775223906.43	0	[60.000000, 24.000000]
1775223906.46	0	[60.000000, 24.000000]
1775223906.51	0	[60.000000, 24.000000]
1775223906.54	0	[60.000000, 24.000000]
1775223906.57	0	[60.000000, 24.000000]
1775223906.62	0	[60.000000, 24.000000]
1775223906.66	0	[60.000000, 24.000000]
1775223906.68	0	[60.000000, 24.000000]
1775223906.72	0	[60.000000, 24.000000]
1775223906.77	0	[60.000000, 24.000000]
1775223906.84	0	[60.000000, 24.000000]
1775223906.87	0	[60.000000, 24.000000]
1775223906.91	0	[60.000000, 24.000000]
1775223906.97	0	[60.000000, 24.000000]
1775223907.05	0	[60.000000, 24.000000]
1775223907.10	0	[60.000000, 24.000000]
1775223907.12	0	[60.000000, 24.000000]
1775223907.15	0	[60.000000, 24.000000]
1775223907.18	0	[60.000000, 24.000000]
1775223907.23	0	[60.000000, 24.000000]
1775223907.25	0	[60.000000, 24.000000]
1775223907.29	0	[60.000000, 24.000000]
1775223907.34	0	[60.000000, 24.000000]
1775223907.36	0	[60.000000, 24.000000]
1775223907.42	0	[60.000000, 24.000000]
1775223907.47	0	[60.000000, 24.000000]
1775223907.54	0	[60.000000, 24.000000]
1775223907.57	0	[60.000000, 24.000000]
1775223907.69	0	[60.000000, 24.000000]
1775223907.76	0	[60.000000, 24.000000]
1775223907.87	0	[60.000000, 24.000000]
1775223907.92	0	[60.000000, 24.000000]
1775223907.95	0	[60.000000, 24.000000]
1775223908.01	0	[60.000000, 24.000000]
1775223908.05	0	[60.000000, 24.000000]
1775223908.11	0	[60.000000, 24.000000]
1775223908.13	0	[60.000000, 24.000000]
1775223908.17	0	[60.000000, 24.000000]
1775223908.20	0	[60.000000, 24.000000]
1775223908.22	0	[60.000000, 24.000000]
1775223908.24	0	[60.000000, 24.000000]
1775223908.32	0	[60.000000, 24.000000]
1775223908.34	0	[60.000000, 24.000000]
1775223908.37	0	[60.000000, 24.000000]
1775223908.43	0	[60.000000, 24.000000]
1775223908.46	0	[60.000000, 24.000000]
1775223908.50	0	[60.000000, 24.000000]
1775223908.55	0	[60.000000, 24.000000]
1775223908.60	0	[60.000000, 24.000000]
1775223908.64	0	[60.000000, 24.000000]
1775223908.71	0	[60.000000, 24.000000]
1775223908.74	0	[60.000000, 24.000000]
1775223908.79	0	[60.000000, 24.000000]
1775223908.82	0	[60.000000, 24.000000]
1775223908.96	0	[60.000000, 24.000000]
1775223909.00	0	[60.000000, 24.000000]
1775223909.09	0	[60.000000, 24.000000]
1775223909.11	0	[60.000000, 24.000000]
1775223909.14	0	[60.000000, 24.000000]
1775223909.16	0	[60.000000, 24.000000]
1775223909.21	0	[60.000000, 24.000000]
1775223909.23	0	[60.000000, 24.000000]
1775223909.30	0	[60.000000, 24.000000]
1775223909.34	0	[60.000000, 24.000000]
1775223909.40	0	[60.000000, 24.000000]
1775223909.44	0	[60.000000, 24.000000]
1775223909.48	0	[60.000000, 24.000000]
1775223909.54	0	[60.000000, 24.000000]
1775223909.61	0	[60.000000, 24.000000]
1775223909.73	0	[60.000000, 24.000000]
1775223909.76	0	[60.000000, 24.000000]
1775223909.82	0	[60.000000, 24.000000]
1775223909.88	0	[60.000000, 24.000000]
1775223909.93	0	[60.000000, 24.000000]
1775223909.99	0	[60.000000, 24.000000]
1775223910.03	0	[60.000000, 24.000000]
1775223910.06	0	[60.000000, 24.000000]
1775223910.11	0	[60.000000, 24.000000]
1775223910.14	0	[60.000000, 24.000000]
1775223910.20	0	[60.000000, 24.000000]
1775223910.26	0	[60.000000, 24.000000]
1775223910.33	0	[60.000000, 24.000000]
1775223910.42	0	[60.000000, 24.000000]
1775223910.60	0	[60.000000, 24.000000]
1775223910.67	0	[60.000000, 24.000000]
1775223910.85	0	[60.000000, 24.000000]
1775223910.94	0	[60.000000, 24.000000]
1775223911.02	0	[60.000000, 24.000000]
1775223911.05	0	[60.000000, 24.000000]
1775223911.15	0	[60.000000, 24.000000]
1775223911.21	0	[60.000000, 24.000000]
1775223911.31	1	[60.000000, 24.000000]
1775223911.57	1	[60.000000, 24.000000]
1775223911.71	1	[60.000000, 24.000000]
1775223911.83	1	[60.000000, 24.000000]
1775223911.92	1	[60.000000, 24.000000]
1775223912.01	1	[60.000000, 24.000000]
1775223912.06	1	[60.000000, 24.000000]
1775223912.12	1	[60.000000, 24.000000]
1775223912.18	1	[60.000000, 24.000000]
1775223912.28	1	[60.000000, 24.000000]
1775223912.37	1	[60.000000, 24.000000]
1775223912.58	1	[60.000000, 24.000000]
1775223912.64	1	[60.000000, 24.000000]
1775223912.72	1	[60.000000, 24.000000]
1775223912.80	1	[60.000000, 24.000000]
1775223912.89	1	[60.000000, 24.000000]
1775223912.96	1	[60.000000, 24.000000]
1775223913.13	1	[60.000000, 24.000000]
1775223913.23	1	[60.000000, 24.000000]
1775223913.27	1	[60.000000, 24.000000]
1775223913.28	1	[60.000000, 24.000000]
1775223913.31	1	[60.000000, 24.000000]
1775223913.32	1	[60.000000, 24.000000]
1775223913.34	1	[60.000000, 24.000000]
1775223913.40	1	[60.000000, 24.000000]
1775223913.42	1	[60.000000, 24.000000]
1775223913.49	1	[60.000000, 24.000000]
1775223913.57	1	[60.000000, 24.000000]
1775223913.62	1	[60.000000, 24.000000]
1775223913.67	1	[60.000000, 24.000000]
1775223913.70	1	[60.000000, 24.000000]
1775223913.76	1	[60.000000, 24.000000]
1775223913.78	1	[60.000000, 24.000000]
1775223913.83	1	[60.000000, 24.000000]
1775223913.88	1	[60.000000, 24.000000]
1775223913.90	1	[60.000000, 24.000000]
1775223913.97	1	[60.000000, 24.000000]
1775223913.99	1	[60.000000, 24.000000]
1775223914.03	1	[60.000000, 24.000000]
1775223914.09	1	[60.000000, 24.000000]
1775223914.11	1	[60.000000, 24.000000]
1775223914.17	1	[60.000000, 24.000000]
1775223914.19	1	[60.000000, 24.000000]
1775223914.25	1	[60.000000, 24.000000]
1775223914.27	1	[60.000000, 24.000000]
1775223914.31	1	[60.000000, 24.000000]
1775223914.36	1	[60.000000, 24.000000]
1775223914.43	1	[60.000000, 24.000000]
1775223914.48	1	[60.000000, 24.000000]
1775223914.51	1	[60.000000, 24.000000]
1775223914.56	1	[60.000000, 24.000000]
1775223914.57	1	[60.000000, 24.000000]
1775223914.61	1	[60.000000, 24.000000]
1775223914.64	1	[60.000000, 24.000000]
17