1725308763.07	0	[60.000000, 24.000000]
1725308765.07	1	[60.000000, 24.000000]
1725308769.10	2	[60.000000, 24.000000]
1725308781.67	3	[60.000000, 24.000000]
1725308790.88	4	[60.000000, 24.000000]
1725308815.24	5	[60.000000, 24.000000]
1725308919.87	0	[60.000000, 24.000000]
1725308921.80	1	[60.000000, 24.000000]
1725308901.55	0	[60.000000, 24.000000]
1725308901.57	1	[60.000000, 24.000000]
1725308908.28	2	[60.000000, 24.000000]
1725308911.93	3	[60.000000, 24.000000]
1725308915.88	4	[60.000000, 24.000000]
1725308921.80	5	[60.000000, 24.000000]
1725308933.63	6	[60.000000, 24.000000]
1725308942.40	7	[60.000000, 24.000000]
1725308948.61	8	[60.000000, 24.000000]
1725308953.30	9	[60.000000, 24.000000]
1725308963.62	10	[60.000000, 24.000000]
1725308977.39	11	[60.000000, 24.000000]
1725308983.15	12	[60.000000, 24.000000]
1725308992.88	13	[60.000000, 24.000000]
1725309000.06	14	[60.000000, 24.000000]
1725395151.70	0	[60.000000, 24.000000]
1725395152.43	1	[60.000000, 24.000000]
1725819235.21	0	[60.000000, 24.000000]
1725819237.92	1	[60.000000, 24.000000]
1725819241.60	2	[60.000000, 24.000000]
1725910486.05	0	[60.000000, 24.000000]
1725910489.35	1	[60.000000, 24.000000]
1725913262.09	0	[60.000000, 24.000000]
