1728492711.06	1	9
1728492717.21	2	1510
1728492717.28	3	2060
1728492717.35	4	1621
1728492717.41	5	2026
1728492717.48	6	1419
1728492717.55	7	3779
1728492717.62	8	3939
1728492717.68	9	3027
1728492717.75	10	2483
1728492717.82	11	2129
1728492717.88	12	1455
1728492717.95	13	3642
1728492718.02	14	2604
1728492718.15	16	3217
1728492718.29	18	2689
1728492718.35	19	3740
1728492718.42	20	9
1728492739.65	1	1396
1728492739.72	2	3498
1728492739.79	3	1791
1728492739.85	4	2695
1728492739.99	6	3393
1728492740.06	7	1346
1728492740.19	9	1769
1728492740.46	13	4234
1728492740.53	14	3067
1728492740.59	15	3964
1728492740.73	17	1324
1728492740.80	18	3084
1728492740.86	19	4015
1728492740.93	20	1515
1728492741.00	21	2392
1728492741.06	22	2316
1728492741.13	23	2282
1728492741.20	24	3947
1728492741.27	25	2555
1728492741.33	26	2352
1728492741.40	27	9
1728492748.03	28	1918
1728492748.09	29	2963
1728492748.16	30	3717
1728492748.23	31	3298
1728492748.29	32	2112
1728492748.43	34	3779
1728492748.50	35	1999
1728492748.56	36	2443
1728492748.63	37	2701
1728492748.70	38	4401
1728492748.77	39	1937
1728492748.83	40	1785
1728492748.90	41	3012
1728492748.97	42	1384
1728492749.10	44	1850
1728492749.17	45	2749
1728492749.24	46	3163
1728492749.30	47	2545
1728492749.37	48	3641
1728492749.44	49	3111
1728492749.57	51	3305
1728492860.53	1	9
1728492863.27	2	9
1728492869.03	3	9
1728492900.87	1	9
1728492902.41	2	1442
1728492902.48	3	2706
1728492902.61	5	1571
1728492902.68	6	3542
1728492902.75	7	2511
1728492902.81	8	2364
1728492902.88	9	2727
1728492902.95	10	1502
1728492903.08	12	1493
1728492903.15	13	1979
1728492903.22	14	1644
1728492903.28	15	3477
1728492903.35	16	3014
1728492903.42	17	2746
1728492903.48	18	3352
1728492903.55	19	2616
1728492903.62	20	2739
1728492903.82	23	4062
1728492903.89	24	2718
1728492903.95	25	3359
1728492904.02	26	4176
1728492904.09	27	2762
1728492904.15	28	3781
1728492904.22	29	2038
1728492904.29	30	9
1728492907.02	31	3595
1728492907.23	34	2911
1728492907.29	35	2013
1728492907.36	36	3289
1728492907.43	37	2054
1728492907.49	38	1776
1728492907.56	39	1459
1728492907.63	40	4099
1728492907.69	41	1380
1728492907.76	42	1359
1728492907.83	43	1439
1728492907.90	44	1313
1728492907.96	45	3452
1728492908.03	46	2911
1728492908.10	47	1706
1728492908.16	48	1888
1728492908.23	49	1549
1728492908.37	51	9
1728492920.62	1	1331
1728492920.69	2	2657
1728492920.76	3	1436
1728492920.82	4	4252
1728492920.96	6	3342
1728492921.02	7	1421
1728492921.09	8	3304
1728492921.16	9	3964
1728492921.22	10	3862
1728492921.29	11	2052
1728492921.36	12	1588
1728492921.49	14	4334
1728492921.56	15	4334
1728492921.63	16	3514
1728492921.69	17	1268
1728492921.76	18	3119
1728492921.83	19	3528
1728492921.90	20	3596
1728492921.96	21	9
1728492923.14	22	9
1728492951.74	1	2191
1728492951.81	2	2467
1728492951.88	3	3044
1728492952.01	5	3445
1728492952.08	6	3591
1728492952.21	8	1583
1728492952.28	9	4387
1728492952.35	10	1385
1728492952.48	12	1538
1728492952.55	13	2155
1728492952.68	15	1323
1728492952.75	16	1344
1728492952.82	17	1352
1728492952.89	18	2653
1728492952.95	19	3223
1728492953.09	21	1720
1728492953.15	22	1854
1728492953.22	23	2536
1728492953.29	24	1650
1728492953.35	25	2722
1728492953.42	26	2122
1728492953.49	27	3455
1728492953.56	28	1813
1728492953.62	29	3501
1728492953.69	30	1768
1728492953.76	31	4122
1728492953.82	32	2598
1728492953.89	33	3306
1728492953.96	34	3596
1728492954.03	35	3359
1728492954.16	37	1832
1728492954.23	38	3725
1728492954.29	39	9
1728492958.31	40	9
1728492971.43	1	9
1728492976.67	2	9
1728493081.39	1	9
1728493090.05	2	9
1728493101.49	1	1656
1728493101.62	3	2382
1728493101.69	4	3893
1728493101.75	5	1887
1728493101.96	8	2474
1728493102.02	9	2951
1728493102.09	10	3095
1728493102.16	11	2721
1728493102.22	12	3823
1728493102.29	13	3112
1728493102.36	14	1936
1728493102.42	15	3172
1728493102.49	16	2240
1728493102.56	17	1934
1728493102.63	18	1513
1728493102.69	19	3898
1728493102.76	20	3587
1728493102.83	21	4181
1728493102.89	22	1529
1728493102.96	23	3696
1728493103.16	26	3496
1728493103.23	27	1888
1728493103.30	28	3553
1728493103.36	29	3821
1728493103.43	30	9
1728493106.43	31	3279
1728493106.50	32	3135
1728493106.57	33	4377
1728493106.64	34	1919
1728493106.70	35	3435
1728493106.77	36	3736
1728493106.84	37	1993
1728493106.90	38	2734
1728493106.97	39	4263
1728493107.04	40	4148
1728493107.11	41	2909
1728493107.31	44	4050
1728493107.37	45	1287
1728493107.44	46	2055
1728493107.51	47	2617
1728493107.57	48	3273
1728493107.64	49	2045
1728493107.71	50	3975
1728493107.84	52	1897
1728493107.98	54	9
1728493110.94	55	9
1728493123.60	1	1885
1728493123.67	2	3343
1728493123.74	3	3136
1728493123.80	4	3917
1728493123.87	5	1733
1728493123.94	6	3536
1728493124.01	7	4009
1728493124.07	8	2075
1728493124.14	9	1439
1728493124.21	10	2374
1728493124.27	11	2283
1728493124.34	12	3159
1728493124.41	13	2826
1728493124.48	14	1263
1728493124.54	15	3557
1728493124.61	16	3014
1728493124.68	17	1537
1728493124.74	18	2075
1728493124.81	19	2868
1728493124.88	20	3580
1728493124.94	21	4294
1728493125.01	22	9
1728493180.55	1	2231
1728493180.61	2	1767
1728493180.68	3	1576
1728493180.75	4	4059
1728493180.81	5	2728
1728493180.88	6	2159
1728493180.95	7	4070
1728493181.02	8	1914
1728493181.08	9	1397
1728493181.15	10	2112
1728493181.22	11	3700
1728493181.35	13	1366
1728493181.42	14	1373
1728493181.48	15	2508
1728493181.62	17	4391
1728493181.69	18	4104
1728493181.75	19	1481
1728493181.82	20	3921
1728493181.95	22	1638
1728493182.02	23	2364
1728493182.09	24	2793
1728493182.22	26	3136
1728493182.29	27	2614
1728493182.36	28	9
1728493183.66	29	2952
1728493183.73	30	3960
1728493183.80	31	2809
1728493183.86	32	1994
1728493183.93	33	1863
1728493184.00	34	1508
1728493184.07	35	1220
1728493184.13	36	2702
1728493184.20	37	3267
1728493184.27	38	3669
1728493184.40	40	1460
1728493184.47	41	3592
1728493184.54	42	1977
1728493184.60	43	3020
1728493184.74	45	1889
1728493184.87	47	3202
1728493184.94	48	3413
1728493185.01	49	2935
1728493185.07	50	2475
1728493185.14	51	1547
1728493185.21	52	3053
1728493185.27	53	1407
1728493185.34	54	3046
1728493185.41	55	9
1728493187.66	56	1864
1728493187.73	57	2735
1728493187.80	58	2908
1728493187.86	59	3527
1728493187.93	60	2886
1728493188.00	61	3913
1728493188.07	62	1943
1728493188.13	63	3613
1728493188.20	64	4188
1728493188.27	65	4388
1728493188.33	66	3962
1728493188.40	67	1846
1728493188.53	69	3258
1728493188.60	70	2728
1728493188.67	71	3744
1728493188.74	72	4113
1728493188.87	74	2853
1728493188.94	75	1554
1728493189.07	77	1691
1728493189.14	78	1734
1728493189.21	79	1646
1728493189.27	80	2220
1728493189.34	81	9
1728493221.32	1	9
1728493225.22	2	9
1728493289.07	1	9
1728493294.54	2	1870
1728493294.61	3	2859
1728493294.68	4	4239
1728493294.74	5	3434
1728493294.81	6	2994
1728493294.88	7	3391
1728493294.95	8	3432
1728493295.01	9	3870
1728493295.08	10	4027
1728493295.15	11	1943
1728493295.28	13	3351
1728493295.35	14	2881
1728493295.41	15	1901
1728493295.48	16	4009
1728493295.55	17	4267
1728493295.68	19	4225
1728493295.75	20	1381
1728493295.82	21	9
1728493298.10	22	1557
1728493298.23	24	2115
1728493298.30	25	3185
1728493298.37	26	3955
1728493298.44	27	2649
1728493298.50	28	1898
1728493298.57	29	1894
1728493298.70	31	1824
1728493298.84	33	1796
1728493298.90	34	1286
1728493298.97	35	3024
1728493343.84	1	2402
1728493343.91	2	3618
1728493343.97	3	1621
1728493344.04	4	1757
1728493344.11	5	3771
1728493344.17	6	2515
1728493344.24	7	3404
1728493344.31	8	2115
1728493344.38	9	1203
1728493344.44	10	4190
1728493344.58	12	1365
1728493344.64	13	1214
1728493344.71	14	3273
1728493344.78	15	2773
1728493344.85	16	2429
1728493344.91	17	4194
1728493344.98	18	3442
1728493345.05	19	2891
1728493345.11	20	2968
1728493345.18	21	3612
1728493345.25	22	4263
1728493345.31	23	2794
1728493345.38	24	9
1728493351.85	26	4347
1728493351.91	27	2853
1728493351.98	28	4404
1728493352.05	29	2745
1728493352.11	30	3194
1728493352.18	31	2905
1728493352.25	32	1452
1728493352.31	33	4374
1728493352.38	34	1791
1728493352.45	35	2436
1728493352.52	36	2432
1728493352.58	37	1685
1728493352.65	38	3217
1728493352.72	39	3878
1728493352.78	40	1386
1728493352.85	41	2852
1728493352.92	42	2992
1728493352.99	43	3580
1728493353.05	44	3015
1728493353.12	45	4245
1728493353.19	46	3369
1728493353.25	47	2395
1728493353.32	48	2566
1728493353.39	49	3020
1728493353.45	50	3474
1728493353.52	51	9
1739091460.96	1	2212
1739091461.16	4	2501
1739091461.23	5	2262
1739091461.29	6	1319
1739091461.36	7	2066
1739091461.43	8	2979
1739091461.49	9	3552
1739091461.56	10	4364
1739091461.63	11	2772
1739091461.70	12	2628
1739091461.76	13	2965
1739091461.83	14	1832
1739091461.90	15	1559
1739091461.96	16	4142
1739091462.03	17	4084
1739091462.10	18	3204
1739091462.17	19	2548
1739091462.23	20	2153
1739091462.30	21	9
1739091468.57	22	9
1739093262.87	1	1520
1739093262.93	2	3759
1739093263.00	3	3297
1739093263.07	4	1733
1739093263.14	5	1783
1739093263.20	6	1938
1739093263.27	7	2481
1739093263.40	9	3806
1739093263.47	10	3268
1739093263.54	11	3791
1739093263.61	12	2421
1739093263.67	13	2943
1739093263.74	14	2797
1739093263.81	15	4059
1739093263.87	16	2161
1739093263.94	17	3770
1739093264.01	18	1314
1739093264.08	19	2527
1739093264.14	20	3401
1739093264.21	21	3196
1739093264.28	22	4131
1739093264.34	23	3220
1739093264.41	24	9
1739093272.10	25	4220
1739093272.17	26	3933
1739093272.23	27	1864
1739093272.30	28	3927
1739093272.37	29	2916
1739093272.44	30	1864
1739093272.50	31	2436
1739093272.57	32	1526
1739093272.64	33	3328
1739093272.70	34	2435
1739093272.77	35	3439
1739093272.84	36	1238
1739093384.98	1	9
1739093390.70	2	9
1739093392.42	3	4192
1739093392.49	4	1534
1739093392.55	5	1789
1739093392.62	6	2309
1739093392.69	7	4352
1739093392.76	8	3915
1739093392.82	9	2207
1739093392.89	10	1712
1739093392.96	11	3951
1739093393.03	12	1503
1739093393.09	13	1207
1739093393.16	14	2725
1739093393.23	15	2742
1739093393.36	17	1500
1739093393.43	18	2577
1739093393.50	19	1334
1739093393.57	20	1950
1739093393.63	21	3376
1739093393.70	22	1297
1739093393.77	23	2702
1739093393.90	25	4377
1739093394.04	27	3752
1739093394.11	28	9
1739093603.12	1	9
1739093609.38	2	3483
1739093609.44	3	1354
1739093609.51	4	3680
1739093609.58	5	3035
1739093609.71	7	2114
1739093609.84	9	1453
1739093609.98	11	1342
1739093610.11	13	4320
1739093610.18	14	3025
1739093610.25	15	4052
1739093610.31	16	1997
1739093610.38	17	1709
1739093610.45	18	1951
1739093610.51	19	2095
1739093610.58	20	2949
1739093610.65	21	3920
1739093610.71	22	2949
1739093610.78	23	2426
1739093610.85	24	2369
1739093610.98	26	3604
1739093611.12	28	2095
1739093611.18	29	1672
1739093611.25	30	9
1739093857.75	1	3996
1739093857.82	2	1365
1739093857.88	3	3272
1739093857.95	4	2301
1739093858.02	5	2968
1739093858.09	6	4192
1739093858.22	8	4021
1739093858.29	9	3829
1739093858.36	10	1398
1739093858.49	12	3468
1739093858.56	13	1566
1739093858.63	14	3343
1739093858.69	15	3886
1739093858.76	16	1240
1739093858.83	17	3703
1739093858.89	18	2215
1739093858.96	19	3681
1739093859.03	20	4351
1739093859.10	21	1270
1739093859.16	22	3078
1739093859.30	24	2829
1739093859.37	25	4287
1739093859.50	27	4104
1739093859.57	28	1685
1739093859.64	29	1906
1739093859.70	30	3981
1739093859.77	31	1629
1739093903.89	1	1468
1739093903.95	2	3316
1739093904.02	3	2328
1739093904.09	4	2145
1739093904.16	5	1621
1739093904.22	6	4010
1739093904.36	8	1667
1739093904.43	9	1309
1739093904.49	10	2977
1739093904.56	11	3293
1739093904.63	12	4078
1739093904.70	13	2648
1739093904.76	14	3257
1739093904.83	15	1949
1739093958.83	1	9
1739094015.90	1	2034
1739094015.96	2	3475
1739094016.03	3	4017
1739094016.10	4	2580
1739094016.17	5	3499
1739094016.23	6	4359
1739094016.30	7	1701
1739094016.37	8	3830
1739094016.44	9	2867
1739094016.50	10	2775
1739094016.57	11	2490
1739094016.64	12	4027
1739094113.04	1	3912
1739094113.18	3	2455
1739094113.31	5	1380
1739094113.45	7	1748
1739094113.52	8	1988
1739094113.58	9	2918
1739094113.65	10	3113
1739094113.72	11	4140
1739094148.43	1	1207
1739094148.57	3	3225
1739094148.70	5	1951
1739094148.84	7	2462
1739094148.91	8	1902
1739094148.97	9	1536
1739094149.04	10	3352
1739094149.18	12	2067
1739094149.24	13	1347
1739094277.98	1	2412
1739094278.05	2	3706
1739094278.12	3	4377
1739094278.25	5	3326
1739094278.32	6	3418
1739094278.39	7	2201
1739094278.52	9	3581
1739094278.59	10	1676
1739094278.66	11	4063
1739094278.72	12	4029
1739094414.50	1	2699
1739094414.57	2	3156
1739094414.64	3	3446
1739094414.70	4	1393
1739094414.77	5	1666
1739094414.84	6	2218
1739094414.91	7	3602
1739094415.04	9	3176
1739094415.11	10	4003
1739094743.73	1	9
1739094790.76	1	9
1739094929.23	1	3676
1739094929.29	2	3017
1739094929.36	3	4186
1739094929.43	4	2003
1739094929.50	5	2238
1739094929.56	6	1407
1739094929.70	8	4247
1739094929.77	9	2250
1739094929.83	10	3949
1739095063.35	1	1881
1739095063.42	2	2868
1739095063.49	3	1516
1739095063.56	4	4198
1739095063.62	5	3255
1739095063.69	6	2706
1739095063.76	7	1409
1739095063.83	8	3553
1739095063.89	9	1421
1739095064.03	11	4119
1739095064.09	12	4229
1739095064.23	14	4240
1739095064.30	15	4289
1739095064.36	16	3769
1739095064.43	17	3456
1739095064.50	18	2689
1739095064.63	20	1711
1739095064.77	22	2602
1739095064.83	23	2612
1739095064.90	24	2624
1739095064.97	25	3786
1739095065.04	26	9
1739095069.13	27	9
1739095117.81	1	2577
1739095117.95	3	3263
1739095118.02	4	1630
1739095118.08	5	2091
1739095118.15	6	3442
1739095118.22	7	4265
1739095118.28	8	2617
1739095118.35	9	1864
1739095118.42	10	2841
1739095118.55	12	3096
1739095118.62	13	1844
1739095118.69	14	1870
1739095118.75	15	1640
1739095118.82	16	4396
1739095118.89	17	3586
1739095118.95	18	1339
1739095119.02	19	2440
1739095119.09	20	3306
1739095119.15	21	4210
1739095119.22	22	1291
1739095119.29	23	3222
1739095231.93	1	3560
1739095232.00	2	3361
1739095232.07	3	2975
1739095232.14	4	1704
1739095232.20	5	2111
1739095232.27	6	1766
1739095232.34	7	3263
1739095232.41	8	2314
1739095232.47	9	1838
1739095232.54	10	4254
1739095232.61	11	2916
1739095232.68	12	2648
1739095232.74	13	4160
1739095273.35	1	3092
1739095273.42	2	3091
1739095273.49	3	2666
1739095273.56	4	2693
1739095273.69	6	2619
1739095273.76	7	4176
1739095273.83	8	2120
1739095273.89	9	1704
1739095359.66	1	9
1739368860.10	1	1755
1739368860.17	2	1706
1739368860.24	3	2748
1739368860.37	5	2827
1739368860.44	6	1900
1739368860.51	7	1245
1739368860.58	8	3367
1739368860.64	9	1439
1739368860.78	11	2519
1739368860.91	13	3032
1739368861.05	15	1471
1739368861.11	16	3367
1739368861.18	17	3796
1739368861.25	18	3069
1739368861.31	19	3050
1739368861.38	20	2712
1739368861.45	21	3071
1739368861.58	23	1301
1739368861.65	24	4330
1739368861.72	25	1305
1739368861.78	26	1462
1739368861.85	27	9
1739368880.06	1	9
1739368885.50	2	9
1739375091.32	1	1642
1739375091.39	2	1426
1739375091.46	3	2942
1739375091.53	4	3740
1739375091.59	5	4094
1739375091.66	6	4223
1739375091.73	7	3767
1739375091.79	8	3370
1739375091.86	9	2481
1739375091.93	10	3903
1739375092.00	11	2650
1739375092.13	13	1354
1739375092.20	14	2598
1739375092.26	15	2746
1739375092.33	16	2796
1739375092.40	17	1679
1739375092.46	18	2177
1739375092.53	19	3753
1739375092.60	20	3764
1739375092.67	21	3784
1739375092.73	22	2713
1739375092.80	23	2456
1739375092.87	24	3714
1739375093.00	26	1493
1739375093.07	27	2798
1739375093.14	28	2362
1739375093.20	29	9
1739375095.71	30	9
1739375098.41	31	9
1739375100.07	32	3698
1739375100.14	33	3633
1739375100.21	34	4288
1739375100.34	36	4304
1739375100.41	37	2919
1739375100.47	38	2570
1739375100.54	39	1490
1739375100.61	40	1968
1739375100.68	41	2786
1739375100.74	42	3829
1739375100.81	43	3228
1739375100.88	44	1951
1739375100.94	45	3210
1739375101.01	46	4190
1739375101.08	47	2527
1739375101.21	49	1762
1739375101.28	50	1751
1739375178.11	1	9
1739375185.86	2	1299
1739375185.93	3	1284
1739375185.99	4	3895
1739375186.06	5	3090
1739375186.13	6	3579
1739375186.20	7	3385
1739375186.33	9	3390
1739375186.40	10	4313
1739375186.46	11	2267
1739375186.53	12	2539
1739375186.60	13	3570
1739375186.67	14	1323
1739375186.73	15	3147
1739375186.80	16	3670
1739375186.87	17	1479
1739375186.93	18	4290
1739375187.00	19	4110
1739375187.07	20	3259
1739375187.13	21	1712
1739375187.20	22	1393
1739375187.27	23	4205
1739375187.34	24	3543
1739375187.47	26	1668
1739375187.54	27	9
1740132896.65	1	9
1740132901.09	2	9
1740132945.36	1	1330
1740132945.42	2	2143
1740132945.49	3	4223
1740132945.56	4	2263
1740132945.63	5	1348
1740132945.69	6	4213
1740132945.76	7	1922
1740132945.89	9	2837
1740132945.96	10	2254
1740132946.03	11	1304
1740132946.10	12	1554
1740132946.16	13	3160
1740132946.23	14	2452
1740132946.30	15	1771
1740132946.36	16	2551
1740132946.43	17	3697
1740132946.50	18	1468
1740132946.57	19	3304
1740132946.63	20	1313
1740132946.70	21	1316
1740132946.77	22	3048
1740132946.83	23	9
1740132951.92	24	9
1761640068.20	2	2995
1761640068.26	3	3056
1761640068.33	4	1355
1761640068.40	5	1560
1761640068.53	7	3136
1761640068.60	8	2539
1761640068.67	9	4269
1761640068.73	10	3478
1761640068.80	11	2410
1761640068.87	12	2794
1761640069.00	14	1669
1761640069.07	15	1474
1761640069.14	16	3311
1761640069.20	17	2714
1761640069.27	18	2369
1761640069.47	21	9
1761640073.50	22	9
1761640075.67	23	9
1761641661.89	1	3495
1761641661.96	2	3851
1761641662.02	3	2072
1761641662.09	4	1408
1761641662.16	5	2483
1761641662.23	6	1319
1761641662.29	7	3184
1761641662.36	8	3816
1761641662.43	9	2863
1761641662.56	11	3025
1761641662.63	12	1707
1761641662.70	13	2230
1761641662.76	14	1527
1761641662.83	15	2991
1761641662.90	16	3562
1761641662.96	17	1344
1761641663.03	18	1448
1761641663.10	19	2675
1761641663.17	20	4290
1761641663.23	21	4137
1761641663.30	22	2077
1761641663.37	23	1963
1761641663.57	26	2356
1761641663.64	27	2727
1761641663.70	28	9
1761641671.19	29	2646
1761641671.26	30	2687
1761641671.32	31	1219
1761641671.39	32	1572
1761641671.46	33	3710
1761641671.52	34	4331
1761641671.59	35	1493
1761641671.73	37	1719
1761641671.79	38	2858
1761641993.06	1	3048
1761641993.13	2	2129
1761641993.19	3	1271
1761641993.26	4	3575
1761641993.33	5	2115
1761641993.40	6	1321
1761641993.46	7	4250
1761641993.53	8	4018
1761641993.60	9	4235
1761641993.66	10	1897
1761641993.73	11	4412
1761641993.80	12	2882
1761641993.87	13	3408
1761641993.93	14	1595
1761641994.07	16	1736
1761641994.13	17	2909
1761641994.20	18	4400
1761641994.27	19	1986
1761641994.34	20	2517
1761641994.40	21	3015
1761641994.47	22	3179
1761641994.54	23	1684
1761641994.61	24	3935
1761641994.67	25	3753
1761641994.87	28	9
1761642039.07	1	1690
1761642039.13	2	3779
1761642039.20	3	3258
1761642039.27	4	1799
1761642039.34	5	4175
1761642039.40	6	3492
1761642039.74	11	1484
1761642039.81	12	4258
1761642039.87	13	4069
1761642039.94	14	1584
1761642040.01	15	3640
1761642040.07	16	1841
1761642040.14	17	3409
1761642040.21	18	1763
1761642040.28	19	1935
1761642040.34	20	3615
1761642040.41	21	3791
1761642040.48	22	3175
1761642040.54	23	1313
1761642040.61	24	3337
1761642040.75	26	2249
1761642040.81	27	2845
1761642040.88	28	4168
1761642040.95	29	2902
1761642041.01	30	9
1761642157.81	1	9
1761642195.63	1	9
1761642200.09	2	9
1761642202.56	3	4242
1761642202.63	4	4362
1761642202.69	5	1285
1761642202.76	6	2295
1761642202.83	7	2420
1761642202.89	8	2993
1761642202.96	9	2973
1761642203.03	10	3805
1761642203.10	11	4182
1761642203.16	12	2392
1761642203.23	13	2586
1761642203.30	14	2219
1761642203.36	15	3055
1761642203.43	16	2665
1761642203.50	17	4335
1761642203.57	18	1188
1761642203.63	19	4209
1761642203.77	21	3416
1761642203.83	22	1272
1761642203.90	23	1674
1761642203.97	24	2333
1761642204.04	25	9
1761642208.52	26	9
1761642213.04	27	2923
1761642213.18	29	2255
1761642213.24	30	1939
1761642213.31	31	2382
1761642213.38	32	3443
1761642213.44	33	2440
1761642213.51	34	3851
1761642213.58	35	3708
1761642213.65	36	2844
1761642213.78	38	2813
1761642213.85	39	3674
1761642213.91	40	1804
1761642213.98	41	4028
1761642214.05	42	2798
1761642214.18	44	3646
1761642214.25	45	3356
1761642214.32	46	2223
1761642214.38	47	4222
1761642214.45	48	9
1761642220.68	49	9
1761642226.09	50	9
1761642227.56	51	9
1761642228.59	52	9
1761642233.04	53	9
1761642238.31	54	1716
1761642238.38	55	3020
1761642238.45	56	4068
1761642238.52	57	2878
1761642238.58	58	3383
1761642238.65	59	4144
1761642238.72	60	1436
1761642238.79	61	4280
1761642238.85	62	4215
1761642238.92	63	2440
1761642238.99	64	4042
1761642239.06	65	2017
1761642239.12	66	2606
1761642239.19	67	2064
1761642239.26	68	3391
1761642239.32	69	4302
1761642239.46	71	2482
1761642239.53	72	3406
1761642239.66	74	1815
1761642239.73	75	1330
1761642239.80	76	9
1761642244.40	77	9
1761642247.91	78	9
1761642255.09	79	2517
1761642255.15	80	2206
1761642255.22	81	2330
1761642255.36	83	2120
1761642255.42	84	1198
1761642255.56	86	3751
1761642255.63	87	4024
1761642255.76	89	2184
1761642255.83	90	4240
1761642255.96	92	3086
1761642256.03	93	2616
1761642256.09	94	3142
1761642256.16	95	2006
1761642256.30	97	2330
1761642256.36	98	4178
1761642256.43	99	2228
1761642256.50	100	2537
1761642256.56	101	3764
1761642256.63	102	9
1761642264.13	104	2273
1761642264.20	105	2144
1761642264.26	106	3564
1761642264.33	107	3145
1761642264.40	108	3824
1761642264.46	109	1416
1761642264.53	110	2491
1761642264.60	111	3973
1761642264.67	112	3895
1761642264.87	115	4276
1761642264.94	116	3587
1761642265.07	118	2964
1761642265.14	119	3345
1761642265.20	120	4207
1761642265.27	121	2258
1761642265.34	122	1249
1761642265.41	123	1746
1761642265.47	124	3694
1761642265.54	125	2694
1761642265.61	126	2381
1761642265.67	127	3193
1761642265.74	128	4056
1761642265.81	129	1601
1761642265.88	130	2484
1761642265.94	131	4272
1761642266.01	132	9
1761642273.43	133	9
1761642278.43	134	9
1761642284.76	135	9
1761642289.37	136	2738
1761642289.44	137	3882
1761642289.50	138	2880
1761642289.57	139	2180
1761642289.64	140	2948
1761642289.71	141	3551
1761642289.77	142	3971
1761642289.84	143	1401
1761642289.97	145	3122
1761642290.04	146	1302
1761642290.11	147	3469
1761642290.18	148	1381
1761642290.24	149	1845
1761642290.31	150	3031
1761642290.38	151	3649
1761642290.44	152	2171
1761642290.51	153	3613
1761642290.58	154	4343
1761642290.71	156	2646
1761642290.78	157	1619
1761642290.85	158	3864
1761642290.91	159	3414
1761642290.98	160	3712
1761642291.05	161	2462
1761642291.12	162	3520
1761642291.18	163	4074
1761642291.25	164	1377
1761642291.32	165	1540
1761642291.39	166	9
1761642292.83	167	1753
1761642292.90	168	3468
1761642292.97	169	3571
1761642293.03	170	2714
1761642293.17	172	2053
1761642293.24	173	2770
1761642293.30	174	3883
1761642293.37	175	1540
1761642293.44	176	1229
1761642293.51	177	2272
1761642293.57	178	2911
1761642293.64	179	1759
1761642293.71	180	3451
1761642293.77	181	3815
1761642293.84	182	1481
1761642293.91	183	3462
1761642293.98	184	1359
1761642294.11	186	2847
1761642294.18	187	3297
1761642294.25	188	2806
1761642294.38	190	4309
1761642294.45	191	2077
1761642294.51	192	3903
1761642294.58	193	4329
1761642294.65	194	1415
1761642294.72	195	1702
1761642294.78	196	4051
1761642294.85	197	4272
1761642294.92	198	3037
1761642294.98	199	3103
1761642295.05	200	9
1761642376.40	1	3034
1761642376.46	2	3693
1761642376.53	3	3708
1761642376.60	4	3070
1761642376.67	5	2152
1761642376.73	6	2813
1761642376.80	7	4210
1761642376.87	8	4050
1761642376.93	9	2264
1761642377.00	10	3277
1761642377.07	11	4016
1761642377.13	12	1817
1761642377.20	13	4106
1761642377.27	14	3121
1761642377.34	15	1485
1761642377.40	16	1619
1761642377.47	17	3837
1761642377.54	18	2672
1761642377.60	19	1405
1761642377.67	20	3102
1761642377.74	21	1848
1761642377.81	22	2549
1761642377.87	23	2810
1761642377.94	24	3800
1761642378.01	25	1477
1761642378.07	26	2351
1761642378.14	27	2443
1761642378.21	28	9
1761642380.20	29	1865
1761642380.27	30	1294
1761642380.34	31	3076
1761642380.41	32	2967
1761642380.47	33	2810
1761642380.54	34	1181
1761642380.67	36	4019
1761642380.74	37	2772
1761642380.81	38	4245
1761642380.88	39	2721
1761642380.94	40	2626
1761642381.01	41	3703
1761642381.08	42	4291
1761642381.14	43	2114
1761642381.21	44	4165
1761642381.28	45	1762
1761642381.35	46	1375
1761642381.41	47	2121
1761642381.48	48	3856
1761642381.61	50	2756
1761642381.68	51	1718
1761642381.75	52	2050
1761642381.82	53	9
1761642388.96	54	9
1761642392.82	55	9
1761642394.98	56	1827
1761642395.18	59	3837
1761642395.32	61	4024
1761642395.38	62	3392
1761642395.45	63	1227
1761642395.52	64	3118
1761642395.58	65	2499
1761642395.65	66	4349
1761642395.72	67	2062
1761642395.79	68	4144
1761642395.92	70	2681
1761642395.99	71	2525
1761642396.06	72	3276
1761642396.12	73	2557
1761642396.19	74	2546
1761642396.26	75	2097
1761642396.33	76	1710
1761642396.39	77	3969
1761642396.46	78	1558
1761642396.53	79	9
1761642399.91	80	9
1761642406.36	81	3600
1761642406.49	83	3824
1761642406.56	84	1511
1761642406.62	85	2578
1761642406.69	86	1344
1761642406.76	87	2793
1761642406.83	88	2255
1761642406.89	89	2304
1761642406.96	90	2079
1761642407.03	91	3234
1761642407.09	92	1437
1761642407.16	93	1877
1761642407.23	94	3916
1761642407.30	95	2364
1761642407.36	96	1994
1761642407.43	97	3237
1761642407.50	98	2541
1761642407.56	99	2838
1761642407.63	100	1684
1761642407.70	101	1316
1761642407.77	102	1817
1761642407.83	103	3278
1761642407.90	104	1532
1761642407.97	105	1606
1761642408.03	106	4008
1761642408.10	107	4180
1761642408.17	108	3399
1761642408.24	109	4104
1761642408.30	110	2757
1761642408.37	111	9
1761642412.45	112	9
1761642421.02	113	1367
1761642421.08	114	3562
1761642421.15	115	3253
1761642421.22	116	2127
1761642421.29	117	2917
1761642421.35	118	1642
1761642421.42	119	3850
1761642421.49	120	1425
1761642421.62	122	3145
1761642421.69	123	3848
1761642421.76	124	2309
1761642421.82	125	4323
1761642421.89	126	2648
1761642422.03	128	1838
1761642422.09	129	1472
1761642422.16	130	3662
1761642422.30	132	3326
1761642422.36	133	4365
1761642422.43	134	2777
1761642422.56	136	2702
1761642422.63	137	2909
1761642422.70	138	3312
1761642422.77	139	9
1761642486.54	1	2670
1761642486.61	2	2394
1761642486.67	3	1739
1761642486.74	4	2043
1761642486.81	5	3470
1761642486.87	6	3063
1761642486.94	7	2225
1761642487.01	8	3309
1761642487.07	9	2358
1761642487.14	10	2843
1761642487.21	11	1273
1761642487.28	12	2435
1761642487.34	13	3209
1761642487.48	15	3267
1761642487.55	16	2197
1761642487.61	17	1578
1761642487.68	18	3797
1761642487.81	20	9
1761642495.30	21	3104
1761642495.44	23	2399
1761642495.51	24	2123
1761642495.57	25	4346
1761642495.64	26	3540
1761642495.71	27	4029
1761642495.84	29	2351
1761642495.91	30	3503
1761642495.98	31	4161
1761642496.04	32	3893
1761642496.11	33	4234
1761642496.18	34	3624
1761642496.25	35	2401
1761642496.31	36	4342
1761642496.38	37	3847
1761642496.45	38	2328
1763153949.72	1	9
1763153957.22	2	1217
1763153957.29	3	2577
1763153957.36	4	2707
1763153957.42	5	4112
1763153957.49	6	2970
1763153957.56	7	2499
1763153957.63	8	2179
1763153957.69	9	1633
1763153957.76	10	2896
1763153957.83	11	2065
1763153957.90	12	2266
1763153957.96	13	2627
1763153958.03	14	2442
1763153958.10	15	3972
1763153958.16	16	3730
1763153958.30	18	2051
1763153958.37	19	3304
1763153958.43	20	4399
1763153958.50	21	2199
1763153958.57	22	4274
1763153958.64	23	3166
1763153958.70	24	9
1763154171.18	1	1461
1763154171.24	2	4362
1763154171.31	3	2842
1763154171.38	4	4070
1763154171.45	5	3050
1763154171.51	6	2798
1763154171.58	7	1150
1763154171.65	8	2715
1763154171.71	9	2397
1763154171.78	10	2298
1763154171.85	11	1969
1763154171.92	12	4384
1763154171.98	13	4338
1763154172.05	14	2599
1763154172.12	15	1434
1763154172.18	16	2144
1763154172.32	18	3961
1763154172.38	19	1678
1763154172.45	20	3496
1763154172.52	21	3378
1763154172.59	22	2459
1763154172.65	23	2333
1763154172.72	24	3177
1763154172.79	25	1872
1763154172.86	26	9
1763154604.83	1	9
1763154609.90	2	9
1763154611.76	3	9
1763154867.41	1	1807
1763154867.48	2	3746
1763154867.54	3	3289
1763154867.68	5	2471
1763154867.75	6	4079
1763154867.81	7	3452
1763154867.88	8	1720
1763154867.95	9	1518
1763154868.01	10	1948
1763154868.22	13	4175
1763154868.35	15	1285
1763154868.42	16	1988
1763154868.49	17	1937
1763154868.55	18	2640
1763154868.62	19	2052
1763154868.75	21	3215
1763154868.82	22	4407
1763154868.89	23	3402
1763154868.96	24	2509
1763154869.02	25	3881
1763154869.09	26	2723
1763154869.16	27	3313
1763154869.36	30	3520
1763154869.43	31	2055
1763154869.49	32	9
1763154873.11	33	1488
1763154873.18	34	1477
1763154873.25	35	3911
1763154873.31	36	1544
1763154873.38	37	1264
1763154873.45	38	1879
1763154873.52	39	2520
1763154873.65	41	3300
1763154873.72	42	2482
1763154873.79	43	3590
1763154873.85	44	2023
1763154873.92	45	4070
1763154874.05	47	3652
1763154874.12	48	2564
1763154874.26	50	3677
1763154874.32	51	1496
1763154874.39	52	3884
1763154874.46	53	3667
1763154874.53	54	1556
1763154874.59	55	9
1763155424.31	1	2512
1763155424.38	2	4195
1763155424.44	3	4293
1763155424.51	4	3800
1763155424.58	5	3555
1763155424.71	7	3548
1763155424.78	8	1243
1763155424.85	9	3253
1763155424.91	10	3878
1763155424.98	11	1826
1763155425.05	12	1633
1763155425.11	13	3881
1763155425.18	14	2028
1763155425.25	15	1671
1763155425.32	16	3662
1763155425.38	17	3262
1763155425.45	18	1628
1763155425.52	19	3493
1763155425.59	20	1566
1763155425.65	21	2629
1763155425.72	22	3554
1763155425.79	23	2283
1763155425.85	24	3700
1763155425.92	25	9
1763155430.06	26	9
