1728492711.06	1	[60.182792, 24.796085]
1728492717.51	2	[60.182759, 24.796080]
1728492739.65	1	[60.182792, 24.796085]
1728492743.87	2	[60.182759, 24.796080]
1728492860.53	1	[60.182792, 24.796085]
1728492865.23	2	[60.182759, 24.796080]
1728492900.86	1	[60.182792, 24.796085]
1728492907.65	2	[60.182759, 24.796080]
1728492920.62	1	[60.182792, 24.796085]
1728492926.14	2	[60.182759, 24.796080]
1728492951.74	1	[60.182792, 24.796085]
1728492960.45	2	[60.182759, 24.796080]
1728492971.43	1	[60.182792, 24.796085]
1728492981.11	2	[60.182759, 24.796080]
1728493081.40	1	[60.182792, 24.796085]
1728493085.83	2	[60.182759, 24.796080]
1728493091.01	3	[60.182734, 24.796031]
1728493101.48	1	[60.182792, 24.796085]
1728493110.12	2	[60.182759, 24.796080]
1728493123.60	1	[60.182792, 24.796085]
1728493128.39	2	[60.182759, 24.796080]
1728493180.54	1	[60.182792, 24.796085]
1728493184.62	2	[60.182759, 24.796080]
1728493189.28	3	[60.182734, 24.796031]
1728493221.32	1	[60.182792, 24.796085]
1728493225.30	2	[60.182759, 24.796080]
1728493229.70	3	[60.182734, 24.796031]
1728493289.06	1	[60.182792, 24.796085]
1728493295.97	2	[60.182759, 24.796080]
1728493343.84	1	[60.182792, 24.796085]
1728493347.85	2	[60.182759, 24.796080]
1728493352.03	3	[60.182734, 24.796031]
1739091460.96	1	[60.182792, 24.796085]
1739091465.15	2	[60.182759, 24.796080]
1739093262.87	1	[60.182792, 24.796085]
1739093384.98	1	[60.182792, 24.796085]
1739093389.06	2	[60.182759, 24.796080]
1739093393.23	3	[60.182734, 24.796031]
1739093603.12	1	[60.182792, 24.796085]
1739093612.58	2	[60.182759, 24.796080]
1739093857.75	1	[60.182792, 24.796085]
1739093903.89	1	[60.182792, 24.796085]
1739093958.83	1	[60.182792, 24.796085]
1739094015.90	1	[60.182792, 24.796085]
1739094113.04	1	[60.182792, 24.796085]
1739094148.43	1	[60.182792, 24.796085]
1739094277.98	1	[60.182792, 24.796085]
1739094414.50	1	[60.182792, 24.796085]
1739094743.73	1	[60.182792, 24.796085]
1739094790.76	1	[60.182792, 24.796085]
1739094929.23	1	[60.182792, 24.796085]
1739095063.35	1	[60.182792, 24.796085]
1739095071.36	2	[60.182759, 24.796080]
1739095117.81	1	[60.182792, 24.796085]
1739095231.93	1	[60.182792, 24.796085]
1739095273.35	1	[60.182792, 24.796085]
1739095359.66	1	[60.182792, 24.796085]
1739368860.11	1	[60.182792, 24.796085]
1739368866.35	2	[60.182759, 24.796080]
1739368880.06	1	[60.182792, 24.796085]
1739368885.43	2	[60.182759, 24.796080]
1739375091.33	1	[60.182792, 24.796085]
1739375100.51	2	[60.182759, 24.796080]
1739375178.11	1	[60.182792, 24.796085]
1739375183.74	2	[60.182759, 24.796080]
1740132896.64	1	[60.182792, 24.796085]
1740132904.02	2	[60.182759, 24.796080]
1740132945.36	1	[60.182792, 24.796085]
1740132950.73	2	[60.182759, 24.796080]
1740132955.19	3	[60.182734, 24.796031]
1761640068.13	1	[60.182792, 24.796085]
1761640074.12	2	[60.182759, 24.796080]
1761641661.89	1	[60.182792, 24.796085]
1761641670.40	2	[60.182759, 24.796080]
1761641993.06	1	[60.182792, 24.796085]
1761642039.07	1	[60.182792, 24.796085]
1761642157.81	1	[60.182792, 24.796085]
1761642195.62	1	[60.182792, 24.796085]
1761642201.70	2	[60.182759, 24.796080]
1761642207.78	3	[60.182734, 24.796031]
1761642213.74	4	[60.182715, 24.795930]
1761642222.80	5	[60.182692, 24.795887]
1761642229.51	6	[60.182676, 24.795844]
1761642253.19	7	[60.182666, 24.795775]
1761642260.35	8	[60.182675, 24.795653]
1761642267.96	9	[60.182684, 24.795536]
1761642275.42	10	[60.182693, 24.795426]
1761642281.45	11	[60.182709, 24.795528]
1761642289.52	12	[60.182707, 24.795554]
1761642294.76	13	[60.182715, 24.795542]
1761642376.39	1	[60.182792, 24.796085]
1761642381.00	2	[60.182759, 24.796080]
1761642386.49	3	[60.182734, 24.796031]
1761642392.79	4	[60.182715, 24.795930]
1761642400.58	5	[60.182692, 24.795887]
1761642406.90	6	[60.182676, 24.795844]
1761642423.80	7	[60.182666, 24.795775]
1761642431.32	8	[60.182675, 24.795653]
1761642486.54	1	[60.182792, 24.796085]
1761642494.68	2	[60.182759, 24.796080]
1763153949.72	1	[60.182792, 24.796085]
1763153955.11	2	[60.182759, 24.796080]
1763153958.82	3	[60.182734, 24.796031]
1763154171.17	1	[60.182792, 24.796085]
1763154176.76	2	[60.182759, 24.796080]
1763154180.67	3	[60.182734, 24.796031]
1763154604.83	1	[60.182792, 24.796085]
1763154614.28	2	[60.182759, 24.796080]
1763154867.41	1	[60.182792, 24.796085]
1763154873.38	2	[60.182759, 24.796080]
1763155424.31	1	[60.182792, 24.796085]
1763155433.71	2	[60.182759, 24.796080]
1767629435.63	1	[60.182792, 24.796085]
1767629439.70	2	[60.182759, 24.796080]
1767629443.53	3	[60.182734, 24.796031]
1767631676.38	1	[60.182792, 24.796085]
1767631682.22	2	[60.182759, 24.796080]
1767631686.24	3	[60.182734, 24.796031]
1767631690.46	4	[60.182715, 24.795930]
1767631696.30	5	[60.182692, 24.795887]
1767631701.98	6	[60.182676, 24.795844]
1767631718.14	7	[60.182666, 24.795775]
1767631726.02	8	[60.182675, 24.795653]
1767631732.60	9	[60.182684, 24.795536]
1767631740.25	10	[60.182693, 24.795426]
1767631747.54	11	[60.182709, 24.795528]
1767631753.07	12	[60.182707, 24.795554]
1767631760.86	13	[60.182715, 24.795542]
1767631961.96	1	[60.182792, 24.796085]
1767631968.00	2	[60.182759, 24.796080]
1767631975.06	3	[60.182734, 24.796031]
1767631979.72	4	[60.182715, 24.795930]
1767631989.85	5	[60.182692, 24.795887]
1767631996.16	6	[60.182676, 24.795844]
1767632004.92	7	[60.182666, 24.795775]
1767632012.67	8	[60.182675, 24.795653]
1767632019.53	9	[60.182684, 24.795536]
1767632031.51	10	[60.182693, 24.795426]
1767632048.18	11	[60.182709, 24.795528]
1767632056.73	12	[60.182707, 24.795554]
1767632260.78	1	[60.182792, 24.796085]
1767632268.75	2	[60.182759, 24.796080]
1767632274.98	3	[60.182734, 24.796031]
1767632283.28	4	[60.182715, 24.795930]
1767632290.73	5	[60.182692, 24.795887]
1767632307.91	6	[60.182676, 24.795844]
1767632319.83	7	[60.182666, 24.795775]
1767632325.87	8	[60.182675, 24.795653]
1767632334.99	9	[60.182684, 24.795536]
1767632342.41	10	[60.182693, 24.795426]
1767632353.25	11	[60.182709, 24.795528]
1767632361.50	12	[60.182707, 24.795554]
1767632370.16	13	[60.182715, 24.795542]
1767632377.91	14	[60.182720, 24.795523]
1767632385.56	15	[60.182725, 24.795491]
1767632392.13	16	[60.182729, 24.795462]
1767632405.04	17	[60.182731, 24.795469]
1767632411.29	18	[60.182730, 24.795462]
1767632424.28	19	[60.182727, 24.795463]
1767632433.67	20	[60.182722, 24.795474]
1767632439.98	21	[60.182715, 24.795496]
1767632452.12	22	[60.182713, 24.795517]
1767632457.77	23	[60.182708, 24.795545]
1767632470.25	24	[60.182703, 24.795581]
1767632476.00	25	[60.182703, 24.795594]
1767632487.68	26	[60.182702, 24.795603]
1767632496.66	27	[60.182703, 24.795622]
1767632506.93	28	[60.182703, 24.795652]
1767632511.48	29	[60.182703, 24.795681]
1767632517.99	30	[60.182702, 24.795687]
1767632524.05	31	[60.182701, 24.795692]
1767632536.96	32	[60.182697, 24.795705]
1767632556.07	33	[60.182688, 24.795699]
1767632571.69	34	[60.182680, 24.795698]
1767632581.33	35	[60.182673, 24.795700]
1767632586.92	36	[60.182665, 24.795701]
1767632594.82	37	[60.182660, 24.795690]
1767632601.73	38	[60.182654, 24.795665]
1767632606.88	39	[60.182653, 24.795658]
1767632615.89	40	[60.182652, 24.795634]
1767632627.21	41	[60.182662, 24.795666]
1767632630.88	42	[60.182671, 24.795702]
1767632638.41	43	[60.182677, 24.795732]
1767632643.51	44	[60.182682, 24.795751]
1767632648.60	45	[60.182685, 24.795766]
1767632657.59	46	[60.182689, 24.795778]
1767632685.88	47	[60.182701, 24.795806]
1767632700.69	48	[60.182720, 24.795835]
1767632715.26	49	[60.182746, 24.795870]
1767632728.01	50	[60.182767, 24.795902]
1767632733.86	51	[60.182779, 24.795879]
1767632739.80	52	[60.182787, 24.795866]
1767632746.51	53	[60.182790, 24.795860]
1767632768.76	54	[60.182790, 24.795858]
1767632789.22	55	[60.182778, 24.795761]
1767632802.42	56	[60.182770, 24.795677]
1767632808.68	57	[60.182764, 24.795597]
1767632816.74	58	[60.182736, 24.795516]
1767632822.09	59	[60.182707, 24.795452]
1767632828.35	60	[60.182669, 24.795171]
1767632832.80	61	[60.182639, 24.794941]
1767632844.09	62	[60.182605, 24.794792]
1767632852.51	63	[60.182582, 24.794659]
1767632869.54	64	[60.182569, 24.794559]
1767632888.53	65	[60.182556, 24.794476]
1767632905.71	66	[60.182441, 24.794300]
1767632937.35	67	[60.182204, 24.794121]
1767632958.39	68	[60.182071, 24.794065]
1767632984.29	69	[60.181805, 24.794020]
1767633001.83	70	[60.181767, 24.794056]
1767633017.64	71	[60.181549, 24.794385]
1767633050.81	72	[60.181323, 24.794525]
1767633060.07	73	[60.180997, 24.794622]
1767633076.77	74	[60.180535, 24.795446]
1767633093.77	75	[60.180239, 24.796008]
1767633107.17	76	[60.180169, 24.796143]
1767633119.53	77	[60.179737, 24.796005]
1767633132.05	78	[60.179519, 24.796221]
1767633142.68	79	[60.179467, 24.796300]
1767633153.80	80	[60.179412, 24.796450]
1767633167.02	81	[60.179291, 24.796351]
1767633181.76	82	[60.179051, 24.796658]
1767633191.48	83	[60.178977, 24.796813]
1767633215.25	84	[60.178946, 24.796881]
1767633249.04	85	[60.178919, 24.797015]
1767633271.45	86	[60.178722, 24.797363]
1767633292.01	87	[60.178710, 24.797445]
1775147903.33	1	[60.182792, 24.796085]
1775147908.34	2	[60.182759, 24.796080]
1775147988.45	1	[60.182792, 24.796085]
1775147994.23	2	[60.182759, 24.796080]
1775147997.88	3	[60.182734, 24.796031]
1775148010.65	1	[60.182792, 24.796085]
1775148029.26	1	[60.182792, 24.796085]
1775148089.47	1	[60.182792, 24.796085]
1775148094.38	2	[60.182759, 24.796080]
1775148098.06	3	[60.182734, 24.796031]
1775148324.84	1	[60.182792, 24.796085]
1775148329.33	2	[60.182759, 24.796080]
1775148333.95	3	[60.182734, 24.796031]
1775152725.84	1	[60.182792, 24.796085]
1775152733.46	2	[60.182759, 24.796080]
1775152740.25	3	[60.182734, 24.796031]
1775152746.70	4	[60.182715, 24.795930]
1775152753.06	5	[60.182692, 24.795887]
1775152759.94	6	[60.182676, 24.795844]
1775152783.91	7	[60.182666, 24.795775]
1775152788.95	8	[60.182675, 24.795653]
1775152793.69	9	[60.182684, 24.795536]
1775152800.43	10	[60.182693, 24.795426]
1775152871.63	1	[60.182792, 24.796085]
1775152876.69	2	[60.182759, 24.796080]
1775152881.80	3	[60.182734, 24.796031]
1775152885.23	19	[60.182727, 24.795463]
1775152885.93	4	[60.182715, 24.795930]
1775152899.62	5	[60.182692, 24.795887]
1775152907.67	20	[60.182722, 24.795474]
1775152915.10	6	[60.182676, 24.795844]
1775152916.18	21	[60.182715, 24.795496]
1775152925.60	22	[60.182713, 24.795517]
1775152928.65	7	[60.182666, 24.795775]
1775152931.51	23	[60.182708, 24.795545]
1775152934.31	8	[60.182675, 24.795653]
1775152937.43	24	[60.182703, 24.795581]
1775152939.79	9	[60.182684, 24.795536]
1775152946.13	25	[60.182703, 24.795594]
1775152956.92	10	[60.182693, 24.795426]
1775152961.79	26	[60.182702, 24.795603]
1775152962.70	11	[60.182709, 24.795528]
1775152967.90	12	[60.182707, 24.795554]
1775152971.98	27	[60.182703, 24.795622]
1775152978.13	28	[60.182703, 24.795652]
1775152982.10	13	[60.182715, 24.795542]
1775152988.33	29	[60.182703, 24.795681]
1775152991.53	14	[60.182720, 24.795523]
1775152995.46	30	[60.182702, 24.795687]
1775153000.71	31	[60.182701, 24.795692]
1775153001.65	15	[60.182725, 24.795491]
1775153007.78	32	[60.182697, 24.795705]
1775153013.19	16	[60.182729, 24.795462]
1775153020.38	33	[60.182688, 24.795699]
1775153027.33	17	[60.182731, 24.795469]
1775153030.18	34	[60.182680, 24.795698]
1775153033.83	18	[60.182730, 24.795462]
1775153040.37	35	[60.182673, 24.795700]
1775153044.45	19	[60.182727, 24.795463]
1775153046.06	36	[60.182665, 24.795701]
1775153054.03	20	[60.182722, 24.795474]
1775153054.61	37	[60.182660, 24.795690]
1775153059.59	38	[60.182654, 24.795665]
1775153069.04	21	[60.182715, 24.795496]
1775153070.16	39	[60.182653, 24.795658]
1775153077.14	40	[60.182652, 24.795634]
1775153080.24	22	[60.182713, 24.795517]
1775153082.17	41	[60.182662, 24.795666]
1775153086.55	23	[60.182708, 24.795545]
1775153088.38	42	[60.182671, 24.795702]
1775153094.00	24	[60.182703, 24.795581]
1775153100.14	25	[60.182703, 24.795594]
1775153102.57	43	[60.182677, 24.795732]
1775153105.37	26	[60.182702, 24.795603]
1775153109.25	44	[60.182682, 24.795751]
1775153114.08	45	[60.182685, 24.795766]
1775153114.47	27	[60.182703, 24.795622]
1775153125.04	46	[60.182689, 24.795778]
1775153130.27	28	[60.182703, 24.795652]
1775153136.15	29	[60.182703, 24.795681]
1775153144.69	30	[60.182702, 24.795687]
1775153152.88	47	[60.182701, 24.795806]
1775153153.20	31	[60.182701, 24.795692]
1775153159.80	32	[60.182697, 24.795705]
1775153173.95	48	[60.182720, 24.795835]
1775153184.22	49	[60.182746, 24.795870]
1775153189.31	33	[60.182688, 24.795699]
1775153194.82	50	[60.182767, 24.795902]
1775153196.10	34	[60.182680, 24.795698]
1775153206.41	35	[60.182673, 24.795700]
1775153207.08	51	[60.182779, 24.795879]
1775153212.49	36	[60.182665, 24.795701]
1775153220.29	37	[60.182660, 24.795690]
1775153220.67	52	[60.182787, 24.795866]
1775153227.35	38	[60.182654, 24.795665]
1775153233.62	39	[60.182653, 24.795658]
1775153234.66	53	[60.182790, 24.795860]
1775153244.49	40	[60.182652, 24.795634]
1775153253.86	54	[60.182790, 24.795858]
1775153258.22	41	[60.182662, 24.795666]
1775153266.60	55	[60.182778, 24.795761]
1775153268.47	42	[60.182671, 24.795702]
1775153274.54	43	[60.182677, 24.795732]
1775153280.84	44	[60.182682, 24.795751]
1775153286.92	56	[60.182770, 24.795677]
1775153290.78	45	[60.182685, 24.795766]
1775153294.83	57	[60.182764, 24.795597]
1775153299.74	46	[60.182689, 24.795778]
1775153301.28	58	[60.182736, 24.795516]
1775153306.75	59	[60.182707, 24.795452]
1775153314.96	47	[60.182701, 24.795806]
1775153316.33	60	[60.182669, 24.795171]
1775153322.79	61	[60.182639, 24.794941]
1775153328.24	62	[60.182605, 24.794792]
1775153340.78	63	[60.182582, 24.794659]
1775153353.04	48	[60.182720, 24.795835]
1775153356.66	64	[60.182569, 24.794559]
1775153366.14	49	[60.182746, 24.795870]
1775153373.93	65	[60.182556, 24.794476]
1775153385.84	50	[60.182767, 24.795902]
1775153390.71	66	[60.182441, 24.794300]
1775153395.27	51	[60.182779, 24.795879]
1775153401.36	52	[60.182787, 24.795866]
1775153416.03	53	[60.182790, 24.795860]
1775153431.35	54	[60.182790, 24.795858]
1775153434.41	67	[60.18221775203462.75	1	[60.182792, 24.796085]
1775203470.32	2	[60.182759, 24.796080]
1775203474.59	3	[60.182734, 24.796031]
1775203479.02	4	[60.182715, 24.795930]
1775203485.73	5	[60.182692, 24.795887]
1775203878.83	1	[60.182792, 24.796085]
1775203881.02	40	[60.182652, 24.795634]
1775203885.83	43	[60.182677, 24.795732]
1775203888.21	2	[60.182759, 24.796080]
1775203888.78	41	[60.182662, 24.795666]
1775203895.47	44	[60.182682, 24.795751]
1775203897.99	3	[60.182734, 24.796031]
1775203899.91	4	[60.182715, 24.795930]
1775203899.97	42	[60.182671, 24.795702]
1775203906.83	5	[60.182692, 24.795887]
1775203906.83	46	[60.182689, 24.795778]
1775203908.13	43	[60.182677, 24.795732]
