1728492711.06	1	17.8 C
1728492712.06	2	9.6 C
1728492713.06	3	-1.1 C
1728492714.06	4	-4.5 C
1728492715.06	5	-2.7 C
1728492716.06	6	9.3 C
1728492717.06	7	-2.8 C
1728492718.06	8	0.9 C
1728492719.06	9	7.7 C
1728492720.06	10	-4.5 C
1728492739.66	1	40.5 C
1728492740.66	2	29.5 C
1728492741.66	3	21.7 C
1728492742.66	4	37.0 C
1728492743.66	5	42.7 C
1728492744.66	6	24.5 C
1728492745.66	7	43.0 C
1728492746.66	8	39.2 C
1728492747.66	9	38.3 C
1728492748.66	10	43.8 C
1728492860.53	1	0.1 C
1728492861.53	2	-21.9 C
1728492862.53	3	-30.0 C
1728492863.53	4	-30.4 C
1728492864.53	5	-7.5 C
1728492865.53	6	-1.7 C
1728492866.53	7	-3.7 C
1728492867.53	8	9.3 C
1728492868.53	9	-18.2 C
1728492869.53	10	-23.5 C
1728492900.87	1	20.0 C
1728492901.87	2	8.9 C
1728492902.87	3	-1.9 C
1728492903.87	4	11.4 C
1728492904.87	5	-14.2 C
1728492905.87	6	-19.5 C
1728492906.87	7	-6.4 C
1728492907.87	8	11.6 C
1728492908.87	9	-13.1 C
1728492909.87	10	-9.4 C
1728492920.63	1	37.9 C
1728492921.63	2	38.2 C
1728492922.63	3	51.1 C
1728492923.63	4	37.4 C
1728492924.63	5	48.8 C
1728492925.63	6	51.8 C
1728492926.63	7	64.6 C
1728492927.63	8	54.2 C
1728492928.63	9	45.8 C
1728492929.63	10	51.7 C
1728492951.74	1	54.9 C
1728492952.74	2	51.0 C
1728492953.74	3	49.1 C
1728492954.74	4	24.5 C
1728492955.75	5	17.3 C
1728492956.75	6	30.8 C
1728492957.75	7	24.5 C
1728492958.75	8	42.9 C
1728492959.75	9	9.1 C
1728492960.75	10	26.4 C
1728492971.43	1	28.0 C
1728492972.43	2	27.0 C
1728492973.43	3	18.3 C
1728492974.43	4	20.8 C
1728492975.43	5	21.5 C
1728492976.43	6	34.9 C
1728492977.43	7	12.7 C
1728492978.43	8	6.5 C
1728492979.43	9	43.2 C
1728492980.43	10	36.8 C
1728493081.39	1	7.9 C
1728493082.39	2	8.1 C
1728493083.39	3	10.1 C
1728493084.40	4	-2.2 C
1728493085.40	5	17.2 C
1728493086.40	6	8.9 C
1728493087.40	7	12.2 C
1728493088.40	8	21.2 C
1728493089.40	9	0.3 C
1728493090.40	10	-1.3 C
1728493101.48	1	11.0 C
1728493102.48	2	27.4 C
1728493103.48	3	29.1 C
1728493104.48	4	53.4 C
1728493105.49	5	17.5 C
1728493106.49	6	25.7 C
1728493107.49	7	14.2 C
1728493108.49	8	41.9 C
1728493109.49	9	27.7 C
1728493110.49	10	18.8 C
1728493123.61	1	-31.5 C
1728493124.61	2	-6.8 C
1728493125.61	3	-27.5 C
1728493126.61	4	-41.4 C
1728493127.61	5	-27.9 C
1728493128.61	6	-19.7 C
1728493129.61	7	-21.3 C
1728493130.61	8	-30.5 C
1728493131.61	9	-28.7 C
1728493132.61	10	-32.6 C
1728493180.54	1	20.1 C
1728493181.54	2	34.4 C
1728493182.54	3	17.6 C
1728493183.54	4	25.8 C
1728493184.54	5	45.2 C
1728493185.54	6	12.6 C
1728493186.54	7	37.2 C
1728493187.55	8	29.9 C
1728493188.55	9	35.7 C
1728493189.55	10	34.3 C
1728493221.32	1	16.9 C
1728493222.32	2	3.7 C
1728493223.32	3	19.7 C
1728493224.33	4	21.4 C
1728493225.33	5	22.2 C
1728493226.33	6	19.3 C
1728493227.33	7	2.3 C
1728493228.33	8	36.2 C
1728493229.33	9	20.8 C
1728493230.33	10	27.1 C
1728493289.06	1	48.6 C
1728493290.06	2	60.9 C
1728493291.06	3	55.1 C
1728493292.06	4	47.3 C
1728493293.06	5	51.5 C
1728493294.06	6	34.7 C
1728493295.06	7	64.2 C
1728493296.06	8	43.3 C
1728493297.06	9	47.4 C
1728493298.06	10	45.4 C
1728493343.84	1	-3.8 C
1728493344.84	2	7.9 C
1728493345.84	3	11.6 C
1728493346.84	4	3.4 C
1728493347.84	5	1.5 C
1728493348.84	6	0.7 C
1728493349.84	7	3.5 C
1728493350.84	8	2.1 C
1728493351.84	9	13.2 C
1728493352.84	10	7.1 C
1739091460.96	1	-8.3 C
1739091461.96	2	-16.9 C
1739091462.96	3	-4.4 C
1739091463.96	4	-2.8 C
1739091464.96	5	0.5 C
1739091465.96	6	1.9 C
1739091466.96	7	-7.2 C
1739091467.96	8	5.0 C
1739091468.96	9	1.5 C
1739091469.96	10	-9.9 C
1739093262.87	1	47.0 C
1739093263.87	2	36.1 C
1739093264.87	3	40.8 C
1739093265.87	4	38.1 C
1739093266.87	5	61.6 C
1739093267.87	6	55.7 C
1739093268.87	7	39.8 C
1739093269.87	8	48.6 C
1739093270.87	9	66.2 C
1739093271.87	10	39.0 C
1739093384.98	1	-39.4 C
1739093385.98	2	-26.4 C
1739093386.98	3	-24.4 C
1739093387.98	4	-30.3 C
1739093388.98	5	-21.0 C
1739093389.98	6	-17.8 C
1739093390.98	7	-13.8 C
1739093391.98	8	-23.7 C
1739093392.98	9	-27.0 C
1739093393.98	10	-31.0 C
1739093603.12	1	-20.8 C
1739093604.12	2	-13.5 C
1739093605.12	3	-28.2 C
1739093606.12	4	-20.9 C
1739093607.12	5	-18.3 C
1739093608.12	6	-19.0 C
1739093609.12	7	-26.1 C
1739093610.12	8	-23.3 C
1739093611.12	9	-25.9 C
1739093612.12	10	-21.2 C
1739093857.75	1	-11.9 C
1739093858.75	2	1.8 C
1739093859.75	3	-2.5 C
1739093903.89	1	31.6 C
1739093958.83	1	33.9 C
1739093959.83	2	34.9 C
1739094015.90	1	18.9 C
1739094113.04	1	25.4 C
1739094148.43	1	-3.8 C
1739094277.98	1	-25.6 C
1739094414.50	1	-5.8 C
1739094743.73	1	-10.1 C
1739094790.76	1	34.3 C
1739094929.23	1	48.9 C
1739095063.35	1	6.9 C
1739095064.36	2	39.5 C
1739095065.36	3	27.4 C
1739095066.36	4	9.9 C
1739095067.36	5	13.8 C
1739095068.36	6	17.9 C
1739095069.36	7	3.2 C
1739095070.36	8	12.1 C
1739095071.36	9	15.1 C
1739095072.36	10	21.3 C
1739095117.81	1	-1.6 C
1739095118.81	2	0.6 C
1739095231.93	1	16.7 C
1739095273.36	1	-5.4 C
1739095359.66	1	15.5 C
1739095360.66	2	29.6 C
1739368860.10	1	52.0 C
1739368861.11	2	42.0 C
1739368862.11	3	33.0 C
1739368863.11	4	59.9 C
1739368864.11	5	46.9 C
1739368865.11	6	47.7 C
1739368866.11	7	35.6 C
1739368867.11	8	55.6 C
1739368868.11	9	53.4 C
1739368869.11	10	57.4 C
1739368880.06	1	16.3 C
1739368881.06	2	27.2 C
1739368882.06	3	11.2 C
1739368883.06	4	6.9 C
1739368884.06	5	32.3 C
1739368885.06	6	13.0 C
1739368886.06	7	15.0 C
1739368887.06	8	9.5 C
1739368888.06	9	8.8 C
1739368889.06	10	4.4 C
1739375091.33	1	10.3 C
1739375092.33	2	-16.3 C
1739375093.33	3	14.9 C
1739375094.33	4	-2.4 C
1739375095.33	5	1.7 C
1739375096.33	6	-10.1 C
1739375097.33	7	12.9 C
1739375098.33	8	21.2 C
1739375099.33	9	14.1 C
1739375100.33	10	15.1 C
1739375178.11	1	-20.3 C
1739375179.11	2	-13.9 C
1739375180.11	3	-12.1 C
1739375181.11	4	0.2 C
1739375182.11	5	-22.0 C
1739375183.11	6	-36.3 C
1739375184.11	7	-4.9 C
1739375185.11	8	-11.7 C
1739375186.11	9	-12.5 C
1739375187.11	10	-5.8 C
1740132896.64	1	-10.3 C
1740132897.64	2	-30.5 C
1740132898.64	3	-5.3 C
1740132899.64	4	-10.1 C
1740132900.64	5	-17.8 C
1740132901.64	6	23.3 C
1740132902.64	7	-23.8 C
1740132903.64	8	-11.7 C
1740132904.64	9	-8.4 C
1740132905.64	10	-5.3 C
1740132945.36	1	38.0 C
1740132946.36	2	11.9 C
1740132947.36	3	11.3 C
1740132948.36	4	9.3 C
1740132949.36	5	12.6 C
1740132950.36	6	8.4 C
1740132951.36	7	23.0 C
1740132952.36	8	29.4 C
1740132953.36	9	8.7 C
1740132954.36	10	6.1 C
1761640068.13	1	14.5 C
1761640069.13	2	10.5 C
1761640070.13	3	18.4 C
1761640071.13	4	30.1 C
1761640072.13	5	20.4 C
1761640073.13	6	41.7 C
1761640074.13	7	12.4 C
1761640075.13	8	24.5 C
1761640076.13	9	19.1 C
1761640077.13	10	13.3 C
1761641661.89	1	41.6 C
1761641662.89	2	8.1 C
1761641663.89	3	19.3 C
1761641664.89	4	31.9 C
1761641665.89	5	22.2 C
1761641666.89	6	44.1 C
1761641667.89	7	32.4 C
1761641668.89	8	32.8 C
1761641669.89	9	45.2 C
1761641670.89	10	23.3 C
1761641993.06	1	21.4 C
1761641994.06	2	8.1 C
1761641995.06	3	16.0 C
1761641996.06	4	5.9 C
1761641997.06	5	23.7 C
1761642039.07	1	-27.6 C
1761642040.07	2	-13.9 C
1761642157.81	1	21.0 C
1761642158.81	2	2.4 C
1761642195.62	1	-1.2 C
1761642196.62	2	13.5 C
1761642197.62	3	7.6 C
1761642198.62	4	-24.5 C
1761642199.62	5	-18.5 C
1761642200.62	6	28.7 C
1761642201.62	7	8.9 C
1761642202.62	8	0.3 C
1761642203.62	9	-18.7 C
1761642204.62	10	9.9 C
1761642205.63	11	6.1 C
1761642206.63	12	-1.5 C
1761642207.63	13	7.0 C
1761642208.63	14	17.8 C
1761642209.63	15	-9.3 C
1761642210.63	16	9.8 C
1761642211.63	17	-5.9 C
1761642212.63	18	-9.2 C
1761642213.63	19	38.0 C
1761642214.63	20	14.7 C
1761642215.63	21	14.9 C
1761642216.63	22	-2.1 C
1761642217.63	23	7.5 C
1761642218.63	24	15.4 C
1761642219.63	25	8.3 C
1761642220.63	26	8.3 C
1761642221.63	27	16.7 C
1761642222.63	28	7.5 C
1761642223.63	29	4.3 C
1761642224.63	30	19.2 C
1761642225.63	31	-16.2 C
1761642226.63	32	15.8 C
1761642227.63	33	-6.7 C
1761642228.63	34	-12.7 C
1761642229.63	35	1.4 C
1761642230.63	36	6.9 C
1761642231.63	37	3.1 C
1761642232.64	38	10.5 C
1761642233.64	39	4.7 C
1761642234.64	40	0.9 C
1761642235.64	41	27.7 C
1761642236.64	42	-5.3 C
1761642237.64	43	14.1 C
1761642238.64	44	-3.9 C
1761642239.64	45	4.5 C
1761642240.64	46	8.2 C
1761642241.64	47	9.8 C
1761642242.64	48	14.2 C
1761642243.64	49	0.3 C
1761642244.64	50	-3.4 C
1761642245.64	51	0.3 C
1761642246.64	52	9.6 C
1761642247.64	53	6.4 C
1761642248.64	54	-17.3 C
1761642249.64	55	-5.3 C
1761642250.64	56	27.8 C
1761642251.64	57	17.7 C
1761642252.64	58	13.7 C
1761642253.65	59	11.4 C
1761642254.65	60	13.2 C
1761642255.65	61	11.6 C
1761642256.65	62	19.8 C
1761642257.65	63	-8.4 C
1761642258.65	64	3.3 C
1761642259.65	65	-10.5 C
1761642260.65	66	13.8 C
1761642261.65	67	4.7 C
1761642262.65	68	8.7 C
1761642263.65	69	21.7 C
1761642264.65	70	-5.2 C
1761642265.65	71	-6.7 C
1761642266.65	72	13.6 C
1761642267.65	73	23.8 C
1761642268.65	74	5.2 C
1761642269.65	75	-8.0 C
1761642270.65	76	4.9 C
1761642271.65	77	-4.4 C
1761642272.65	78	20.6 C
1761642273.65	79	1.0 C
1761642274.65	80	3.3 C
1761642275.65	81	12.0 C
1761642276.65	82	-2.3 C
1761642277.65	83	8.3 C
1761642278.65	84	16.5 C
1761642279.65	85	9.0 C
1761642280.65	86	-4.2 C
1761642281.66	87	3.7 C
1761642282.66	88	-3.1 C
1761642283.66	89	12.8 C
1761642284.66	90	-1.7 C
1761642285.66	91	18.4 C
1761642286.66	92	10.6 C
1761642287.66	93	11.5 C
1761642288.66	94	-10.6 C
1761642289.66	95	-2.1 C
1761642290.66	96	-6.6 C
1761642291.66	97	37.8 C
1761642292.66	98	9.8 C
1761642293.66	99	6.3 C
1761642294.66	100	-3.1 C
1761642376.39	1	15.0 C
1761642377.39	2	8.8 C
1761642378.39	3	9.4 C
1761642379.39	4	8.6 C
1761642380.39	5	15.2 C
1761642381.39	6	13.2 C
1761642382.40	7	11.5 C
1761642383.40	8	9.5 C
1761642384.40	9	1.3 C
1761642385.40	10	4.8 C
1761642386.40	11	-2.9 C
1761642387.40	12	6.4 C
1761642388.40	13	35.5 C
1761642389.40	14	4.1 C
1761642390.40	15	7.0 C
1761642391.40	16	25.2 C
1761642392.40	17	30.6 C
1761642393.40	18	16.8 C
1761642394.40	19	15.8 C
1761642395.40	20	-1.0 C
1761642396.40	21	-3.5 C
1761642397.40	22	16.7 C
1761642398.40	23	8.0 C
1761642399.40	24	6.8 C
1761642400.40	25	14.8 C
1761642401.40	26	32.0 C
1761642402.40	27	17.9 C
1761642403.40	28	7.4 C
1761642404.40	29	28.1 C
1761642405.41	30	11.6 C
1761642406.41	31	29.6 C
1761642407.41	32	11.8 C
1761642408.41	33	21.8 C
1761642409.41	34	-3.5 C
1761642410.41	35	0.8 C
1761642411.41	36	21.6 C
1761642412.41	37	17.6 C
1761642413.41	38	12.1 C
1761642414.41	39	13.0 C
1761642415.41	40	16.0 C
1761642416.41	41	20.0 C
1761642417.41	42	6.3 C
1761642418.41	43	-13.6 C
1761642419.41	44	28.3 C
1761642420.41	45	34.2 C
1761642421.41	46	2.7 C
1761642422.41	47	14.2 C
1761642423.41	48	22.0 C
1761642424.41	49	31.0 C
1761642425.41	50	2.9 C
1761642426.41	51	11.0 C
1761642427.42	52	9.4 C
1761642428.42	53	8.3 C
1761642429.42	54	24.8 C
1761642430.42	55	4.6 C
1761642431.42	56	-8.0 C
1761642432.42	57	9.9 C
1761642486.54	1	-18.3 C
1761642487.54	2	-13.2 C
1761642488.54	3	-23.1 C
1761642489.54	4	-27.1 C
1761642490.54	5	-22.2 C
1761642491.54	6	0.9 C
1761642492.54	7	-14.1 C
1761642493.54	8	-6.8 C
1761642494.54	9	-3.5 C
1761642495.54	10	-31.5 C
1763153949.72	1	18.7 C
1763153950.72	2	15.0 C
1763153951.72	3	27.2 C
1763153952.72	4	30.8 C
1763153953.72	5	28.4 C
1763153954.72	6	22.1 C
1763153955.72	7	25.8 C
1763153956.73	8	22.0 C
1763153957.73	9	15.1 C
1763153958.73	10	16.7 C
1763154171.17	1	-23.1 C
1763154172.17	2	-33.2 C
1763154173.17	3	-10.2 C
1763154174.17	4	-24.2 C
1763154175.17	5	-33.5 C
1763154176.17	6	-13.3 C
1763154177.17	7	-13.5 C
1763154178.18	8	-24.6 C
1763154179.18	9	-6.3 C
1763154180.18	10	-18.8 C
1763154604.83	1	-3.6 C
1763154605.83	2	10.9 C
1763154606.83	3	3.6 C
1763154607.83	4	-3.6 C
1763154608.83	5	-3.1 C
1763154609.83	6	16.1 C
1763154610.83	7	-5.0 C
1763154611.83	8	12.0 C
1763154612.84	9	-5.3 C
1763154613.84	10	7.1 C
1763154867.41	1	47.5 C
1763154868.41	2	28.8 C
1763154869.41	3	46.4 C
1763154870.41	4	49.5 C
1763154871.41	5	41.5 C
1763154872.41	6	49.0 C
1763154873.41	7	42.3 C
1763154874.41	8	39.9 C
1763154875.41	9	50.8 C
1763154876.41	10	53.8 C
1763155424.32	1	26.3 C
1763155425.32	2	27.7 C
1763155426.32	3	1.4 C
1763155427.32	4	9.2 C
1763155428.32	5	11.4 C
1763155429.32	6	12.8 C
1763155430.32	7	20.4 C
1763155431.32	8	11.7 C
1763155432.33	9	-1.2 C
1763155433.33	10	26.5 C
1767629435.63	1	-8.2 C
1767629436.63	2	-18.6 C
1767629437.63	3	-12.4 C
1767629438.63	4	8.5 C
1767629439.63	5	-7.4 C
1767629440.63	6	-15.0 C
1767629441.63	7	-16.2 C
1767629442.63	8	-18.9 C
1767629443.63	9	-22.0 C
1767629444.63	10	-33.7 C
1767631676.38	1	-13.7 C
1767631677.38	2	0.3 C
1767631678.38	3	8.0 C
1767631679.38	4	9.2 C
1767631680.38	5	-10.2 C
1767631681.38	6	14.6 C
1767631682.38	7	0.5 C
1767631683.38	8	7.2 C
1767631684.38	9	5.4 C
1767631685.38	10	0.0 C
1767631686.38	11	16.8 C
1767631687.38	12	-14.1 C
1767631688.38	13	5.5 C
1767631689.38	14	7.8 C
1767631690.38	15	6.6 C
1767631691.38	16	16.8 C
1767631692.38	17	7.6 C
1767631693.38	18	22.7 C
1767631694.38	19	17.9 C
1767631695.38	20	-2.5 C
1767631696.38	21	5.1 C
1767631697.38	22	10.6 C
1767631698.39	23	0.8 C
1767631699.39	24	26.5 C
1767631700.39	25	20.5 C
1767631701.39	26	5.3 C
1767631702.39	27	12.9 C
1767631703.39	28	17.0 C
1767631704.39	29	20.4 C
1767631705.39	30	21.0 C
1767631706.39	31	20.2 C
1767631707.39	32	13.4 C
1767631708.39	33	10.4 C
1767631709.39	34	3.6 C
1767631710.39	35	8.9 C
1767631711.39	36	22.1 C
1767631712.39	37	15.3 C
1767631713.39	38	17.0 C
1767631714.39	39	23.9 C
1767631715.39	40	10.5 C
1767631716.39	41	-5.7 C
1767631717.39	42	21.8 C
1767631718.39	43	5.6 C
1767631719.39	44	16.3 C
1767631720.39	45	7.9 C
1767631721.39	46	10.3 C
1767631722.39	47	14.0 C
1767631723.39	48	28.7 C
1767631724.39	49	1.4 C
1767631725.39	50	7.1 C
1767631726.39	51	13.3 C
1767631727.39	52	20.4 C
1767631728.39	53	8.8 C
1767631729.39	54	6.3 C
1767631730.39	55	5.5 C
1767631731.39	56	18.9 C
1767631732.39	57	10.3 C
1767631733.39	58	1.6 C
1767631734.40	59	1.2 C
1767631735.40	60	-9.4 C
1767631736.40	61	1.2 C
1767631737.40	62	2.5 C
1767631738.40	63	0.4 C
1767631739.40	64	2.4 C
1767631740.40	65	-12.2 C
1767631741.40	66	-3.8 C
1767631742.40	67	1.0 C
1767631743.40	68	11.4 C
1767631744.40	69	18.1 C
1767631745.40	70	2.0 C
1767631746.40	71	23.1 C
1767631747.40	72	7.7 C
1767631748.40	73	19.6 C
1767631749.40	74	24.2 C
1767631750.40	75	-7.6 C
1767631751.40	76	-14.4 C
1767631752.40	77	-1.1 C
1767631753.40	78	10.0 C
1767631754.40	79	5.6 C
1767631755.40	80	14.6 C
1767631756.40	81	2.3 C
1767631757.40	82	24.5 C
1767631758.40	83	7.4 C
1767631759.40	84	19.7 C
1767631760.40	85	22.0 C
1767631761.40	86	7.2 C
1767631762.40	87	-8.1 C
1767631763.40	88	21.9 C
1767631764.40	89	-2.5 C
1767631765.40	90	6.9 C
1767631766.40	91	29.0 C
1767631767.40	92	15.4 C
1767631768.40	93	11.8 C
1767631769.40	94	5.9 C
1767631770.41	95	-3.5 C
1767631771.41	96	16.3 C
1767631772.41	97	21.8 C
1767631773.41	98	11.7 C
1767631774.41	99	3.5 C
1767631775.41	100	2.5 C
1767631961.96	1	22.6 C
1767631962.96	2	28.0 C
1767631963.97	3	23.1 C
1767631964.97	4	38.6 C
1767631965.97	5	34.8 C
1767631966.97	6	48.7 C
1767631967.97	7	25.3 C
1767631968.97	8	37.9 C
1767631969.97	9	38.7 C
1767631970.97	10	38.4 C
1767631971.97	11	27.5 C
1767631972.97	12	33.8 C
1767631973.97	13	28.1 C
1767631974.97	14	31.8 C
1767631975.97	15	45.0 C
1767631976.97	16	17.3 C
1767631977.97	17	28.9 C
1767631978.97	18	47.4 C
1767631979.97	19	39.1 C
1767631980.97	20	17.8 C
1767631981.97	21	27.9 C
1767631982.97	22	35.7 C
1767631983.97	23	34.4 C
1767631984.97	24	32.1 C
1767631985.97	25	37.4 C
1767631986.97	26	41.8 C
1767631987.97	27	29.5 C
1767631988.97	28	30.3 C
1767631989.97	29	33.1 C
1767631990.97	30	25.1 C
1767631991.97	31	30.6 C
1767631992.97	32	54.4 C
1767631993.97	33	46.9 C
1767631994.97	34	41.7 C
1767631995.97	35	21.6 C
1767631996.97	36	28.2 C
1767631997.97	37	21.5 C
1767631998.97	38	53.2 C
1767631999.97	39	34.8 C
1767632000.98	40	33.0 C
1767632001.98	41	20.0 C
1767632002.98	42	31.8 C
1767632003.98	43	39.7 C
1767632004.98	44	27.4 C
1767632005.98	45	34.6 C
1767632006.98	46	24.1 C
1767632007.98	47	37.0 C
1767632008.98	48	32.3 C
1767632009.98	49	14.9 C
1767632010.98	50	36.3 C
1767632011.98	51	26.9 C
1767632012.98	52	41.1 C
1767632013.98	53	39.6 C
1767632014.98	54	56.5 C
1767632015.98	55	13.7 C
1767632016.98	56	36.4 C
1767632017.98	57	48.8 C
1767632018.98	58	22.2 C
1767632019.98	59	32.3 C
1767632020.98	60	49.9 C
1767632021.98	61	31.8 C
1767632022.98	62	53.7 C
1767632023.98	63	13.5 C
1767632024.98	64	4.8 C
1767632025.98	65	33.7 C
1767632026.98	66	32.1 C
1767632027.98	67	39.4 C
1767632028.98	68	36.5 C
1767632029.98	69	24.5 C
1767632030.98	70	14.7 C
1767632031.98	71	40.8 C
1767632032.98	72	38.2 C
1767632033.98	73	38.0 C
1767632034.98	74	32.7 C
1767632035.98	75	37.6 C
1767632036.98	76	42.0 C
1767632037.99	77	20.1 C
1767632038.99	78	38.1 C
1767632039.99	79	29.4 C
1767632040.99	80	42.1 C
1767632041.99	81	31.7 C
1767632042.99	82	11.2 C
1767632043.99	83	42.5 C
1767632044.99	84	35.1 C
1767632045.99	85	34.9 C
1767632046.99	86	54.8 C
1767632047.99	87	23.2 C
1767632048.99	88	30.1 C
1767632049.99	89	44.3 C
1767632050.99	90	46.2 C
1767632051.99	91	37.0 C
1767632052.99	92	34.9 C
1767632053.99	93	24.6 C
1767632054.99	94	29.4 C
1767632055.99	95	39.4 C
1767632056.99	96	34.2 C
1767632057.99	97	39.5 C
1767632058.99	98	16.1 C
1767632059.99	99	37.7 C
1767632060.99	100	34.8 C
1767632260.78	1	42.2 C
1767632261.78	2	46.7 C
1767632262.78	3	30.1 C
1767632263.78	4	17.5 C
1767632264.78	5	33.0 C
1767632265.78	6	29.0 C
1767632266.78	7	26.4 C
1767632267.78	8	43.2 C
1767632268.78	9	27.0 C
1767632269.78	10	37.4 C
1767632270.78	11	17.0 C
1767632271.78	12	51.9 C
1767632272.78	13	37.5 C
1767632273.78	14	33.9 C
1767632274.78	15	65.6 C
1767632275.78	16	24.2 C
1767632276.78	17	46.7 C
1767632277.78	18	37.4 C
1767632278.78	19	24.7 C
1767632279.78	20	36.9 C
1767632280.78	21	40.2 C
1767632281.78	22	33.9 C
1767632282.78	23	35.9 C
1767632283.78	24	18.9 C
1767632284.78	25	23.4 C
1767632285.78	26	30.2 C
1767632286.78	27	24.2 C
1767632287.79	28	31.1 C
1767632288.79	29	29.8 C
1767632289.79	30	38.8 C
1767632290.79	31	38.9 C
1767632291.79	32	28.4 C
1767632292.79	33	32.3 C
1767632293.79	34	39.5 C
1767632294.79	35	45.7 C
1767632295.79	36	40.0 C
1767632296.79	37	23.5 C
1767632297.79	38	6.0 C
1767632298.79	39	33.5 C
1767632299.79	40	27.9 C
1767632300.79	41	22.3 C
1767632301.79	42	31.3 C
1767632302.79	43	25.9 C
1767632303.79	44	34.9 C
1767632304.79	45	23.1 C
1767632305.79	46	39.7 C
1767632306.79	47	37.4 C
1767632307.79	48	22.7 C
1767632308.79	49	21.3 C
1767632309.79	50	13.4 C
1767632310.79	51	15.6 C
1767632311.79	52	7.3 C
1767632312.79	53	22.6 C
1767632313.79	54	13.0 C
1767632314.79	55	42.4 C
1767632315.79	56	35.5 C
1767632316.79	57	23.2 C
1767632317.79	58	24.6 C
1767632318.79	59	20.6 C
1767632319.79	60	40.8 C
1767632320.79	61	21.3 C
1767632321.79	62	28.0 C
1767632322.80	63	46.1 C
1767632323.80	64	30.4 C
1767632324.80	65	32.6 C
1767632325.80	66	33.8 C
1767632326.80	67	35.5 C
1767632327.80	68	13.7 C
1767632328.80	69	16.1 C
1767632329.80	70	9.5 C
1767632330.80	71	43.5 C
1767632331.80	72	37.6 C
1767632332.80	73	38.9 C
1767632333.80	74	29.0 C
1767632334.80	75	49.3 C
1767632335.80	76	29.5 C
1767632336.80	77	25.6 C
1767632337.80	78	28.1 C
1767632338.80	79	28.0 C
1767632339.80	80	53.4 C
1767632340.80	81	35.9 C
1767632341.80	82	31.4 C
1767632342.80	83	33.6 C
1767632343.80	84	25.8 C
1767632344.80	85	28.5 C
1767632345.80	86	34.4 C
1767632346.80	87	32.0 C
1767632347.80	88	27.1 C
1767632348.80	89	43.0 C
1767632349.80	90	36.9 C
1767632350.80	91	35.7 C
1767632351.80	92	6.9 C
1767632352.80	93	24.4 C
1767632353.80	94	31.7 C
1767632354.80	95	28.0 C
1767632355.80	96	43.3 C
1767632356.80	97	18.2 C
1767632357.80	98	26.2 C
1767632358.81	99	42.6 C
1767632359.81	100	14.5 C
1767632360.81	101	8.7 C
1767632361.81	102	49.8 C
1767632362.81	103	18.9 C
1767632363.81	104	30.9 C
1767632364.81	105	32.8 C
1767632365.81	106	13.5 C
1767632366.81	107	34.5 C
1767632367.81	108	25.8 C
1767632368.81	109	42.0 C
1767632369.81	110	26.3 C
1767632370.81	111	24.3 C
1767632371.81	112	18.7 C
1767632372.81	113	12.2 C
1767632373.81	114	36.7 C
1767632374.81	115	11.9 C
1767632375.81	116	39.0 C
1767632376.81	117	43.4 C
1767632377.81	118	42.2 C
1767632378.81	119	25.0 C
1767632379.81	120	31.5 C
1767632380.81	121	42.8 C
1767632381.81	122	13.7 C
1767632382.81	123	39.7 C
1767632383.81	124	2.8 C
1767632384.81	125	24.9 C
1767632385.81	126	43.0 C
1767632386.81	127	20.5 C
1767632387.82	128	29.6 C
1767632388.82	129	49.1 C
1767632389.82	130	15.3 C
1767632390.82	131	12.5 C
1767632391.82	132	34.2 C
1767632392.82	133	40.2 C
1767632393.82	134	42.7 C
1767632394.82	135	23.1 C
1767632395.82	136	20.6 C
1767632396.82	137	25.9 C
1767632397.82	138	32.7 C
1767632398.82	139	24.8 C
1767632399.82	140	42.9 C
1767632400.82	141	49.5 C
1767632401.82	142	30.4 C
1767632402.82	143	34.0 C
1767632403.82	144	31.4 C
1767632404.82	145	31.6 C
1767632405.82	146	35.5 C
1767632406.82	147	29.2 C
1767632407.82	148	49.2 C
1767632408.82	149	24.7 C
1767632409.82	150	17.3 C
1767632410.82	151	15.8 C
1767632411.82	152	9.3 C
1767632412.82	153	26.3 C
1767632413.82	154	22.5 C
1767632414.82	155	52.4 C
1767632415.82	156	25.2 C
1767632416.82	157	27.2 C
1767632417.82	158	36.9 C
1767632418.82	159	32.2 C
1767632419.82	160	34.3 C
1767632420.82	161	11.2 C
1767632421.82	162	20.5 C
1767632422.82	163	29.9 C
1767632423.82	164	39.9 C
1767632424.82	165	40.8 C
1767632425.82	166	22.5 C
1767632426.83	167	34.1 C
1767632427.83	168	38.5 C
1767632428.83	169	31.6 C
1767632429.83	170	36.5 C
1767632430.83	171	45.7 C
1767632431.83	172	50.0 C
1767632432.83	173	31.3 C
1767632433.83	174	37.8 C
1767632434.83	175	43.9 C
1767632435.83	176	27.7 C
1767632436.83	177	34.7 C
1767632437.83	178	41.2 C
1767632438.83	179	33.0 C
1767632439.83	180	24.4 C
1767632440.83	181	42.4 C
1767632441.83	182	40.0 C
1767632442.83	183	47.4 C
1767632443.83	184	24.5 C
1767632444.83	185	39.8 C
1767632445.83	186	32.4 C
1767632446.83	187	40.2 C
1767632447.83	188	53.6 C
1767632448.83	189	34.1 C
1767632449.83	190	30.4 C
1767632450.83	191	34.2 C
1767632451.83	192	40.1 C
1767632452.83	193	45.8 C
1767632453.83	194	37.5 C
1767632454.83	195	34.4 C
1767632455.83	196	32.6 C
1767632456.83	197	25.9 C
1767632457.83	198	40.2 C
1767632458.83	199	38.1 C
1767632459.83	200	33.6 C
1767632460.83	201	30.6 C
1767632461.83	202	28.4 C
1767632462.83	203	10.7 C
1767632463.84	204	32.8 C
1767632464.84	205	34.7 C
1767632465.84	206	41.4 C
1767632466.84	207	21.8 C
1767632467.84	208	23.2 C
1767632468.84	209	28.2 C
1767632469.84	210	37.9 C
1767632470.84	211	29.8 C
1767632471.84	212	38.4 C
1767632472.84	213	25.3 C
1767632473.84	214	25.6 C
1767632474.84	215	37.2 C
1767632475.84	216	35.7 C
1767632476.84	217	19.1 C
1767632477.84	218	1.7 C
1767632478.84	219	59.9 C
1767632479.84	220	21.4 C
1767632480.84	221	29.5 C
1767632481.84	222	23.3 C
1767632482.84	223	24.9 C
1767632483.84	224	17.2 C
1767632484.84	225	40.0 C
1767632485.84	226	28.4 C
1767632486.84	227	27.3 C
1767632487.84	228	5.5 C
1767632488.84	229	16.8 C
1767632489.84	230	36.8 C
1767632490.84	231	52.7 C
1767632491.84	232	26.7 C
1767632492.84	233	32.8 C
1767632493.84	234	36.8 C
1767632494.84	235	25.2 C
1767632495.84	236	37.1 C
1767632496.84	237	17.6 C
1767632497.84	238	24.6 C
1767632498.84	239	20.9 C
1767632499.85	240	33.8 C
1767632500.85	241	21.9 C
1767632501.85	242	32.3 C
1767632502.85	243	49.9 C
1767632503.85	244	41.7 C
1767632504.85	245	34.6 C
1767632505.85	246	40.7 C
1767632506.85	247	25.1 C
1767632507.85	248	29.3 C
1767632508.85	249	33.9 C
1767632509.85	250	24.3 C
1767632510.85	251	15.6 C
1767632511.85	252	38.9 C
1767632512.85	253	43.3 C
1767632513.85	254	22.1 C
1767632514.85	255	36.3 C
1767632515.85	256	39.7 C
1767632516.85	257	16.3 C
1767632517.85	258	27.7 C
1767632518.85	259	26.0 C
1767632519.85	260	26.5 C
1767632520.85	261	21.1 C
1767632521.85	262	32.4 C
1767632522.85	263	22.7 C
1767632523.85	264	8.3 C
1767632524.85	265	29.4 C
1767632525.85	266	28.6 C
1767632526.85	267	26.1 C
1767632527.85	268	25.5 C
1767632528.85	269	30.7 C
1767632529.85	270	29.0 C
1767632530.85	271	36.6 C
1767632531.85	272	20.7 C
1767632532.85	273	39.1 C
1767632533.85	274	15.1 C
1767632534.85	275	52.9 C
1767632535.85	276	47.3 C
1767632536.86	277	48.6 C
1767632537.86	278	37.3 C
1767632538.86	279	18.8 C
1767632539.86	280	14.9 C
1767632540.86	281	11.6 C
1767632541.86	282	-1.0 C
1767632542.86	283	29.7 C
1767632543.86	284	39.6 C
1767632544.86	285	45.0 C
1767632545.86	286	18.6 C
1767632546.86	287	22.9 C
1767632547.86	288	18.8 C
1767632548.86	289	25.5 C
1767632549.86	290	36.8 C
1767632550.86	291	32.1 C
1767632551.86	292	21.7 C
1767632552.86	293	22.1 C
1767632553.86	294	17.8 C
1767632554.86	295	34.3 C
1767632555.86	296	43.0 C
1767632556.86	297	37.7 C
1767632557.86	298	20.6 C
1767632558.86	299	11.5 C
1767632559.86	300	27.0 C
1767632560.86	301	44.4 C
1767632561.86	302	38.3 C
1767632562.86	303	15.6 C
1767632563.86	304	41.7 C
1767632564.86	305	26.9 C
1767632565.86	306	23.0 C
1767632566.86	307	47.4 C
1767632567.86	308	33.8 C
1767632568.86	309	26.6 C
1767632569.86	310	33.9 C
1767632570.86	311	31.3 C
1767632571.86	312	21.8 C
1767632572.87	313	24.0 C
1767632573.87	314	25.8 C
1767632574.87	315	29.8 C
1767632575.87	316	34.4 C
1767632576.87	317	36.2 C
1767632577.87	318	25.4 C
1767632578.87	319	25.4 C
1767632579.87	320	28.7 C
1767632580.87	321	20.3 C
1767632581.87	322	32.1 C
1767632582.87	323	15.1 C
1767632583.87	324	33.1 C
1767632584.87	325	47.7 C
1767632585.87	326	10.5 C
1767632586.87	327	26.4 C
1767632587.87	328	22.7 C
1767632588.87	329	17.7 C
1767632589.87	330	28.0 C
1767632590.87	331	31.7 C
1767632591.87	332	30.5 C
1767632592.87	333	32.1 C
1767632593.87	334	40.7 C
1767632594.87	335	27.7 C
1767632595.87	336	45.0 C
1767632596.87	337	37.8 C
1767632597.87	338	32.7 C
1767632598.87	339	35.9 C
1767632599.87	340	23.9 C
1767632600.87	341	29.2 C
1767632601.87	342	38.0 C
1767632602.87	343	22.4 C
1767632603.87	344	36.9 C
1767632604.87	345	30.4 C
1767632605.87	346	24.2 C
1767632606.87	347	24.1 C
1767632607.87	348	32.5 C
1767632608.87	349	38.1 C
1767632609.88	350	37.4 C
1767632610.88	351	41.9 C
1767632611.88	352	29.3 C
1767632612.88	353	27.3 C
1767632613.88	354	28.4 C
1767632614.88	355	22.7 C
1767632615.88	356	29.5 C
1767632616.88	357	28.3 C
1767632617.88	358	26.3 C
1767632618.88	359	25.5 C
1767632619.88	360	26.9 C
1767632620.88	361	20.3 C
1767632621.88	362	35.1 C
1767632622.88	363	17.8 C
1767632623.88	364	36.8 C
1767632624.88	365	28.8 C
1767632625.88	366	27.0 C
1767632626.88	367	32.3 C
1767632627.88	368	31.7 C
1767632628.88	369	39.6 C
1767632629.88	370	34.6 C
1767632630.88	371	27.7 C
1767632631.88	372	29.8 C
1767632632.88	373	35.9 C
1767632633.88	374	18.9 C
1767632634.88	375	22.9 C
1767632635.88	376	47.3 C
1767632636.88	377	28.3 C
1767632637.88	378	15.9 C
1767632638.88	379	35.3 C
1767632639.88	380	35.2 C
1767632640.88	381	36.5 C
1767632641.88	382	43.0 C
1767632642.88	383	26.2 C
1767632643.88	384	38.9 C
1767632644.88	385	31.7 C
1767632645.88	386	38.7 C
1767632646.88	387	36.3 C
1767632647.89	388	10.2 C
1767632648.89	389	43.4 C
1767632649.89	390	3.6 C
1767632650.89	391	36.1 C
1767632651.89	392	35.4 C
1767632652.89	393	35.1 C
1767632653.89	394	34.6 C
1767632654.89	395	28.1 C
1767632655.89	396	29.5 C
1767632656.89	397	27.3 C
1767632657.89	398	20.3 C
1767632658.89	399	21.7 C
1767632659.89	400	15.3 C
1767632660.89	401	27.1 C
1767632661.89	402	22.2 C
1767632662.89	403	27.2 C
1767632663.89	404	32.2 C
1767632664.89	405	17.5 C
1767632665.89	406	18.2 C
1767632666.89	407	37.3 C
1767632667.89	408	36.8 C
1767632668.89	409	43.6 C
1767632669.89	410	16.4 C
1767632670.89	411	32.5 C
1767632671.89	412	43.9 C
1767632672.89	413	22.3 C
1767632673.89	414	32.8 C
1767632674.89	415	16.0 C
1767632675.89	416	46.1 C
1767632676.89	417	27.5 C
1767632677.89	418	11.3 C
1767632678.89	419	27.9 C
1767632679.89	420	29.0 C
1767632680.89	421	29.0 C
1767632681.89	422	29.1 C
1767632682.89	423	21.3 C
1767632683.89	424	39.3 C
1767632684.90	425	41.4 C
1767632685.90	426	31.2 C
1767632686.90	427	31.7 C
1767632687.90	428	26.9 C
1767632688.90	429	37.0 C
1767632689.90	430	25.4 C
1767632690.90	431	22.3 C
1767632691.90	432	33.7 C
1767632692.90	433	40.2 C
1767632693.90	434	20.8 C
1767632694.90	435	10.0 C
1767632695.90	436	28.6 C
1767632696.90	437	33.2 C
1767632697.90	438	31.3 C
1767632698.90	439	12.3 C
1767632699.90	440	31.7 C
1767632700.90	441	28.9 C
1767632701.90	442	30.9 C
1767632702.90	443	20.4 C
1767632703.90	444	26.9 C
1767632704.90	445	15.2 C
1767632705.90	446	20.3 C
1767632706.90	447	36.2 C
1767632707.90	448	46.3 C
1767632708.90	449	22.9 C
1767632709.90	450	37.4 C
1767632710.90	451	46.2 C
1767632711.90	452	16.4 C
1767632712.90	453	33.6 C
1767632713.90	454	31.4 C
1767632714.90	455	41.1 C
1767632715.90	456	23.0 C
1767632716.90	457	43.4 C
1767632717.90	458	24.4 C
1767632718.90	459	15.4 C
1767632719.91	460	42.4 C
1767632720.91	461	30.1 C
1767632721.91	462	46.1 C
1767632722.91	463	16.5 C
1767632723.91	464	44.8 C
1767632724.91	465	24.8 C
1767632725.91	466	26.2 C
1767632726.91	467	28.7 C
1767632727.91	468	32.2 C
1767632728.91	469	24.1 C
1767632729.91	470	30.8 C
1767632730.91	471	50.8 C
1767632731.91	472	43.0 C
1767632732.91	473	31.9 C
1767632733.91	474	49.9 C
1767632734.91	475	40.9 C
1767632735.91	476	10.7 C
1767632736.91	477	28.3 C
1767632737.91	478	19.8 C
1767632738.91	479	28.7 C
1767632739.91	480	44.4 C
1767632740.91	481	39.4 C
1767632741.91	482	12.9 C
1767632742.91	483	43.3 C
1767632743.91	484	18.7 C
1767632744.91	485	29.1 C
1767632745.91	486	40.8 C
1767632746.91	487	33.5 C
1767632747.91	488	27.6 C
1767632748.91	489	21.6 C
1767632749.91	490	43.0 C
1767632750.91	491	34.7 C
1767632751.91	492	41.6 C
1767632752.91	493	24.4 C
1767632753.91	494	36.6 C
1767632754.91	495	30.1 C
1767632755.92	496	31.6 C
1767632756.92	497	37.8 C
1767632757.92	498	36.3 C
1767632758.92	499	19.8 C
1767632759.92	500	34.5 C
1767632760.92	501	28.0 C
1767632761.92	502	23.5 C
1767632762.92	503	35.4 C
1767632763.92	504	27.8 C
1767632764.92	505	22.8 C
1767632765.92	506	7.7 C
1767632766.92	507	40.5 C
1767632767.92	508	35.9 C
1767632768.92	509	37.8 C
1767632769.92	510	30.5 C
1767632770.92	511	18.3 C
1767632771.92	512	33.1 C
1767632772.92	513	32.4 C
1767632773.92	514	27.5 C
1767632774.92	515	28.6 C
1767632775.92	516	12.5 C
1767632776.92	517	35.5 C
1767632777.92	518	52.4 C
1767632778.92	519	36.2 C
1767632779.92	520	30.4 C
1767632780.92	521	27.2 C
1767632781.92	522	47.0 C
1767632782.92	523	45.3 C
1767632783.92	524	25.4 C
1767632784.92	525	28.1 C
1767632785.92	526	10.1 C
1767632786.92	527	23.4 C
1767632787.92	528	26.7 C
1767632788.92	529	30.8 C
1767632789.92	530	27.0 C
1767632790.92	531	25.1 C
1767632791.92	532	27.9 C
1767632792.93	533	36.3 C
1767632793.93	534	13.4 C
1767632794.93	535	31.4 C
1767632795.93	536	35.7 C
1767632796.93	537	25.6 C
1767632797.93	538	46.8 C
1767632798.93	539	31.9 C
1767632799.93	540	34.1 C
1767632800.93	541	1.6 C
1767632801.93	542	31.1 C
1767632802.93	543	19.9 C
1767632803.93	544	45.0 C
1767632804.93	545	32.9 C
1767632805.93	546	25.0 C
1767632806.93	547	32.4 C
1767632807.93	548	24.3 C
1767632808.93	549	41.6 C
1767632809.93	550	47.1 C
1767632810.93	551	27.8 C
1767632811.93	552	49.4 C
1767632812.93	553	22.3 C
1767632813.93	554	34.7 C
1767632814.93	555	45.9 C
1767632815.93	556	34.3 C
1767632816.93	557	33.9 C
1767632817.93	558	36.0 C
1767632818.93	559	21.8 C
1767632819.93	560	53.2 C
1767632820.93	561	26.1 C
1767632821.93	562	23.8 C
1767632822.93	563	17.4 C
1767632823.93	564	21.7 C
1767632824.93	565	25.2 C
1767632825.93	566	26.1 C
1767632826.93	567	35.7 C
1767632827.93	568	25.6 C
1767632828.94	569	24.8 C
1767632829.94	570	50.7 C
1767632830.94	571	28.1 C
1767632831.94	572	20.6 C
1767632832.94	573	34.6 C
1767632833.94	574	16.4 C
1767632834.94	575	32.0 C
1767632835.94	576	17.9 C
1767632836.94	577	29.2 C
1767632837.94	578	30.8 C
1767632838.94	579	37.9 C
1767632839.94	580	34.6 C
1767632840.94	581	27.8 C
1767632841.94	582	19.9 C
1767632842.94	583	22.5 C
1767632843.94	584	34.0 C
1767632844.94	585	30.1 C
1767632845.94	586	25.5 C
1767632846.94	587	29.0 C
1767632847.94	588	36.3 C
1767632848.94	589	33.4 C
1767632849.94	590	18.6 C
1767632850.94	591	24.7 C
1767632851.94	592	24.8 C
1767632852.94	593	22.5 C
1767632853.94	594	47.0 C
1767632854.94	595	24.6 C
1767632855.94	596	38.6 C
1767632856.94	597	33.1 C
1767632857.94	598	32.0 C
1767632858.94	599	40.8 C
1767632859.94	600	41.2 C
1767632860.94	601	32.3 C
1767632861.94	602	31.1 C
1767632862.94	603	31.7 C
1767632863.94	604	31.2 C
1767632864.95	605	24.3 C
1767632865.95	606	37.5 C
1767632866.95	607	18.9 C
1767632867.95	608	33.0 C
1767632868.95	609	21.9 C
1767632869.95	610	26.7 C
1767632870.95	611	26.5 C
1767632871.95	612	30.5 C
1767632872.95	613	23.1 C
1767632873.95	614	53.3 C
1767632874.95	615	31.0 C
1767632875.95	616	29.0 C
1767632876.95	617	25.7 C
1767632877.95	618	33.1 C
1767632878.95	619	28.4 C
1767632879.95	620	10.5 C
1767632880.95	621	36.8 C
1767632881.95	622	24.5 C
1767632882.95	623	40.1 C
1767632883.95	624	49.4 C
1767632884.95	625	21.5 C
1767632885.95	626	47.3 C
1767632886.95	627	35.6 C
1767632887.95	628	23.8 C
1767632888.95	629	29.2 C
1767632889.95	630	29.1 C
1767632890.95	631	42.9 C
1767632891.95	632	28.7 C
1767632892.95	633	29.7 C
1767632893.95	634	17.3 C
1767632894.95	635	34.2 C
1767632895.95	636	23.3 C
1767632896.95	637	34.5 C
1767632897.95	638	51.8 C
1767632898.95	639	23.1 C
1767632899.95	640	21.4 C
1767632900.95	641	39.3 C
1767632901.96	642	33.6 C
1767632902.96	643	31.9 C
1767632903.96	644	46.2 C
1767632904.96	645	33.6 C
1767632905.96	646	24.3 C
1767632906.96	647	34.4 C
1767632907.96	648	41.0 C
1767632908.96	649	43.4 C
1767632909.96	650	30.4 C
1767632910.96	651	28.0 C
1767632911.96	652	30.6 C
1767632912.96	653	36.9 C
1767632913.96	654	14.6 C
1767632914.96	655	24.8 C
1767632915.96	656	32.0 C
1767632916.96	657	31.6 C
1767632917.96	658	42.1 C
1767632918.96	659	30.1 C
1767632919.96	660	28.3 C
1767632920.96	661	22.2 C
1767632921.96	662	50.7 C
1767632922.96	663	17.3 C
1767632923.96	664	10.1 C
1767632924.96	665	37.1 C
1767632925.96	666	37.4 C
1767632926.96	667	33.6 C
1767632927.96	668	13.0 C
1767632928.96	669	32.2 C
1767632929.96	670	34.0 C
1767632930.96	671	42.3 C
1767632931.96	672	26.3 C
1767632932.96	673	41.4 C
1767632933.96	674	15.5 C
1767632934.96	675	40.6 C
1767632935.96	676	33.9 C
1767632936.96	677	44.8 C
1767632937.96	678	22.8 C
1767632938.97	679	23.6 C
1767632939.97	680	24.8 C
1767632940.97	681	19.5 C
1767632941.97	682	33.3 C
1767632942.97	683	33.0 C
1767632943.97	684	31.0 C
1767632944.97	685	22.5 C
1767632945.97	686	35.9 C
1767632946.97	687	33.1 C
1767632947.97	688	13.6 C
1767632948.97	689	34.7 C
1767632949.97	690	31.2 C
1767632950.97	691	34.9 C
1767632951.97	692	38.7 C
1767632952.97	693	11.8 C
1767632953.97	694	10.8 C
1767632954.97	695	37.3 C
1767632955.97	696	29.7 C
1767632956.97	697	49.4 C
1767632957.97	698	41.4 C
1767632958.97	699	12.7 C
1767632959.97	700	43.1 C
1767632960.97	701	49.4 C
1767632961.97	702	17.0 C
1767632962.97	703	31.3 C
1767632963.97	704	19.6 C
1767632964.97	705	31.3 C
1767632965.97	706	28.9 C
1767632966.97	707	39.7 C
1767632967.97	708	25.1 C
1767632968.97	709	35.7 C
1767632969.97	710	53.3 C
1767632970.97	711	32.7 C
1767632971.97	712	9.5 C
1767632972.98	713	26.1 C
1767632973.98	714	39.9 C
1767632974.98	715	38.9 C
1767632975.98	716	28.4 C
1767632976.98	717	39.1 C
1767632977.98	718	41.3 C
1767632978.98	719	25.7 C
1767632979.98	720	33.5 C
1767632980.98	721	42.0 C
1767632981.98	722	44.0 C
1767632982.98	723	14.1 C
1767632983.98	724	40.6 C
1767632984.98	725	26.2 C
1767632985.98	726	38.9 C
1767632986.98	727	17.0 C
1767632987.98	728	38.3 C
1767632988.98	729	23.7 C
1767632989.98	730	32.3 C
1767632990.98	731	39.2 C
1767632991.98	732	29.2 C
1767632992.98	733	22.3 C
1767632993.98	734	36.6 C
1767632994.98	735	22.5 C
1767632995.98	736	30.7 C
1767632996.98	737	29.0 C
1767632997.98	738	20.0 C
1767632998.98	739	32.2 C
1767632999.98	740	39.3 C
1767633000.98	741	42.9 C
1767633001.98	742	27.9 C
1767633002.98	743	26.4 C
1767633003.98	744	26.8 C
1767633004.98	745	26.9 C
1767633005.98	746	26.5 C
1767633006.98	747	32.2 C
1767633007.99	748	33.6 C
1767633008.99	749	44.1 C
1767633009.99	750	41.5 C
1767633010.99	751	22.3 C
1767633011.99	752	22.5 C
1767633012.99	753	20.1 C
1767633013.99	754	41.7 C
1767633014.99	755	40.3 C
1767633015.99	756	18.4 C
1767633016.99	757	53.1 C
1767633017.99	758	18.0 C
1767633018.99	759	27.0 C
1767633019.99	760	19.9 C
1767633020.99	761	34.7 C
1767633021.99	762	34.9 C
1767633022.99	763	36.6 C
1767633023.99	764	48.6 C
1767633024.99	765	32.5 C
1767633025.99	766	42.0 C
1767633026.99	767	42.2 C
1767633027.99	768	22.4 C
1767633028.99	769	28.2 C
1767633029.99	770	39.0 C
1767633030.99	771	39.3 C
1767633031.99	772	35.7 C
1767633032.99	773	45.4 C
1767633033.99	774	34.2 C
1767633034.99	775	15.8 C
1767633035.99	776	38.4 C
1767633036.99	777	31.3 C
1767633037.99	778	32.8 C
1767633038.99	779	46.7 C
1767633039.99	780	18.1 C
1767633040.99	781	38.7 C
1767633041.99	782	28.5 C
1767633042.99	783	22.1 C
1767633044.00	784	23.4 C
1767633045.00	785	29.1 C
1767633046.00	786	32.3 C
1767633047.00	787	33.9 C
1767633048.00	788	31.0 C
1767633049.00	789	31.1 C
1767633050.00	790	15.6 C
1767633051.00	791	32.1 C
1767633052.00	792	38.1 C
1767633053.00	793	44.4 C
1767633054.00	794	9.9 C
1767633055.00	795	40.4 C
1767633056.00	796	24.8 C
1767633057.00	797	4.1 C
1767633058.00	798	52.6 C
1767633059.00	799	32.5 C
1767633060.00	800	15.8 C
1767633061.00	801	30.8 C
1767633062.00	802	43.5 C
1767633063.00	803	16.7 C
1767633064.00	804	18.3 C
1767633065.00	805	16.9 C
1767633066.00	806	23.7 C
1767633067.00	807	26.2 C
1767633068.00	808	44.6 C
1767633069.00	809	31.7 C
1767633070.00	810	15.7 C
1767633071.00	811	39.5 C
1767633072.00	812	21.4 C
1767633073.00	813	28.2 C
1767633074.00	814	31.9 C
1767633075.00	815	38.5 C
1767633076.00	816	31.1 C
1767633077.00	817	27.8 C
1767633078.00	818	9.7 C
1767633079.00	819	11.0 C
1767633080.01	820	49.4 C
1767633081.01	821	26.5 C
1767633082.01	822	22.8 C
1767633083.01	823	26.4 C
1767633084.01	824	39.1 C
1767633085.01	825	24.5 C
1767633086.01	826	23.6 C
1767633087.01	827	20.3 C
1767633088.01	828	26.0 C
1767633089.01	829	37.1 C
1767633090.01	830	44.7 C
1767633091.01	831	39.5 C
1767633092.01	832	28.7 C
1767633093.01	833	32.2 C
1767633094.01	834	44.1 C
1767633095.01	835	44.6 C
1767633096.01	836	42.9 C
1767633097.01	837	43.0 C
1767633098.01	838	11.2 C
1767633099.01	839	39.5 C
1767633100.01	840	35.0 C
1767633101.01	841	27.4 C
1767633102.01	842	4.8 C
1767633103.01	843	33.0 C
1767633104.01	844	27.5 C
1767633105.01	845	28.9 C
1767633106.01	846	23.8 C
1767633107.01	847	30.3 C
1767633108.01	848	32.5 C
1767633109.01	849	19.4 C
1767633110.01	850	31.8 C
1767633111.01	851	26.7 C
1767633112.01	852	43.7 C
1767633113.01	853	34.4 C
1767633114.01	854	21.5 C
1767633115.01	855	18.5 C
1767633116.01	856	26.6 C
1767633117.02	857	22.4 C
1767633118.02	858	23.5 C
1767633119.02	859	21.9 C
1767633120.02	860	17.3 C
1767633121.02	861	28.0 C
1767633122.02	862	38.5 C
1767633123.02	863	31.5 C
1767633124.02	864	44.7 C
1767633125.02	865	30.4 C
1767633126.02	866	28.7 C
1767633127.02	867	19.5 C
1767633128.02	868	7.1 C
1767633129.02	869	43.5 C
1767633130.02	870	30.3 C
1767633131.02	871	37.1 C
1767633132.02	872	26.0 C
1767633133.02	873	31.2 C
1767633134.02	874	22.2 C
1767633135.02	875	32.9 C
1767633136.02	876	17.9 C
1767633137.02	877	34.8 C
1767633138.02	878	43.6 C
1767633139.02	879	1.2 C
1767633140.02	880	33.8 C
1767633141.02	881	34.6 C
1767633142.02	882	28.4 C
1767633143.02	883	34.5 C
1767633144.02	884	25.0 C
1767633145.02	885	42.8 C
1767633146.02	886	24.0 C
1767633147.02	887	34.2 C
1767633148.02	888	22.2 C
1767633149.02	889	33.9 C
1767633150.02	890	33.6 C
1767633151.02	891	21.8 C
1767633152.03	892	35.5 C
1767633153.03	893	30.3 C
1767633154.03	894	6.3 C
1767633155.03	895	38.2 C
1767633156.03	896	31.9 C
1767633157.03	897	7.9 C
1767633158.03	898	29.4 C
1767633159.03	899	53.9 C
1767633160.03	900	10.9 C
1767633161.03	901	31.8 C
1767633162.03	902	11.8 C
1767633163.03	903	51.1 C
1767633164.03	904	40.8 C
1767633165.03	905	35.1 C
1767633166.03	906	41.1 C
1767633167.03	907	36.3 C
1767633168.03	908	29.9 C
1767633169.03	909	44.2 C
1767633170.03	910	20.0 C
1767633171.03	911	17.6 C
1767633172.03	912	30.9 C
1767633173.03	913	38.7 C
1767633174.03	914	27.9 C
1767633175.03	915	32.6 C
1767633176.03	916	22.9 C
1767633177.03	917	9.9 C
1767633178.03	918	42.6 C
1767633179.03	919	36.8 C
1767633180.03	920	39.1 C
1767633181.03	921	32.4 C
1767633182.03	922	20.8 C
1767633183.03	923	41.5 C
1767633184.03	924	45.3 C
1767633185.03	925	33.0 C
1767633186.03	926	27.5 C
1767633187.04	927	31.5 C
1767633188.04	928	31.1 C
1767633189.04	929	41.7 C
1767633190.04	930	25.6 C
1767633191.04	931	26.4 C
1767633192.04	932	35.4 C
1767633193.04	933	38.1 C
1767633194.04	934	25.8 C
1767633195.04	935	29.5 C
1767633196.04	936	29.1 C
1767633197.04	937	42.2 C
1767633198.04	938	31.8 C
1767633199.04	939	21.8 C
1767633200.04	940	43.8 C
1767633201.04	941	28.2 C
1767633202.04	942	10.3 C
1767633203.04	943	37.8 C
1767633204.04	944	35.4 C
1767633205.04	945	47.9 C
1767633206.04	946	27.5 C
1767633207.04	947	26.2 C
1767633208.04	948	41.3 C
1767633209.04	949	28.7 C
1767633210.04	950	32.8 C
1767633211.04	951	44.9 C
1767633212.04	952	44.9 C
1767633213.04	953	39.2 C
1767633214.04	954	42.5 C
1767633215.04	955	39.9 C
1767633216.04	956	41.0 C
1767633217.04	957	40.1 C
1767633218.04	958	44.8 C
1767633219.04	959	34.5 C
1767633220.04	960	23.7 C
1767633221.05	961	37.9 C
1767633222.05	962	29.4 C
1767633223.05	963	53.6 C
1767633224.05	964	39.8 C
1767633225.05	965	37.4 C
1767633226.05	966	32.4 C
1767633227.05	967	21.0 C
1767633228.05	968	28.6 C
1767633229.05	969	34.7 C
1767633230.05	970	19.7 C
1767633231.05	971	35.4 C
1767633232.05	972	41.6 C
1767633233.05	973	36.1 C
1767633234.05	974	39.9 C
1767633235.05	975	5.3 C
1767633236.05	976	48.5 C
1767633237.05	977	28.4 C
1767633238.05	978	28.0 C
1767633239.05	979	24.0 C
1767633240.05	980	32.4 C
1767633241.05	981	31.9 C
1767633242.05	982	18.9 C
1767633243.05	983	13.5 C
1767633244.05	984	23.0 C
1767633245.05	985	19.9 C
1767633246.05	986	28.3 C
1767633247.05	987	46.6 C
1767633248.05	988	41.9 C
1767633249.05	989	38.0 C
1767633250.05	990	32.6 C
1767633251.05	991	23.0 C
1767633252.05	992	40.4 C
1767633253.05	993	44.2 C
1767633254.05	994	32.2 C
1767633255.05	995	28.9 C
1767633256.05	996	42.7 C
1767633257.05	997	28.3 C
1767633258.06	998	36.7 C
1767633259.06	999	36.7 C
1767633260.06	1000	36.4 C
1767633261.06	1001	32.1 C
1767633262.06	1002	37.8 C
1767633263.06	1003	30.3 C
1767633264.06	1004	38.4 C
1767633265.06	1005	31.9 C
1767633266.06	1006	4.5 C
1767633267.06	1007	37.8 C
1767633268.06	1008	42.1 C
1767633269.06	1009	26.5 C
1767633270.06	1010	26.1 C
1767633271.06	1011	16.1 C
1767633272.06	1012	53.9 C
1767633273.06	1013	30.4 C
1767633274.06	1014	34.9 C
1767633275.06	1015	32.7 C
1767633276.06	1016	25.9 C
1767633277.06	1017	17.5 C
1767633278.06	1018	21.3 C
1767633279.06	1019	42.5 C
1767633280.06	1020	27.0 C
1767633281.06	1021	12.2 C
1767633282.06	1022	42.2 C
1767633283.06	1023	41.3 C
1767633284.06	1024	42.5 C
1767633285.06	1025	44.1 C
1767633286.06	1026	38.3 C
1767633287.06	1027	14.0 C
1767633288.06	1028	39.7 C
1767633289.06	1029	29.0 C
1767633290.06	1030	18.9 C
1767633291.06	1031	20.0 C
1767633292.06	1032	25.2 C
1767633293.06	1033	23.3 C
1767633294.06	1034	34.9 C
