1775223197.73	0	[60.000000, 24.000000]
1775223197.94	0	[60.000000, 24.000000]
1775223197.95	0	[60.000000, 24.000000]
1775223197.96	0	[60.000000, 24.000000]
1775223197.99	0	[60.000000, 24.000000]
1775223198.01	0	[60.000000, 24.000000]
1775223198.06	0	[60.000000, 24.000000]
1775223198.08	0	[60.000000, 24.000000]
1775223198.25	0	[60.000000, 24.000000]
1775223198.28	0	[60.000000, 24.000000]
1775223198.37	0	[60.000000, 24.000000]
1775223198.39	0	[60.000000, 24.000000]
1775223198.43	0	[60.000000, 24.000000]
1775223198.46	0	[60.000000, 24.000000]
1775223198.49	0	[60.000000, 24.000000]
1775223198.51	0	[60.000000, 24.000000]
1775223198.56	0	[60.000000, 24.000000]
1775223198.57	0	[60.000000, 24.000000]
1775223198.59	0	[60.000000, 24.000000]
1775223198.65	0	[60.000000, 24.000000]
1775223198.67	0	[60.000000, 24.000000]
1775223198.78	0	[60.000000, 24.000000]
1775223198.86	0	[60.000000, 24.000000]
1775223198.88	0	[60.000000, 24.000000]
1775223198.94	0	[60.000000, 24.000000]
1775223198.96	0	[60.000000, 24.000000]
1775223199.03	0	[60.000000, 24.000000]
1775223199.05	0	[60.000000, 24.000000]
1775223199.06	0	[60.000000, 24.000000]
1775223199.12	0	[60.000000, 24.000000]
1775223199.13	0	[60.000000, 24.000000]
1775223199.16	0	[60.000000, 24.000000]
1775223199.17	0	[60.000000, 24.000000]
1775223199.20	0	[60.000000, 24.000000]
1775223199.21	0	[60.000000, 24.000000]
1775223199.25	0	[60.000000, 24.000000]
1775223199.28	0	[60.000000, 24.000000]
1775223199.28	0	[60.000000, 24.000000]
1775223199.34	0	[60.000000, 24.000000]
1775223199.36	0	[60.000000, 24.000000]
1775223199.40	0	[60.000000, 24.000000]
1775223199.42	0	[60.000000, 24.000000]
1775223199.43	0	[60.000000, 24.000000]
1775223199.48	0	[60.000000, 24.000000]
1775223199.49	0	[60.000000, 24.000000]
1775223199.50	0	[60.000000, 24.000000]
1775223199.55	0	[60.000000, 24.000000]
1775223199.56	0	[60.000000, 24.000000]
1775223199.57	0	[60.000000, 24.000000]
1775223199.58	0	[60.000000, 24.000000]
1775223199.63	0	[60.000000, 24.000000]
1775223199.64	0	[60.000000, 24.000000]
1775223199.64	0	[60.000000, 24.000000]
1775223199.66	0	[60.000000, 24.000000]
1775223199.76	0	[60.000000, 24.000000]
1775223199.81	0	[60.000000, 24.000000]
1775223199.83	0	[60.000000, 24.000000]
1775223199.86	0	[60.000000, 24.000000]
1775223199.88	0	[60.000000, 24.000000]
1775223199.90	0	[60.000000, 24.000000]
1775223200.00	0	[60.000000, 24.000000]
1775223200.00	0	[60.000000, 24.000000]
1775223200.02	0	[60.000000, 24.000000]
1775223200.03	0	[60.000000, 24.000000]
1775223200.05	0	[60.000000, 24.000000]
1775223200.06	0	[60.000000, 24.000000]
1775223200.07	0	[60.000000, 24.000000]
1775223200.10	0	[60.000000, 24.000000]
1775223200.11	0	[60.000000, 24.000000]
1775223200.13	0	[60.000000, 24.000000]
1775223200.14	0	[60.000000, 24.000000]
1775223200.15	0	[60.000000, 24.000000]
1775223200.17	0	[60.000000, 24.000000]
1775223200.18	0	[60.000000, 24.000000]
1775223200.20	0	[60.000000, 24.000000]
1775223200.28	0	[60.000000, 24.000000]
1775223200.30	0	[60.000000, 24.000000]
1775223200.31	0	[60.000000, 24.000000]
1775223200.33	0	[60.000000, 24.000000]
1775223200.41	0	[60.000000, 24.000000]
1775223200.43	0	[60.000000, 24.000000]
1775223200.45	0	[60.000000, 24.000000]
1775223200.47	0	[60.000000, 24.000000]
1775223200.53	0	[60.000000, 24.000000]
1775223200.54	0	[60.000000, 24.000000]
1775223200.56	0	[60.000000, 24.000000]
1775223200.57	0	[60.000000, 24.000000]
1775223200.59	0	[60.000000, 24.000000]
1775223200.60	0	[60.000000, 24.000000]
1775223200.61	0	[60.000000, 24.000000]
1775223200.62	0	[60.000000, 24.000000]
1775223200.62	0	[60.000000, 24.000000]
1775223200.67	0	[60.000000, 24.000000]
1775223200.70	0	[60.000000, 24.000000]
1775223200.71	0	[60.000000, 24.000000]
1775223200.72	0	[60.000000, 24.000000]
1775223200.74	0	[60.000000, 24.000000]
1775223200.75	0	[60.000000, 24.000000]
1775223200.76	0	[60.000000, 24.000000]
1775223200.77	0	[60.000000, 24.000000]
1775223200.77	0	[60.000000, 24.000000]
1775223200.78	0	[60.000000, 24.000000]
1775223200.79	0	[60.000000, 24.000000]
1775223200.79	0	[60.000000, 24.000000]
1775223200.83	0	[60.000000, 24.000000]
1775223200.83	0	[60.000000, 24.000000]
1775223200.84	0	[60.000000, 24.000000]
1775223200.85	0	[60.000000, 24.000000]
1775223200.85	0	[60.000000, 24.000000]
1775223200.86	0	[60.000000, 24.000000]
1775223200.90	0	[60.000000, 24.000000]
1775223200.91	0	[60.000000, 24.000000]
1775223200.91	0	[60.000000, 24.000000]
1775223200.92	0	[60.000000, 24.000000]
1775223200.93	0	[60.000000, 24.000000]
1775223200.94	0	[60.000000, 24.000000]
1775223200.98	0	[60.000000, 24.000000]
1775223200.99	0	[60.000000, 24.000000]
1775223200.99	0	[60.000000, 24.000000]
1775223201.00	0	[60.000000, 24.000000]
1775223201.00	0	[60.000000, 24.000000]
1775223201.01	0	[60.000000, 24.000000]
1775223201.01	0	[60.000000, 24.000000]
1775223201.01	0	[60.000000, 24.000000]
1775223201.02	0	[60.000000, 24.000000]
1775223201.06	0	[60.000000, 24.000000]
1775223201.06	0	[60.000000, 24.000000]
1775223201.06	0	[60.000000, 24.000000]
1775223201.08	0	[60.000000, 24.000000]
1775223201.09	0	[60.000000, 24.000000]
1775223201.09	0	[60.000000, 24.000000]
1775223201.10	0	[60.000000, 24.000000]
1775223201.10	0	[60.000000, 24.000000]
1775223201.10	0	[60.000000, 24.000000]
1775223201.11	0	[60.000000, 24.000000]
1775223201.12	0	[60.000000, 24.000000]
1775223201.12	0	[60.000000, 24.000000]
1775223201.12	0	[60.000000, 24.000000]
1775223201.13	0	[60.000000, 24.000000]
1775223201.13	0	[60.000000, 24.000000]
1775223201.13	0	[60.000000, 24.000000]
1775223201.13	0	[60.000000, 24.000000]
1775223201.17	0	[60.000000, 24.000000]
1775223201.20	0	[60.000000, 24.000000]
1775223201.24	0	[60.000000, 24.000000]
1775223201.27	0	[60.000000, 24.000000]
1775223201.36	0	[60.000000, 24.000000]
1775223201.38	0	[60.000000, 24.000000]
1775223201.42	0	[60.000000, 24.000000]
1775223201.46	0	[60.000000, 24.000000]
1775223201.48	0	[60.000000, 24.000000]
1775223201.48	0	[60.000000, 24.000000]
1775223201.53	0	[60.000000, 24.000000]
1775223201.54	0	[60.000000, 24.000000]
1775223202.32	1	[60.000000, 24.000000]
1775223207.33	2	[60.000000, 24.000000]
1775223213.39	3	[60.000000, 24.000000]
1775223221.47	4	[60.000000, 24.000000]
1775223228.57	5	[60.000000, 24.000000]
1775223241.51	6	[60.000000, 24.000000]
1775223249.10	7	[60.000000, 24.000000]
1775223252.87	8	[60.000000, 24.000000]
1775223260.28	9	[60.000000, 24.000000]
1775223269.16	10	[60.000000, 24.000000]
1775223273.51	11	[60.000000, 24.000000]
1775223279.11	12	[60.000000, 24.000000]
1775223288.32	13	[60.000000, 24.000000]
1775223296.80	14	[60.000000, 24.000000]
1775223305.70	15	[60.000000, 24.000000]
1775223318.02	16	[60.000000, 24.000000]
1775223330.23	17	[60.000000, 24.000000]
1775223348.66	18	[60.000000, 24.000000]
1775223365.98	19	[60.000000, 24.000000]
1775223379.37	20	[60.000000, 24.000000]
1775223389.71	21	[60.000000, 24.000000]
1775223394.86	22	[60.000000, 24.000000]
1775223401.12	23	[60.000000, 24.000000]
1775223412.69	24	[60.000000, 24.000000]
1775223418.43	25	[60.000000, 24.000000]
1775223435.36	26	[60.000000, 24.000000]
1775223452.64	27	[60.000000, 24.000000]
1775223461.08	28	[60.000000, 24.000000]
1775223465.09	29	[60.000000, 24.000000]
1775223470.12	30	[60.000000, 24.000000]
1775223479.21	31	[60.000000, 24.000000]
1775223497.08	32	[60.000000, 24.000000]
1775223506.84	33	[60.000000, 24.000000]
1775223523.28	34	[60.000000, 24.000000]
1775223529.42	35	[60.000000, 24.000000]
1775223533.24	36	[60.000000, 24.000000]
1775223538.67	37	[60.000000, 24.000000]
1775223544.95	38	[60.000000, 24.000000]
1775223558.48	39	[60.000000, 24.000000]
1775223571.14	40	[60.000000, 24.000000]
1775223576.75	41	[60.000000, 24.000000]
1775223584.61	42	[60.000000, 24.000000]
1775223594.24	43	[60.000000, 24.000000]
1775223601.54	44	[60.000000, 24.000000]
1775223617.70	45	[60.000000, 24.000000]
1775223631.71	46	[60.000000, 24.000000]
1775223644.87	47	[60.000000, 24.000000]
1775223658.17	48	[60.000000, 24.000000]
1775223669.77	49	[60.000000, 24.000000]
1775223676.71	50	[60.000000, 24.000000]
1775223686.59	51	[60.000000, 24.000000]
1775223694.55	52	[60.000000, 24.000000]
1775223703.18	53	[60.000000, 24.000000]
1775223724.25	54	[60.000000, 24.000000]
1775223732.06	55	[60.000000, 24.0001775223902.96	0	[60.000000, 24.000000]
1775223903.17	0	[60.000000, 24.000000]
1775223903.18	0	[60.000000, 24.000000]
1775223903.22	0	[60.000000, 24.000000]
1775223903.24	0	[60.000000, 24.000000]
1775223903.28	0	[60.000000, 24.000000]
1775223903.31	0	[60.000000, 24.000000]
1775223903.40	0	[60.000000, 24.000000]
1775223903.63	0	[60.000000, 24.000000]
1775223903.66	0	[60.000000, 24.000000]
1775223903.71	0	[60.000000, 24.000000]
1775223903.77	0	[60.000000, 24.000000]
1775223903.80	0	[60.000000, 24.000000]
1775223903.84	0	[60.000000, 24.000000]
1775223903.89	0	[60.000000, 24.000000]
1775223903.92	0	[60.000000, 24.000000]
1775223904.00	0	[60.000000, 24.000000]
1775223904.05	0	[60.000000, 24.000000]
1775223904.10	0	[60.000000, 24.000000]
1775223904.18	0	[60.000000, 24.000000]
1775223904.20	0	[60.000000, 24.000000]
1775223904.26	0	[60.000000, 24.000000]
1775223904.29	0	[60.000000, 24.000000]
1775223904.31	0	[60.000000, 24.000000]
1775223904.38	0	[60.000000, 24.000000]
1775223904.52	0	[60.000000, 24.000000]
1775223904.62	0	[60.000000, 24.000000]
1775223904.64	0	[60.000000, 24.000000]
1775223904.69	0	[60.000000, 24.000000]
1775223904.71	0	[60.000000, 24.000000]
1775223904.74	0	[60.000000, 24.000000]
1775223904.77	0	[60.000000, 24.000000]
1775223904.83	0	[60.000000, 24.000000]
1775223904.89	0	[60.000000, 24.000000]
1775223904.93	0	[60.000000, 24.000000]
1775223904.97	0	[60.000000, 24.000000]
1775223905.00	0	[60.000000, 24.000000]
1775223905.06	0	[60.000000, 24.000000]
1775223905.09	0	[60.000000, 24.000000]
1775223905.16	0	[60.000000, 24.000000]
1775223905.18	0	[60.000000, 24.000000]
1775223905.23	0	[60.000000, 24.000000]
1775223905.28	0	[60.000000, 24.000000]
1775223905.31	0	[60.000000, 24.000000]
1775223905.38	0	[60.000000, 24.000000]
1775223905.41	0	[60.000000, 24.000000]
1775223905.49	0	[60.000000, 24.000000]
1775223905.56	0	[60.000000, 24.000000]
1775223905.63	0	[60.000000, 24.000000]
1775223905.67	0	[60.000000, 24.000000]
1775223905.74	0	[60.000000, 24.000000]
1775223905.79	0	[60.000000, 24.000000]
1775223905.83	0	[60.000000, 24.000000]
1775223905.86	0	[60.000000, 24.000000]
1775223905.93	0	[60.000000, 24.000000]
1775223906.00	0	[60.000000, 24.000000]
1775223906.02	0	[60.000000, 24.000000]
1775223906.15	0	[60.000000, 24.000000]
1775223906.21	0	[60.000000, 24.000000]
1775223906.23	0	[60.000000, 24.000000]
1775223906.31	0	[60.000000, 24.000000]
1775223906.40	0	[60.000000, 24.000000]
1775223906.45	0	[60.000000, 24.000000]
1775223906.50	0	[60.000000, 24.000000]
1775223906.53	0	[60.000000, 24.000000]
1775223906.57	0	[60.000000, 24.000000]
1775223906.61	0	[60.000000, 24.000000]
1775223906.65	0	[60.000000, 24.000000]
1775223906.67	0	[60.000000, 24.000000]
1775223906.71	0	[60.000000, 24.000000]
1775223906.76	0	[60.000000, 24.000000]
1775223906.79	0	[60.000000, 24.000000]
1775223906.87	0	[60.000000, 24.000000]
1775223906.91	0	[60.000000, 24.000000]
1775223906.97	0	[60.000000, 24.000000]
1775223907.04	0	[60.000000, 24.000000]
1775223907.07	0	[60.000000, 24.000000]
1775223907.12	0	[60.000000, 24.000000]
1775223907.15	0	[60.000000, 24.000000]
1775223907.17	0	[60.000000, 24.000000]
1775223907.23	0	[60.000000, 24.000000]
1775223907.25	0	[60.000000, 24.000000]
1775223907.33	0	[60.000000, 24.000000]
1775223907.41	0	[60.000000, 24.000000]
1775223907.45	0	[60.000000, 24.000000]
1775223907.49	0	[60.000000, 24.000000]
1775223907.55	0	[60.000000, 24.000000]
1775223907.68	0	[60.000000, 24.000000]
1775223907.74	0	[60.000000, 24.000000]
1775223907.86	0	[60.000000, 24.000000]
1775223907.92	0	[60.000000, 24.000000]
1775223907.95	0	[60.000000, 24.000000]
1775223908.00	0	[60.000000, 24.000000]
1775223908.05	0	[60.000000, 24.000000]
1775223908.11	0	[60.000000, 24.000000]
1775223908.13	0	[60.000000, 24.000000]
1775223908.17	0	[60.000000, 24.000000]
1775223908.19	0	[60.000000, 24.000000]
1775223908.22	0	[60.000000, 24.000000]
1775223908.24	0	[60.000000, 24.000000]
1775223908.31	0	[60.000000, 24.000000]
1775223908.33	0	[60.000000, 24.000000]
1775223908.36	0	[60.000000, 24.000000]
1775223908.43	0	[60.000000, 24.000000]
1775223908.45	0	[60.000000, 24.000000]
1775223908.50	0	[60.000000, 24.000000]
1775223908.55	0	[60.000000, 24.000000]
1775223908.60	0	[60.000000, 24.000000]
1775223908.63	0	[60.000000, 24.000000]
1775223908.70	0	[60.000000, 24.000000]
1775223908.73	0	[60.000000, 24.000000]
1775223908.78	0	[60.000000, 24.000000]
1775223908.82	0	[60.000000, 24.000000]
1775223908.85	0	[60.000000, 24.000000]
1775223908.99	0	[60.000000, 24.000000]
1775223909.09	0	[60.000000, 24.000000]
1775223909.11	0	[60.000000, 24.000000]
1775223909.16	0	[60.000000, 24.000000]
1775223909.21	0	[60.000000, 24.000000]
1775223909.23	0	[60.000000, 24.000000]
1775223909.30	0	[60.000000, 24.000000]
1775223909.34	0	[60.000000, 24.000000]
1775223909.36	0	[60.000000, 24.000000]
1775223909.43	0	[60.000000, 24.000000]
1775223909.48	0	[60.000000, 24.000000]
1775223909.53	0	[60.000000, 24.000000]
1775223909.60	0	[60.000000, 24.000000]
1775223909.65	0	[60.000000, 24.000000]
1775223909.68	0	[60.000000, 24.000000]
1775223909.75	0	[60.000000, 24.000000]
1775223909.82	0	[60.000000, 24.000000]
1775223909.87	0	[60.000000, 24.000000]
1775223909.93	0	[60.000000, 24.000000]
1775223909.96	0	[60.000000, 24.000000]
1775223910.02	0	[60.000000, 24.000000]
1775223910.06	0	[60.000000, 24.000000]
1775223910.11	0	[60.000000, 24.000000]
1775223910.14	0	[60.000000, 24.000000]
1775223910.20	0	[60.000000, 24.000000]
1775223910.25	0	[60.000000, 24.000000]
1775223910.28	0	[60.000000, 24.000000]
1775223910.41	0	[60.000000, 24.000000]
1775223910.53	0	[60.000000, 24.000000]
1775223910.65	0	[60.000000, 24.000000]
1775223910.72	0	[60.000000, 24.000000]
1775223910.84	0	[60.000000, 24.000000]
1775223910.92	0	[60.000000, 24.000000]
1775223911.02	0	[60.000000, 24.000000]
1775223911.04	0	[60.000000, 24.000000]
1775223911.08	0	[60.000000, 24.000000]
1775223911.21	0	[60.000000, 24.000000]
1775223911.30	1	[60.000000, 24.000000]
1775223911.57	1	[60.000000, 24.000000]
1775223911.69	1	[60.000000, 24.000000]
1775223911.81	1	[60.000000, 24.000000]
1775223911.90	1	[60.000000, 24.000000]
1775223911.98	1	[60.000000, 24.000000]
1775223912.05	1	[60.000000, 24.000000]
1775223912.09	1	[60.000000, 24.000000]
1775223912.17	1	[60.000000, 24.000000]
1775223912.26	1	[60.000000, 24.000000]
1775223912.36	1	[60.000000, 24.000000]
1775223912.57	1	[60.000000, 24.000000]
1775223912.63	1	[60.000000, 24.000000]
1775223912.71	1	[60.000000, 24.000000]
1775223912.75	1	[60.000000, 24.000000]
1775223912.84	1	[60.000000, 24.000000]
1775223912.95	1	[60.000000, 24.000000]
1775223913.04	1	[60.000000, 24.000000]
1775223913.12	1	[60.000000, 24.000000]
1775223913.19	1	[60.000000, 24.000000]
1775223913.22	1	[60.000000, 24.000000]
1775223913.27	1	[60.000000, 24.000000]
1775223913.29	1	[60.000000, 24.000000]
1775223913.31	1	[60.000000, 24.000000]
1775223913.32	1	[60.000000, 24.000000]
1775223913.34	1	[60.000000, 24.000000]
1775223913.39	1	[60.000000, 24.000000]
1775223913.42	1	[60.000000, 24.000000]
1775223913.56	1	[60.000000, 24.000000]
1775223913.61	1	[60.000000, 24.000000]
1775223913.67	1	[60.000000, 24.000000]
1775223913.70	1	[60.000000, 24.000000]
1775223913.76	1	[60.000000, 24.000000]
1775223913.77	1	[60.000000, 24.000000]
1775223913.83	1	[60.000000, 24.000000]
1775223913.85	1	[60.000000, 24.000000]
1775223913.89	1	[60.000000, 24.000000]
1775223913.97	1	[60.000000, 24.000000]
1775223913.99	1	[60.000000, 24.000000]
1775223914.03	1	[60.000000, 24.000000]
1775223914.05	1	[60.000000, 24.000000]
1775223914.10	1	[60.000000, 24.000000]
1775223914.16	1	[60.000000, 24.000000]
1775223914.19	1	[60.000000, 24.000000]
1775223914.25	1	[60.000000, 24.000000]
1775223914.27	1	[60.000000, 24.000000]
1775223914.31	1	[60.000000, 24.000000]
1775223914.35	1	[60.000000, 24.000000]
1775223914.38	1	[60.000000, 24.000000]
1775223914.43	1	[60.000000, 24.000000]
1775223914.45	1	[60.000000, 24.000000]
1775223914.50	1	[60.000000, 24.000000]
1775223914.55	1	[60.000000, 24.000000]
1775223914.58	1	[60.000000, 24.000000]
1775223914.61	1	[60.000000, 24.000000]
1775223914.64	1	[60.000000, 24.000000]
1775223914.70	1	[60.000000, 24.000000]
1775223914.73	1	[60.000000, 24.000000]
1775223914.76	1	[60.000000, 24.000000]
171775224071.43	0	[60.000000, 24.000000]
1775224071.69	0	[60.000000, 24.000000]
1775224071.71	0	[60.000000, 24.000000]
1775224071.74	0	[60.000000, 24.000000]
1775224071.76	0	[60.000000, 24.000000]
1775224071.92	0	[60.000000, 24.000000]
1775224072.03	0	[60.000000, 24.000000]
1775224072.05	0	[60.000000, 24.000000]
1775224072.15	0	[60.000000, 24.000000]
1775224072.17	0	[60.000000, 24.000000]
1775224072.24	0	[60.000000, 24.000000]
1775224072.31	0	[60.000000, 24.000000]
1775224072.35	0	[60.000000, 24.000000]
1775224072.38	0	[60.000000, 24.000000]
1775224072.42	0	[60.000000, 24.000000]
1775224072.47	0	[60.000000, 24.000000]
1775224072.53	0	[60.000000, 24.000000]
1775224072.70	0	[60.000000, 24.000000]
1775224072.74	0	[60.000000, 24.000000]
1775224072.78	0	[60.000000, 24.000000]
1775224072.86	0	[60.000000, 24.000000]
1775224073.18	0	[60.000000, 24.000000]
1775224073.31	0	[60.000000, 24.000000]
1775224073.35	0	[60.000000, 24.000000]
1775224073.42	0	[60.000000, 24.000000]
1775224073.51	0	[60.000000, 24.000000]
1775224073.64	0	[60.000000, 24.000000]
1775224073.75	0	[60.000000, 24.000000]
1775224073.82	0	[60.000000, 24.000000]
1775224074.01	0	[60.000000, 24.000000]
1775224074.31	0	[60.000000, 24.000000]
1775224074.57	0	[60.000000, 24.000000]
1775224074.71	0	[60.000000, 24.000000]
1775224074.85	0	[60.000000, 24.000000]
1775224074.91	0	[60.000000, 24.000000]
1775224075.01	0	[60.000000, 24.000000]
1775224075.11	0	[60.000000, 24.000000]
1775224075.24	0	[60.000000, 24.000000]
1775224075.37	0	[60.000000, 24.000000]
1775224075.42	0	[60.000000, 24.000000]
1775224075.54	0	[60.000000, 24.000000]
1775224075.71	0	[60.000000, 24.000000]
1775224075.97	0	[60.000000, 24.000000]
1775224076.08	0	[60.000000, 24.000000]
1775224076.14	0	[60.000000, 24.000000]
1775224076.26	0	[60.000000, 24.000000]
1775224076.30	0	[60.000000, 24.000000]
1775224076.41	0	[60.000000, 24.000000]
1775224076.48	0	[60.000000, 24.000000]
1775224076.70	0	[60.000000, 24.000000]
1775224076.81	0	[60.000000, 24.000000]
1775224076.89	0	[60.000000, 24.000000]
1775224077.02	0	[60.000000, 24.000000]
1775224077.10	0	[60.000000, 24.000000]
1775224077.14	0	[60.000000, 24.000000]
1775224077.36	0	[60.000000, 24.000000]
1775224077.47	0	[60.000000, 24.000000]
1775224077.52	0	[60.000000, 24.000000]
1775224077.59	0	[60.000000, 24.000000]
1775224077.64	0	[60.000000, 24.000000]
1775224077.66	0	[60.000000, 24.000000]
1775224077.70	0	[60.000000, 24.000000]
1775224077.71	0	[60.000000, 24.000000]
1775224077.78	0	[60.000000, 24.000000]
1775224077.80	0	[60.000000, 24.000000]
1775224077.85	0	[60.000000, 24.000000]
1775224077.89	0	[60.000000, 24.000000]
1775224077.91	0	[60.000000, 24.000000]
1775224077.95	0	[60.000000, 24.000000]
1775224078.00	0	[60.000000, 24.000000]
1775224078.04	0	[60.000000, 24.000000]
1775224078.07	0	[60.000000, 24.000000]
1775224078.09	0	[60.000000, 24.000000]
1775224078.14	0	[60.000000, 24.000000]
1775224078.18	0	[60.000000, 24.000000]
1775224078.24	0	[60.000000, 24.000000]
1775224078.27	0	[60.000000, 24.000000]
1775224078.32	0	[60.000000, 24.000000]
1775224078.36	0	[60.000000, 24.000000]
1775224078.53	0	[60.000000, 24.000000]
1775224078.59	0	[60.000000, 24.000000]
1775224078.61	0	[60.000000, 24.000000]
1775224078.67	0	[60.000000, 24.000000]
1775224078.73	0	[60.000000, 24.000000]
1775224078.79	0	[60.000000, 24.000000]
1775224078.85	0	[60.000000, 24.000000]
1775224078.90	0	[60.000000, 24.000000]
1775224078.97	0	[60.000000, 24.000000]
1775224079.00	0	[60.000000, 24.000000]
1775224079.10	0	[60.000000, 24.000000]
1775224079.13	0	[60.000000, 24.000000]
1775224079.15	0	[60.000000, 24.000000]
1775224079.16	0	[60.000000, 24.000000]
1775224079.21	0	[60.000000, 24.000000]
1775224079.25	0	[60.000000, 24.000000]
1775224079.27	0	[60.000000, 24.000000]
1775224079.28	0	[60.000000, 24.000000]
1775224079.32	0	[60.000000, 24.000000]
1775224079.40	0	[60.000000, 24.000000]
1775224079.49	0	[60.000000, 24.000000]
1775224079.55	0	[60.000000, 24.000000]
1775224079.59	0	[60.000000, 24.000000]
1775224079.62	0	[60.000000, 24.000000]
1775224079.67	0	[60.000000, 24.000000]
1775224079.77	0	[60.000000, 24.000000]
1