1763155629.02	27	9
1763155635.43	28	9
1767732563.33	861	3311
1767732563.39	862	3935
1767732563.46	863	1885
1767732563.53	864	3995
1767732563.59	865	2444
1767732563.66	866	3601
1767732563.73	867	2746
1767732563.80	868	3120
1767732563.86	869	1509
1767732563.93	870	2258
1767732564.00	871	3056
1767732564.06	872	3047
1767732564.13	873	3961
1767732564.20	874	3601
1767732564.26	875	2557
1767732564.33	876	1931
1767732564.40	877	1306
1767732564.47	878	4259
1767732564.53	879	3286
1767732564.60	880	2612
1767732564.67	881	3583
1767732564.73	882	3142
1767732564.80	883	2190
1767732564.87	884	1322
1767732564.94	885	2552
1767732565.00	886	3595
1767732565.07	887	4317
1767732565.14	888	3335
1767732565.20	889	4381
1767732565.27	890	3205
1767732565.34	891	3442
1767732565.41	892	4073
1767732565.47	893	1389
1767732565.54	894	3560
1767732565.61	895	3495
1767732565.67	896	3663
1767732565.74	897	3681
1767732565.81	898	3566
1767732565.87	899	9
1767732573.36	900	9
1767732578.54	901	2150
1767732578.61	902	3978
1767732578.67	903	4358
1767732578.74	904	1677
1767732578.81	905	2342
1767732578.88	906	3482
1767732578.94	907	4305
1767732579.01	908	3837
1767732579.08	909	1417
1767732579.14	910	3372
1767732579.21	911	4256
1767732579.28	912	2348
1767732579.35	913	3300
1767732579.48	915	2747
1767732579.55	916	4186
1767732579.61	917	1324
1767732579.68	918	4297
1767732579.75	919	1529
1767732579.81	920	1374
1767732579.88	921	3471
1767732579.95	922	3682
1767732580.02	923	1882
1767732580.08	924	1348
1767732580.22	926	1592
1767732580.35	928	4076
1767732580.49	930	1837
1767732580.55	931	9
1767732587.37	932	9
1767732588.60	933	2947
1767732588.67	934	3334
1767732588.74	935	1884
1767732588.80	936	1511
1767732588.87	937	1359
1767732588.94	938	2284
1767732589.00	939	3914
1767732589.07	940	4303
1767732589.14	941	2326
1767732589.21	942	1659
1767732589.27	943	4054
1767732589.34	944	4340
1767732589.41	945	1468
1767732589.47	946	1964
1767732589.54	947	3073
1767732589.61	948	2139
1767732589.68	949	2108
1767732589.74	950	3504
1767732589.81	951	2183
1767732589.88	952	4204
1767732589.94	953	4178
1767732590.01	954	2880
1767732590.08	955	3568
1767732590.14	956	3997
1767732590.21	957	2839
1767732590.28	958	3447
1767732590.35	959	2289
1767732590.48	961	2001
1767732590.61	963	4223
1767732590.68	964	2598
1767732590.75	965	2372
1767732590.82	966	3821
1767732590.88	967	9
1767732596.34	968	1338
1767732596.40	969	1263
1767732596.47	970	1717
1767732596.54	971	3640
1767732596.60	972	3824
1767732596.74	974	4206
1767732596.80	975	3155
1767732596.87	976	1465
1767732596.94	977	3051
1767732597.01	978	3076
1767732597.14	980	1713
1767732597.21	981	1808
1767732597.27	982	3739
1767732597.34	983	4130
1767732597.48	985	4062
1767732597.54	986	3350
1767732597.61	987	1730
1767732597.68	988	3877
1767732597.74	989	2232
1767732597.81	990	1945
1767732597.88	991	9
1767732600.86	992	9
1767732607.76	993	1924
1767732607.82	994	3598
1767732607.89	995	1329
1767732607.96	996	4176
1767732608.03	997	2218
1767732608.09	998	1816
1767732608.16	999	3466
1767732608.23	1000	2521
1767732608.29	1001	3673
1767732608.36	1002	3272
1767732608.43	1003	1983
1767732608.49	1004	3590
1767732608.63	1006	1380
1767732608.76	1008	4098
1767732608.83	1009	2220
1767732608.90	1010	3036
1767732608.96	1011	4136
1767732609.03	1012	1736
1767732609.10	1013	3533
1767732609.17	1014	3567
1767732609.30	1016	9
1767732615.85	1017	3039
1767732615.92	1018	2493
1767732616.18	1022	2667
1767732616.25	1023	3579
1767732616.32	1024	1416
1767732616.39	1025	1771
1767732616.45	1026	1723
1767732616.52	1027	3236
1767732616.59	1028	2247
1767732616.65	1029	2886
1767732616.72	1030	1810
1767732616.79	1031	3586
1767732616.85	1032	1280
1767732616.92	1033	2231
1767732616.99	1034	3974
1767732617.06	1035	3668
1767732617.12	1036	3817
1767732617.19	1037	1363
1767732617.26	1038	2485
1767732617.32	1039	2715
1767732617.39	1040	1411
1767732617.46	1041	4016
1767732617.53	1042	2060
1767732617.59	1043	1675
1767732617.66	1044	2480
1767732617.73	1045	2026
1767732617.79	1046	1837
1767732617.86	1047	3737
1767732617.99	1049	4355
1767732618.20	1052	4064
1767732618.26	1053	1630
1767732618.33	1054	3840
1767732618.40	1055	1511
1767732618.46	1056	9
1767732620.96	1057	1840
1767732621.02	1058	3362
1767732621.09	1059	2414
1767732621.16	1060	4252
1767732621.22	1061	2940
1767732621.29	1062	2459
1767732621.36	1063	3755
1767732621.43	1064	2787
1767732621.49	1065	3691
1767732621.56	1066	2501
1767732621.63	1067	2948
1767732621.69	1068	3526
1767732621.76	1069	3482
1767732621.83	1070	1964
1767732621.90	1071	2458
1767732621.96	1072	1918
1767732622.03	1073	1937
1767732622.10	1074	4282
1767732622.16	1075	1412
1767732622.23	1076	4068
1767732622.30	1077	3894
1767732622.37	1078	3912
1767732622.43	1079	9
1767732623.62	1080	4367
1767732623.68	1081	3784
1767732623.82	1083	4275
1767732623.95	1085	1273
1767732624.02	1086	3460
1767732624.09	1087	2938
1767732624.15	1088	4396
1767732624.22	1089	2747
1767732624.29	1090	3834
1767732624.35	1091	4302
1767732624.42	1092	2489
1767732624.49	1093	3637
1767732624.56	1094	1702
1767732624.62	1095	3825
1767732624.69	1096	3363
1767732624.76	1097	1504
1767732624.89	1099	3982
1767732624.96	1100	1871
1767732625.02	1101	9
1767732631.24	1102	9
1767732639.08	1103	2809
1767732639.15	1104	4377
1767732639.21	1105	4208
1767732639.28	1106	3377
1767732639.35	1107	4272
1767732639.42	1108	3239
1767732639.48	1109	2552
1767732639.55	1110	2006
1767732639.69	1112	3670
1767732639.75	1113	3336
1767732639.82	1114	2510
1767732639.89	1115	3625
1767732639.95	1116	2560
1767732640.02	1117	2516
1767732640.09	1118	3303
1767732640.15	1119	2705
1767732640.22	1120	3216
1767732640.29	1121	3795
1767732640.42	1123	9
1767732649.93	1124	9
1767732653.17	1125	9
1767732654.78	1126	9
1767732657.12	1127	9
1767732665.34	1128	4148
1767732665.47	1130	3905
1767732665.61	1132	2213
1767732665.68	1133	1820
1767732665.74	1134	2308
1767732665.81	1135	2992
1767732665.88	1136	3548
1767732665.94	1137	2551
1767732666.01	1138	4401
1767732666.08	1139	2146
1767732666.15	1140	2076
1767732666.21	1141	3792
1767732666.28	1142	1734
1767732666.35	1143	2199
1767732666.41	1144	3279
1767732666.48	1145	4223
1767732666.55	1146	2324
1767732666.61	1147	2480
1767732666.75	1149	3240
1767732666.82	1150	1466
1767732666.88	1151	1719
1767732666.95	1152	4048
1767732667.02	1153	2336
1767732667.08	1154	2348
1767732667.15	1155	2241
1767732667.22	1156	9
1767732674.17	1157	9
1767732677.01	1158	3630
1767732677.07	1159	1282
1767732677.14	1160	1979
1767732677.21	1161	3164
1767732677.28	1162	1712
1767732677.34	1163	1896
1767732677.41	1164	1803
1767732677.48	1165	3698
1767732677.68	1168	2042
1767732677.74	1169	1380
1767732677.81	1170	1850
1767732677.88	1171	2821
1767732677.95	1172	2502
1767732678.08	1174	1340
1767732678.22	1176	3786
1767732678.28	1177	1958
1767732678.42	1179	3974
1767732678.48	1180	1660
1767732678.55	1181	9
1767732683.41	1182	1581
1767732683.48	1183	2276
1767732683.54	1184	3085
1767732683.61	1185	3892
1767732683.68	1186	3835
1767732683.75	1187	1547
1767732683.88	1189	3879
1767732683.95	1190	1608
1767732684.01	1191	4069
1767732684.08	1192	2040
1767732684.15	1193	2220
1767732684.22	1194	3644
1767732684.28	1195	2244
1767732684.35	1196	3146
1767732684.42	1197	2137
1767732684.48	1198	4245
1767732684.55	1199	3739
1767732684.62	1200	9
1767732693.68	1201	9
1767732702.13	1202	9
1767732708.51	1203	9
1767732710.18	1204	9
1767732717.01	1205	2997
1767732717.08	1206	2273
1767732717.14	1207	3879
1767732717.21	1208	1988
1767732717.28	1209	4044
1767732717.35	1210	3859
1767732717.41	1211	2342
1767732717.48	1212	1307
1767732717.55	1213	3755
1767732717.61	1214	3836
1767732717.68	1215	3741
1767732717.75	1216	1578
1767732717.82	1217	3191
1767732717.88	1218	1750
1767732717.95	1219	3177
1767732718.08	1221	3756
1767732718.15	1222	2081
1767732718.22	1223	2709
1767732718.28	1224	2115
1767732718.35	1225	3716
1767732718.42	1226	2556
1767732718.49	1227	2145
1767732718.55	1228	3869
1767732718.62	1229	3587
1767732718.69	1230	4360
1767732718.75	1231	4104
1767732718.82	1232	1782
1767732718.89	1233	2270
1767732718.96	1234	2987
1767732719.02	1235	9
1767732728.65	1236	1245
1767732728.72	1237	3399
1767732728.78	1238	3156
1767732728.85	1239	3262
1767732728.92	1240	3457
1767732728.98	1241	2130
1767732729.12	1243	4129
1767732729.19	1244	1467
1767732729.25	1245	3271
1767732729.32	1246	2620
1767732729.39	1247	2244
1767732729.45	1248	1640
1767732729.52	1249	4201
1767732729.59	1250	1556
1767732729.66	1251	1764
1767732729.72	1252	1911
1767732729.79	1253	3687
1767732729.86	1254	4362
1767732729.92	1255	2101
1767732730.06	1257	2535
1767732730.13	1258	2683
1767732730.19	1259	2080
1767732730.33	1261	9
1767732733.39	1262	4226
1767732733.45	1263	4034
1767732733.52	1264	1902
1767732733.66	1266	3061
1767732733.72	1267	4043
1767732733.79	1268	2358
1767732733.86	1269	3625
1767732733.92	1270	3708
1767732733.99	1271	2575
1767732734.06	1272	3690
1767732734.13	1273	1393
1767732734.19	1274	3655
1767732734.26	1275	2005
1767732734.33	1276	1462
1767732734.39	1277	2855
1767732734.53	1279	1223
1767732734.59	1280	4311
1767732734.66	1281	2098
1767732734.73	1282	9
1767732736.17	1283	9
1767732737.68	1284	9
1767732739.44	1285	9
1767732748.79	1286	9
1767732758.72	1287	9
1767732765.53	1288	9
1767732769.28	1289	3292
1767732769.34	1290	4270
1767732769.41	1291	3173
1767732769.48	1292	4049
1767732769.54	1293	2478
1767732769.61	1294	3351
1767732769.75	1296	2192
1767732769.81	1297	4307
1767732769.88	1298	3306
1767732769.95	1299	2338
1767732770.01	1300	3963
1767732770.15	1302	3991
1767732770.22	1303	3632
1767732770.28	1304	3419
1767732770.35	1305	4007
1767732770.42	1306	3878
1767732770.48	1307	1777
1767732770.55	1308	1248
1767732770.62	1309	3456
1767732770.69	1310	2845
1767732770.75	1311	3107
1767732770.82	1312	3947
1767732770.95	1314	3529
1767732771.02	1315	2870
1767732771.09	1316	2981
1767732771.15	1317	9
1767732779.45	1318	2843
1767732779.52	1319	2697
1767732779.58	1320	1914
1767732779.65	1321	1944
1767732779.72	1322	3411
1767732779.79	1323	3802
1767732779.85	1324	2587
1767732779.99	1326	3082
1767732780.05	1327	3236
1767732780.12	1328	3396
1767732780.19	1329	3826
1767732780.26	1330	3146
1767732780.32	1331	2402
1767732780.39	1332	1555
1767732780.46	1333	1667
1767732780.59	1335	4405
1767732780.66	1336	2661
1767732780.72	1337	1454
1767732780.79	1338	2423
1767732780.86	1339	3847
1767732780.93	1340	4053
1767732780.99	1341	3162
1767732781.06	1342	3477
1767732781.13	1343	4203
1767732781.26	1345	3590
1767732781.33	1346	9
1767732783.15	1348	1901
1767732783.22	1349	3990
1767732783.42	1352	3047
1767732783.49	1353	1345
1767732783.62	1355	3633
1767732783.75	1357	4382
1767732783.82	1358	3651
1767732783.96	1360	1268
1767732784.02	1361	3318
1767732784.09	1362	1235
1767732784.16	1363	1947
1767732784.22	1364	2020
1767732784.29	1365	3321
1767732784.36	1366	2415
1767732784.42	1367	9
1767732787.99	1368	1467
1767732788.05	1369	2130
1767732788.12	1370	3293
1767732788.19	1371	3562
1767732788.26	1372	1568
1767732788.32	1373	2723
1767732788.39	1374	2872
1767732788.46	1375	2584
1767732788.52	1376	4079
1767732788.59	1377	3229
1767732788.66	1378	3805
1767732788.73	1379	1840
1767732788.79	1380	2609
1767732788.93	1382	3819
1767732789.06	1384	2040
1767732789.13	1385	1834
1767732789.19	1386	2317
1767732789.33	1388	1883
1767732789.40	1389	1530
1767732789.46	1390	2802
1767732789.53	1391	3091
1767732789.60	1392	2812
1767732789.66	1393	3822
1767732789.73	1394	3460
1767732789.80	1395	3171
1767732789.87	1396	9
1767732796.01	1397	2841
1767732796.08	1398	3821
1767732796.15	1399	3372
1767732796.21	1400	4366
1767732796.28	1401	1671
1767732796.35	1402	2266
1767732796.42	1403	3705
1767732796.48	1404	1903
1767732796.55	1405	4328
1767732796.62	1406	2356
1767732796.68	1407	3786
1767732796.75	1408	1254
1767732796.82	1409	4022
1767732796.89	1410	3413
1767732796.95	1411	4325
1767732797.02	1412	2159
1767732797.09	1413	2409
1767732797.15	1414	2396
1767732797.22	1415	3510
1767732797.29	1416	3789
1767732797.36	1417	1511
1767732797.42	1418	4376
1767732797.49	1419	3092
1767732797.56	1420	1904
1767732797.69	1422	2304
1767732797.76	1423	9
1767732801.02	1424	9
1767732808.43	1425	1800
1767732808.50	1426	3778
1767732808.57	1427	3158
1767732808.64	1428	3005
1767732808.70	1429	2437
1767732808.77	1430	2458
1767732808.84	1431	3625
1767732808.91	1432	2541
1767732809.11	1435	3436
1767732809.18	1436	2433
1767732809.24	1437	3353
1767732809.31	1438	4066
1767732809.38	1439	3557
1767732809.44	1440	3425
1767732809.51	1441	2645
1767732809.58	1442	2466
1767732809.64	1443	2613
1767732809.71	1444	9
1767732810.75	1445	2231
1767732810.82	1446	3497
1767732810.88	1447	2974
1767732810.95	1448	3164
1767732811.02	1449	2247
1767732811.09	1450	2501
1767732811.22	1452	3990
1767732811.29	1453	1627
1767732811.35	1454	2773
1767732811.49	1456	4194
1767732811.56	1457	1373
1767732811.62	1458	4205
1767732811.69	1459	3381
1767732811.76	1460	1556
1767732811.82	1461	4029
1767732811.89	1462	3590
1767732811.96	1463	4200
1767732812.03	1464	3380
1767732812.09	1465	1470
1767732812.16	1466	3945
1767732812.23	1467	4304
1767732812.29	1468	3679
1767732812.36	1469	2671
1767732812.43	1470	2224
1767732812.49	1471	3380
1767732812.56	1472	2360
1767732812.63	1473	1469
1767732812.70	1474	1819
1767732812.76	1475	2518
1767732812.83	1476	3364
1767732812.96	1478	2233
1767732813.03	1479	9
1767732816.74	1480	9
1767732820.09	1481	9
1767732822.78	1482	2466
1767732822.84	1483	2568
1767732822.91	1484	3365
1767732822.98	1485	3772
1767732823.04	1486	3105
1767732823.11	1487	4152
1767732823.18	1488	2261
1767732823.25	1489	2782
1767732823.31	1490	2988
1767732823.38	1491	1468
1767732823.45	1492	2048
1767732823.58	1494	4198
1767732823.65	1495	3842
1767732823.78	1497	2034
1767732823.85	1498	2637
1767732823.92	1499	9
1767732830.69	1500	9
1767732839.48	1501	9
1767732848.87	1502	9
1767732855.44	1503	9
1767732862.10	1504	9
1767732868.81	1505	1989
1767732868.87	1506	4057
1767732868.94	1507	3232
1767732869.01	1508	1654
1767732869.08	1509	1886
1767732869.14	1510	3258
1767732869.21	1511	3862
1767732869.28	1512	4322
1767732869.41	1514	3261
1767732869.48	1515	4132
1767732869.55	1516	4015
1767732869.61	1517	2609
1767732869.68	1518	2671
1767732869.75	1519	1452
1767732869.81	1520	2016
1767732869.95	1522	2652
1767732870.08	1524	1383
1767732870.15	1525	3170
1767732870.22	1526	1501
1767732870.28	1527	4181
1767732870.35	1528	3129
1767732870.42	1529	3337
1767732870.48	1530	9
1767732878.08	1531	4333
1767732878.15	1532	3319
1767732878.28	1534	3955
1767732878.35	1535	2705
1767732878.41	1536	2468
1767732878.48	1537	2931
1767732878.55	1538	3747
1767732878.62	1539	2412
1767732878.68	1540	2367
1767732878.75	1541	2797
1767732878.82	1542	1548
1767732878.88	1543	3929
1767732878.95	1544	2021
1767732879.02	1545	1979
1767732879.09	1546	1221
1767732879.15	1547	3122
1767732879.22	1548	1714
1767732879.29	1549	3740
1767732879.35	1550	2557
1767732879.42	1551	3811
1767732879.55	1553	9
1767732881.41	1554	9
1767732884.18	1555	9
1767732888.95	1556	9
1767732892.61	1557	9
1767732899.75	1558	4042
1767732899.82	1559	3658
1767732899.89	1560	1335
1767732900.02	1562	2537
1767732900.09	1563	4137
1767732900.15	1564	3395
1767732900.22	1565	1230
1767732900.36	1567	4029
1767732900.42	1568	2873
1767732900.56	1570	3960
1767732900.63	1571	2670
1767732900.69	1572	2852
1767732900.83	1574	2305
1767732900.89	1575	3363
1767732900.96	1576	1524
1767732901.03	1577	2297
1767732901.09	1578	1963
1767732901.23	1580	3768
1767732901.30	1581	3067
1767732901.36	1582	9
1767732909.18	1583	2022
1767732909.25	1584	3316
1767732909.39	1586	1614
1767732909.45	1587	3696
1767732909.52	1588	1651
1767732909.59	1589	2655
1767732909.65	1590	3723
1767732909.72	1591	2846
1767732909.79	1592	3996
1767732909.86	1593	3423
1767732909.92	1594	3043
1767732909.99	1595	3204
1767732910.06	1596	4057
1767732910.12	1597	3808
1767732910.26	1599	4307
1767732910.33	1600	1571
1767732910.39	1601	3417
1767732910.46	1602	3054
1767732910.53	1603	3949
1767732910.59	1604	2660
1767732910.66	1605	2895
1767732910.73	1606	4101
1767732910.79	1607	2352
1767732910.86	1608	1802
1767732910.93	1609	1882
1767732911.00	1610	1470
1767732911.06	1611	9
1767732915.37	1612	9
1767732925.24	1613	3105
1767732925.31	1614	2788
1767732925.38	1615	2836
1767732925.44	1616	1653
1767732925.51	1617	2043
1767732925.58	1618	2754
1767732925.71	1620	2084
1767732925.78	1621	2428
1767732925.85	1622	2507
1767732925.91	1623	4228
1767732925.98	1624	4268
1767732926.05	1625	1666
1767732926.11	1626	3921
1767732926.18	1627	4379
1767732926.32	1629	2207
1767732926.38	1630	2592
1767732926.58	1633	1462
1767732926.65	1634	3649
1767732926.72	1635	4078
1767732926.79	1636	9
1767732933.16	1637	4311
1767732933.23	1638	1862
1767732933.36	1640	4029
1767732933.43	1641	3816
1767732933.49	1642	3072
1767732933.56	1643	1828
1767732933.63	1644	3908
1767732933.70	1645	1859
1767732933.76	1646	3292
1767732933.83	1647	3434
1767732933.90	1648	2371
1767732933.96	1649	3355
1767732934.03	1650	2901
1767732934.10	1651	3462
1767732934.17	1652	3396
1767732934.23	1653	1550
1767732934.30	1654	3884
1767732934.37	1655	1610
1767732934.43	1656	2740
1767732934.50	1657	2844
1767732934.57	1658	3033
1767732934.63	1659	2745
1767732934.70	1660	4024
1767732934.84	1662	4403
1767732934.90	1663	2608
1767732934.97	1664	3962
1767732935.04	1665	4207
1767732935.10	1666	9
1767732940.47	1667	2818
1767732940.54	1668	1434
1767732940.60	1669	1559
1767732940.67	1670	4260
1767732940.74	1671	3434
1767732940.80	1672	2254
1767732940.87	1673	1655
1767732940.94	1674	2353
1767732941.00	1675	1917
1767732941.07	1676	3385
1767732941.21	1678	3635
1767732941.27	1679	1962
1767732941.34	1680	2348
1767732941.41	1681	3352
1767732941.47	1682	1250
1767732941.54	1683	3615
1767732941.61	1684	2677
1767732941.68	1685	3240
1767732941.74	1686	1824
1767732941.81	1687	1216
1767732941.88	1688	2202
1767732941.94	1689	3238
1767732942.08	1691	3280
1767732942.15	1692	4340
1767732942.21	1693	1327
1767732942.28	1694	1606
1767732942.35	1695	3313
1767732942.41	1696	9
1767732947.30	1697	4146
1767732947.44	1699	1567
1767732947.50	1700	1561
1767732947.57	1701	2428
1767732947.64	1702	1607
1767732947.71	1703	1989
1767732947.77	1704	3660
1767732947.84	1705	3123
1767732947.91	1706	3668
1767732947.97	1707	2814
1767732948.04	1708	1752
1767732948.11	1709	1941
1767732948.18	1710	2537
1767732948.24	1711	1848
1767732948.31	1712	3280
1767732948.38	1713	1629
1767732948.44	1714	1303
1767732948.51	1715	1497
1767732948.58	1716	3492
1767732948.65	1717	9
1767732957.05	1718	4079
1767732957.11	1719	3960
1767732957.18	1720	3444
1767732957.25	1721	2135
1767732957.32	1722	4226
1767732957.38	1723	1625
1767732957.45	1724	3401
1767732957.52	1725	3726
1767732957.58	1726	3958
1767732957.65	1727	2653
1767732957.72	1728	3218
1767732957.78	1729	4158
1767732957.85	1730	3963
1767732957.92	1731	1790
1767732957.99	1732	3523
1767732958.05	1733	1634
1767732958.12	1734	3102
1767732958.19	1735	3052
1767732958.32	1737	1276
1767732958.39	1738	1812
1767732958.46	1739	2761
1767732958.52	1740	2044
1767732958.59	1741	1713
1767732958.66	1742	4274
1767732958.72	1743	2823
1767732958.92	1746	9
1767732962.48	1747	9
1767732966.69	1748	1557
1767732966.82	1750	1825
1767732966.89	1751	1459
1767732966.96	1752	2934
1767732967.09	1754	2635
1767732967.16	1755	4158
1767732967.23	1756	2455
1767732967.29	1757	3303
1767732967.36	1758	3883
1767732967.43	1759	2358
1767732967.56	1761	1473
1767732967.63	1762	2421
1767732967.70	1763	2730
1767732967.76	1764	2973
1767732967.83	1765	2316
1767732967.90	1766	2579
1767732967.97	1767	3939
1767732968.03	1768	2420
1767732968.10	1769	1654
1767732968.17	1770	2827
1767732968.23	1771	3816
1767732968.30	1772	2986
1767732968.43	1774	2918
1767732968.50	1775	2596
1767732968.57	1776	9
1767732978.32	1777	1248
1767732978.39	1778	2253
1767732978.45	1779	3146
1767732978.52	1780	3718
1767732978.59	1781	2378
1767732978.65	1782	1516
1767732978.72	1783	2091
1767732978.79	1784	2461
1767732978.86	1785	2011
1767732978.92	1786	2980
1767732978.99	1787	3166
1767732979.06	1788	3970
1767732979.12	1789	3873
1767732979.26	1791	2025
1767732979.33	1792	3647
1767732979.39	1793	2181
1767732979.46	1794	1333
1767732979.53	1795	3065
1767732979.59	1796	9
1767732984.39	1797	9
1767732991.58	1798	1347
1767732991.65	1799	1213
1767732991.71	1800	2466
1767732991.78	1801	1446
1767732991.85	1802	1874
1767732991.92	1803	1656
1767732991.98	1804	2618
1767732992.05	1805	2834
1767732992.12	1806	3981
1767732992.18	1807	1974
1767732992.25	1808	3554
1767732992.39	1810	1691
1767732992.45	1811	2303
1767732992.52	1812	2173
1767732992.59	1813	2195
1767732992.65	1814	3184
1767732992.72	1815	4083
1767732992.79	1816	9
1767732995.41	1817	2654
1767732995.48	1818	2669
1767732995.54	1819	2396
1767732995.61	1820	3323
1767732995.68	1821	3386
1767732995.74	1822	2788
1767732995.81	1823	3932
1767732995.88	1824	2092
1767732995.95	1825	1813
1767732996.01	1826	4213
1767732996.08	1827	2822
1767732996.15	1828	1280
1767732996.21	1829	1438
1767732996.28	1830	4277
1767732996.35	1831	2428
1767732996.42	1832	3811
1767732996.48	1833	2980
1767732996.55	1834	2190
1767732996.62	1835	9
1767733001.82	1836	9
1767733004.37	1837	9
1767733013.84	1838	9
1767733021.46	1839	3706
1767733021.53	1840	3860
1767733021.60	1841	1260
1767733021.67	1842	1476
1767733021.80	1844	3322
1767733021.93	1846	4097
1767733022.00	1847	3186
1767733022.07	1848	2078
1767733022.13	1849	3840
1767733022.20	1850	4372
1767733022.27	1851	2283
1767733022.34	1852	1800
1767733022.40	1853	1486
1767733022.47	1854	1533
1767733022.60	1856	1449
1767733022.67	1857	9
1767733032.34	1858	9
1767733035.87	1859	3118
1767733035.93	1860	4108
1767733036.00	1861	2702
1767733036.07	1862	2960
1767733036.13	1863	3064
1767733036.20	1864	1513
1767733036.27	1865	1584
1767733036.34	1866	3332
1767733036.47	1868	2132
1767733036.54	1869	4206
1767733036.60	1870	3550
1767733036.67	1871	3385
1767733036.74	1872	3001
1767733036.81	1873	2583
1767733036.87	1874	3384
1767733036.94	1875	4221
1767733037.07	1877	4099
1767733037.14	1878	4304
1767733037.21	1879	1796
1767733037.27	1880	9
1767733046.37	1881	1744
1767733046.44	1882	3138
1767733046.64	1885	4110
1767733046.71	1886	3427
1767733046.77	1887	3794
1767733046.84	1888	3244
1767733046.91	1889	3958
1767733046.98	1890	3059
1767733047.04	1891	2940
1767733047.11	1892	3401
1767733047.18	1893	3635
1767733047.24	1894	3721
1767733047.31	1895	4080
1767733047.38	1896	3870
1767733047.58	1899	9
1767733057.05	1901	1514
1767733057.12	1902	2250
1767733057.19	1903	2685
1767733057.26	1904	2274
1767733057.32	1905	4151
1767733057.39	1906	2861
1767733057.46	1907	3541
1767733057.52	1908	2984
1767733057.59	1909	3478
1767733057.66	1910	1419
1767733057.72	1911	3058
1767733057.79	1912	2172
1767733057.86	1913	1959
1767733057.93	1914	2478
1767733057.99	1915	2019
1767733058.06	1916	3086
1767733058.13	1917	3933
1767733058.19	1918	3585
1767733058.33	1920	2096
1767733058.46	1922	2955
1767733058.53	1923	3930
1767733058.60	1924	9
1767733062.14	1925	9
1767733071.82	1926	9
1767733074.02	1927	9
1767733078.35	1928	3677
1767733078.42	1929	2374
1767733078.48	1930	2067
1767733078.55	1931	2214
1767733078.62	1932	2264
1767733078.69	1933	3518
1767733078.82	1935	3897
1767733078.89	1936	3007
1767733078.95	1937	2375
1767733079.02	1938	3530
1767733079.09	1939	1832
1767733079.16	1940	2063
1767733079.22	1941	2341
1767733079.29	1942	3589
1767733079.36	1943	1898
1767733079.42	1944	2660
1767733079.49	1945	3972
1767733079.56	1946	1276
1767733079.62	1947	2826
1767733079.69	1948	1857
1767733079.76	1949	3709
1767733079.83	1950	4017
1767733079.89	1951	1559
1767733079.96	1952	3005
1767733080.03	1953	2485
1767733080.09	1954	9
1767733086.46	1957	1673
1767733086.53	1958	3023
1767733086.60	1959	2910
1767733086.67	1960	2690
1767733086.73	1961	3250
1767733086.87	1963	2808
1767733086.93	1964	1959
1767733087.00	1965	2077
1767733087.07	1966	3909
1767733087.14	1967	2153
1767733087.20	1968	2486
1767733087.27	1969	3571
1767733087.34	1970	3659
1767733087.40	1971	1568
1767733087.47	1972	2184
1767733087.54	1973	9
1767733091.10	1974	9
1767733099.15	1975	9
1767733100.23	1976	2210
1767733100.30	1977	3312
1767733100.43	1979	3120
1767733100.57	1981	3506
1767733100.64	1982	3087
1767733100.84	1985	3884
1767733100.90	1986	2130
1767733100.97	1987	2315
1767733101.11	1989	3333
1767733101.17	1990	4093
1767733101.24	1991	2744
1767733101.31	1992	2130
1767733101.37	1993	3330
1767733101.44	1994	2642
1767733101.51	1995	1213
1767733101.57	1996	3915
1767733101.64	1997	3160
1767733101.71	1998	1286
1767733101.78	1999	1867
1767733101.91	2001	1862
1767733102.04	2003	4039
1767733102.11	2004	2694
1767733102.18	2005	3660
1767733102.25	2006	1602
1767733102.31	2007	9
1767733107.93	2008	3709
1767733107.99	2009	2717
1767733108.06	2010	1682
1767733108.13	2011	3946
1767733108.19	2012	3835
1767733108.40	2015	1988
1767733108.46	2016	1660
1767733108.53	2017	2361
1767733108.60	2018	4204
1767733108.66	2019	2687
1767733108.73	2020	4060
1767733108.80	2021	3469
1767733108.86	2022	1703
1767733108.93	2023	3826
1767733109.00	2024	3184
1767733109.07	2025	9
1767733116.26	2026	9
1767733120.99	2027	3541
1767733121.05	2028	4305
1767733121.12	2029	3410
1767733121.19	2030	1660
1767733121.26	2031	1214
1767733121.32	2032	2856
1767733121.39	2033	3343
1767733121.46	2034	1597
1767733121.52	2035	3310
1767733121.59	2036	1187
1767733121.66	2037	2561
1767733121.73	2038	2475
1767733121.86	2040	1338
1767733121.93	2041	4343
1767733122.00	2042	1190
1767733122.13	2044	1411
1767733122.20	2045	3924
1767733122.33	2047	1719
1767733122.40	2048	1654
1767733122.46	2049	3470
1767733122.53	2050	1207
1767733122.60	2051	3167
1767733122.67	2052	4157
1767733122.73	2053	3308
1767733122.80	2054	3408
1767733122.87	2055	9
1767733124.51	2056	2714
1767733124.57	2057	1271
1767733124.64	2058	4154
1767733124.71	2059	4219
1767733124.78	2060	2709
1767733124.84	2061	4107
1767733124.98	2063	2157
1767733125.04	2064	3548
1767733125.11	2065	3990
1767733125.18	2066	4291
1767733125.24	2067	2268
1767733125.31	2068	3546
1767733125.38	2069	4396
1767733125.45	2070	3079
1767733125.51	2071	3813
1767733125.58	2072	1306
1767733125.65	2073	1480
1767733125.71	2074	2217
1767733125.85	2076	3278
1767733125.92	2077	2206
1767733125.98	2078	3792
1767733126.05	2079	1496
1767733126.12	2080	3783
1767733126.18	2081	4298
1767733126.25	2082	1426
1767733126.32	2083	2382
1767733126.38	2084	2554
1767733126.52	2086	3561
1767733126.59	2087	4315
1767733126.65	2088	1993
1767733126.72	2089	3133
1767733126.79	2090	2181
1767733126.85	2091	9
1767733131.44	2092	9
1767733141.42	2093	9
1767733147.78	2094	2835
1767733147.85	2095	2585
1767733147.92	2096	1872
1767733147.99	2097	1349
1767733148.05	2098	3027
1767733148.12	2099	2379
1767733148.19	2100	3454
1767733148.32	2102	1682
1767733148.39	2103	1764
1767733148.46	2104	3682
1767733148.52	2105	3810
1767733148.59	2106	1438
1767733148.72	2108	3350
1767733148.79	2109	1752
1767733148.86	2110	2453
1767733148.92	2111	2511
1767733148.99	2112	1891
1767733149.06	2113	2285
1767733149.13	2114	3312
1767733149.19	2115	2203
1767733149.26	2116	1921
1767733149.33	2117	2748
1767733149.39	2118	2512
1767733149.46	2119	3093
1767733149.53	2120	1706
1767733149.59	2121	1467
1767733149.66	2122	1539
1767733149.73	2123	3236
1767733149.80	2124	3269
1767733149.86	2125	1272
1767733149.93	2126	2823
1767733150.06	2128	3835
1767733150.20	2130	3471
1767733150.27	2131	1653
1767733150.33	2132	4032
1767733150.40	2133	2602
1767733150.47	2134	2734
1767733150.60	2136	9
1767733157.98	2137	9
1767733165.31	2138	2341
1767733165.38	2139	4380
1767733165.45	2140	3833
1767733165.51	2141	3715
1767733165.58	2142	3510
1767733165.65	2143	4038
1767733165.72	2144	3149
1767733165.78	2145	3430
1767733165.85	2146	1261
1767733165.98	2148	3190
1767733166.05	2149	3577
1767733166.12	2150	2143
1767733166.19	2151	3617
1767733166.25	2152	3922
1767733166.32	2153	3608
1767733166.39	2154	1995
1767733166.45	2155	3346
1767733166.52	2156	3480
1767733166.59	2157	4373
1767733166.66	2158	4392
1767733166.72	2159	1650
1767733166.79	2160	2495
1767733166.86	2161	2755
1767733166.92	2162	1171
1767733166.99	2163	1633
1767733167.06	2164	2053
1767733167.12	2165	1304
1767733167.19	2166	2061
1767733167.26	2167	9
1767733174.43	2168	9
1767733181.24	2169	9
1767733184.45	2170	4002
1767733184.52	2171	3136
1767733184.59	2172	2176
1767733184.65	2173	2279
1767733184.72	2174	2798
1767733184.79	2175	1935
1767733184.85	2176	3723
1767733184.92	2177	3206
1767733185.12	2180	3570
1767733185.19	2181	1272
1767733185.26	2182	1452
1767733185.32	2183	4044
1767733185.39	2184	3998
1767733185.46	2185	1648
1767733185.52	2186	4165
1767733185.59	2187	1845
1767733185.66	2188	2916
1767733185.73	2189	1907
1767733185.79	2190	4009
1767733185.93	2192	2382
1767733186.00	2193	9
1767733187.08	2194	2806
1767733187.14	2195	2650
1767733187.21	2196	1270
1767733187.28	2197	3402
1767733187.35	2198	2873
1767733187.41	2199	2804
1767733187.48	2200	1598
1767733187.55	2201	1851
1767733187.61	2202	4239
1767733187.68	2203	3492
1767733187.75	2204	3887
1767733187.82	2205	4115
1767733187.88	2206	1922
1767733187.95	2207	2632
1767733188.02	2208	1457
1767733188.08	2209	3886
1767733188.28	2212	3628
1767733188.35	2213	3165
1767733188.42	2214	1444
1767733188.49	2215	4301
1767733188.55	2216	4252
1767733188.62	2217	2558
1767733188.69	2218	1262
1767733188.82	2220	4083
1767733188.89	2221	3216
1767733188.96	2222	4198
1767733189.02	2223	1573
1767733189.09	2224	1492
1767733189.16	2225	1593
1767733189.22	2226	2887
1767733189.29	2227	2414
1767733189.36	2228	2771
1767733189.43	2229	2340
1767733189.49	2230	1763
1767733189.56	2231	3979
1767733189.63	2232	9
1767733191.92	2233	9
1767733196.58	2234	1245
1767733196.65	2235	2427
1767733196.71	2236	4201
1767733196.78	2237	1219
1767733196.85	2238	3402
1767733196.91	2239	3506
1767733196.98	2240	3618
1767733197.05	2241	2326
1767733197.18	2243	2903
1767733197.25	2244	2353
1767733197.32	2245	2878
1767733197.38	2246	1969
1767733197.52	2248	3786
1767733197.59	2249	4307
1767733197.65	2250	2200
1767733197.72	2251	3926
1767733197.79	2252	2829
1767733197.92	2254	3409
1767733197.99	2255	9
1767733199.63	2257	2931
1767733199.69	2258	3432
1767733199.76	2259	3712
1767733199.83	2260	1643
1767733199.89	2261	3163
1767733199.96	2262	1626
1767733200.03	2263	1262
1767733200.10	2264	1641
1767733200.16	2265	1964
1767733200.23	2266	2137
1767733200.30	2267	2817
1767733200.36	2268	3538
1767733200.43	2269	1502
1767733200.50	2270	3079
1767733200.57	2271	2600
1767733200.63	2272	1541
1767733200.70	2273	4201
1767733200.77	2274	2588
1767733200.83	2275	2894
1767733200.90	2276	2436
1767733200.97	2277	3117
1767733201.04	2278	3190
1767733201.10	2279	4286
1767733201.17	2280	2147
1767733201.24	2281	2564
1767733201.30	2282	1794
1767733201.37	2283	3691
1767733201.44	2284	9
1767733203.12	2286	3756
1767733203.19	2287	2514
1767733203.25	2288	1241
1767733203.32	2289	1315
1767733203.39	2290	1586
1767733203.46	2291	2795
1767733203.52	2292	1929
1767733203.59	2293	3961
1767733203.72	2295	4308
1767733203.79	2296	1323
1767733203.86	2297	2747
1767733203.93	2298	4365
1767733204.06	2300	3394
1767733204.13	2301	2751
1767733204.19	2302	2133
1767733204.26	2303	1936
1767733204.33	2304	2492
1767733204.39	2305	3216
1767733204.46	2306	2404
1767733204.53	2307	4386
1767733204.60	2308	2819
1767733204.66	2309	3710
1767733204.86	2312	9
1767733207.61	2313	2926
1767733207.68	2314	2179
1767733207.74	2315	3370
1767733207.81	2316	3856
1767733207.88	2317	2747
1767733207.95	2318	1896
1767733208.01	2319	1553
1767733208.08	2320	2608
1767733208.15	2321	3198
1767733208.21	2322	1238
1767733208.28	2323	3192
1767733208.35	2324	2464
1767733208.48	2326	2264
1767733208.55	2327	3945
1767733208.68	2329	1888
1767733208.75	2330	2217
1767733208.82	2331	4055
1767733208.89	2332	3887
1767733208.95	2333	3748
1767733209.02	2334	1285
1767733209.09	2335	1405
1767733209.15	2336	3179
1767733209.22	2337	3516
1767733209.29	2338	1398
1767733209.36	2339	2928
1767733209.49	2341	4317
1767733209.56	2342	3699
1767733209.62	2343	4055
1767733209.69	2344	9
1767733215.99	2345	3330
1767733216.06	2346	3878
1767733216.13	2347	2224
1767733216.20	2348	1438
1767733216.26	2349	2041
1767733216.33	2350	3281
1767733216.40	2351	2934
1767733216.46	2352	1917
1767733216.53	2353	2545
1767733216.60	2354	1798
1767733216.67	2355	4040
1767733216.73	2356	2010
1767733216.80	2357	1586
1767733216.87	2358	1969
1767733216.93	2359	3274
1767733217.00	2360	2362
1767733217.13	2362	2538
1767733217.20	2363	1276
1767733217.27	2364	2802
1767733217.34	2365	1469
1767733217.40	2366	2372
1767733217.47	2367	2322
1767733217.54	2368	3823
1767733217.60	2369	3494
1767733217.67	2370	3133
1767733217.74	2371	9
1767733220.96	2372	9
1767733228.18	2373	9
1767733238.07	2375	2194
1767733238.14	2376	1377
1767733238.20	2377	1750
1767733238.27	2378	4347
1767733238.34	2379	2923
1767733238.41	2380	1937
1767733238.47	2381	3861
1767733238.54	2382	3027
1767733238.61	2383	4056
1767733238.67	2384	2700
1767733238.74	2385	4180
1767733238.81	2386	3344
1767733238.87	2387	1668
1767733238.94	2388	4078
1767733239.01	2389	4299
1767733239.08	2390	3604
1767733239.14	2391	1844
1767733239.21	2392	2735
1767733239.28	2393	4193
1767733239.35	2394	1849
1767733239.41	2395	3526
1767733239.48	2396	2792
1767733239.55	2397	2416
1767733239.61	2398	3252
1767733239.68	2399	3034
1767733239.75	2400	9
1767733242.89	2401	2218
1767733242.96	2402	2850
1767733243.03	2403	1645
1767733243.09	2404	4289
1767733243.16	2405	1272
1767733243.23	2406	2516
1767733243.29	2407	3186
1767733243.43	2409	2705
1767733243.50	2410	3011
1767733243.56	2411	3233
1767733243.70	2413	1890
1767733243.76	2414	3073
1767733243.83	2415	3033
1767733243.90	2416	3735
1767733243.96	2417	1932
1767733244.03	2418	3638
1767733244.10	2419	1528
1767733244.17	2420	3975
1767733244.23	2421	1817
1767733244.30	2422	1803
1767733244.37	2423	2519
1767733244.43	2424	9
1767733246.09	2425	2482
1767733246.16	2426	2762
1767733246.23	2427	1241
1767733246.36	2429	2454
1767733246.43	2430	1546
1767733246.50	2431	4106
1767733246.56	2432	1618
1767733246.63	2433	3776
1767733246.70	2434	2191
1767733246.83	2436	3810
1767733246.90	2437	4106
1767733246.97	2438	3693
1767733247.03	2439	2636
1767733247.17	2441	1761
1767733247.23	2442	2289
1767733247.30	2443	3921
1767733247.37	2444	9
1767733255.72	2445	9
1767733264.58	2446	4171
1767733264.65	2447	3624
1767733264.78	2449	2496
1767733264.85	2450	4259
1767733264.98	2452	3199
1767733265.18	2455	2194
1767733265.25	2456	1357
1767733265.32	2457	2045
1767733265.39	2458	1638
1767733265.45	2459	4096
1767733265.52	2460	2127
1767733265.59	2461	4198
1767733265.65	2462	2912
1767733265.72	2463	3660
1767733265.79	2464	3788
1767733265.86	2465	4316
1767733265.92	2466	1813
1767733266.06	2468	3651
1767733266.12	2469	1457
1767733266.19	2470	9
1767733268.46	2471	9
1767733269.86	2472	9
1767733277.30	2473	1989
1767733277.36	2474	1975
1767733277.43	2475	3802
1767733277.50	2476	3841
1767733277.56	2477	4203
1767733277.63	2478	2495
1767733277.77	2480	2270
1767733277.83	2481	2105
1767733277.90	2482	3884
1767733277.97	2483	1279
1767733278.03	2484	1469
1767733278.17	2486	2887
1767733278.23	2487	3294
1767733278.30	2488	1297
1767733278.37	2489	2466
1767733278.50	2491	2505
1767733278.57	2492	3405
1767733278.70	2494	2950
1767733278.77	2495	9
1767733283.55	2496	1965
1767733283.62	2497	1346
1767733283.68	2498	2589
1767733283.75	2499	1764
1767733283.82	2500	2968
1767733283.88	2501	3263
1767733284.02	2503	3451
1767733284.09	2504	4296
1767733284.15	2505	3960
1767733284.29	2507	1911
1767733284.35	2508	3962
1767733284.42	2509	4029
1767733284.49	2510	3398
1767733284.56	2511	3804
1767733284.62	2512	1290
1767733284.69	2513	2720
1767733284.76	2514	4368
1767733284.82	2515	3037
1767733284.89	2516	2952
1767733284.96	2517	4299
1767733285.09	2519	1825
1767733285.16	2520	1748
1767733285.23	2521	4262
1767733285.29	2522	4350
1767733285.36	2523	1836
1767733285.43	2524	2962
1767733285.50	2525	3973
1767733285.56	2526	3616
1767733285.63	2527	2445
1767733285.70	2528	2218
1767733285.76	2529	2622
1767733285.83	2530	9
1767733290.35	2531	9
1767733296.31	2532	1502
1767733296.37	2533	2929
1767733296.44	2534	3413
1767733296.51	2535	2021
1767733296.58	2536	2287
1767733296.64	2537	1435
1767733296.78	2539	2034
1767733296.84	2540	4136
1767733296.91	2541	2736
1767733296.98	2542	3493
1767733297.05	2543	3803
1767733297.11	2544	2120
1767733297.18	2545	3053
1767733297.25	2546	1306
1767733297.31	2547	3685
1767733297.38	2548	3707
1767733297.45	2549	1667
1767733297.51	2550	1750
1767733297.58	2551	1999
1767733297.65	2552	1580
1767733297.78	2554	1307
1767733297.85	2555	3981
1767733297.92	2556	1896
1767733297.98	2557	3632
1767733298.05	2558	1544
1767733298.12	2559	2122
1767733298.19	2560	3301
1767733298.25	2561	2704
1767733298.32	2562	3827
1767733298.39	2563	3666
1767733298.45	2564	2105
1767733298.52	2565	4327
1767733298.59	2566	2011
1767733298.65	2567	9
1767733306.98	2568	2802
1767733307.04	2569	1872
1767733307.18	2571	1632
1767733307.31	2573	3672
1767733307.38	2574	3681
1767733307.45	2575	3730
1767733307.51	2576	3491
1767733307.58	2577	3857
1767733307.65	2578	1697
1767733307.71	2579	4276
1767733307.78	2580	3449
1767733307.85	2581	2462
1767733307.98	2583	3848
1767733308.18	2586	2462
1767733308.25	2587	3068
1767733308.32	2588	2268
1767733308.45	2590	3666
1767733308.52	2591	3607
1767733308.59	2592	3295
1767733308.65	2593	3025
1767733308.72	2594	3088
1767733308.79	2595	2390
1767733308.85	2596	3370
1767733308.92	2597	9
1767733314.83	2598	2660
1767733314.90	2599	2961
1767733314.96	2600	2706
1767733315.03	2601	4176
1767733315.10	2602	3297
1767733315.23	2604	1462
1767733315.30	2605	1876
1767733315.37	2606	1585
1767733315.43	2607	3948
1767733315.50	2608	3205
1767733315.57	2609	4274
1767733315.70	2611	1839
1767733315.77	2612	4123
1767733315.84	2613	3882
1767733315.90	2614	2968
1767733316.04	2616	2282
1767733316.10	2617	3046
1767733316.17	2618	3462
1767733316.24	2619	9
1767733322.01	2620	9
