1763155626.33	2	[60.182759, 24.796080]
1763155630.68	3	[60.182734, 24.796031]
1763155634.95	4	[60.182715, 24.795930]
1767732556.37	47	[60.182701, 24.795806]
1767732577.54	48	[60.182720, 24.795835]
1767732586.81	49	[60.182746, 24.795870]
1767732594.60	50	[60.182767, 24.795902]
1767732609.61	51	[60.182779, 24.795879]
1767732615.95	52	[60.182787, 24.795866]
1767732632.50	53	[60.182790, 24.795860]
1767732641.12	54	[60.182790, 24.795858]
1767732653.71	55	[60.182778, 24.795761]
1767732661.09	56	[60.182770, 24.795677]
1767732669.44	57	[60.182764, 24.795597]
1767732674.39	58	[60.182736, 24.795516]
1767732686.03	59	[60.182707, 24.795452]
1767732702.32	60	[60.182669, 24.795171]
1767732707.57	61	[60.182639, 24.794941]
1767732715.04	62	[60.182605, 24.794792]
1767732719.21	63	[60.182582, 24.794659]
1767732731.52	64	[60.182569, 24.794559]
1767732750.08	65	[60.182556, 24.794476]
1767732765.73	66	[60.182441, 24.794300]
1767732790.45	67	[60.182204, 24.794121]
1767732817.15	68	[60.182071, 24.794065]
1767732837.50	69	[60.181805, 24.794020]
1767732848.44	70	[60.181767, 24.794056]
1767732894.47	71	[60.181549, 24.794385]
1767732912.46	72	[60.181323, 24.794525]
1767732923.74	73	[60.180997, 24.794622]
1767732935.98	74	[60.180535, 24.795446]
1767732949.40	75	[60.180239, 24.796008]
1767732963.06	76	[60.180169, 24.796143]
1767732974.67	77	[60.179737, 24.796005]
1767732989.06	78	[60.179519, 24.796221]
1767732997.80	79	[60.179467, 24.796300]
1767733025.30	80	[60.179412, 24.796450]
1767733036.92	81	[60.179291, 24.796351]
1767733058.88	82	[60.179051, 24.796658]
1767733068.50	83	[60.178977, 24.796813]
1767733080.34	84	[60.178946, 24.796881]
1767733099.23	85	[60.178919, 24.797015]
1767733118.99	86	[60.178722, 24.797363]
1767733141.60	87	[60.178710, 24.797445]
1767733169.44	88	[60.178586, 24.797774]
1767733179.84	89	[60.178567, 24.797865]
1767733195.12	90	[60.178562, 24.797986]
1767733213.12	91	[60.178533, 24.798120]
1767733246.80	92	[60.178533, 24.798246]
1767733273.24	93	[60.178484, 24.798472]
1767733289.29	94	[60.178464, 24.798565]
1767733315.54	95	[60.178372, 24.798876]
