1775223197.60	0	[60.000000, 24.000000]
1775223197.80	0	[60.000000, 24.000000]
1775223197.80	0	[60.000000, 24.000000]
1775223197.89	0	[60.000000, 24.000000]
1775223197.89	0	[60.000000, 24.000000]
1775223197.90	0	[60.000000, 24.000000]
1775223197.91	0	[60.000000, 24.000000]
1775223197.93	0	[60.000000, 24.000000]
1775223197.95	0	[60.000000, 24.000000]
1775223197.96	0	[60.000000, 24.000000]
1775223198.00	0	[60.000000, 24.000000]
1775223198.01	0	[60.000000, 24.000000]
1775223198.07	0	[60.000000, 24.000000]
1775223198.08	0	[60.000000, 24.000000]
1775223198.20	0	[60.000000, 24.000000]
1775223198.26	0	[60.000000, 24.000000]
1775223198.29	0	[60.000000, 24.000000]
1775223198.37	0	[60.000000, 24.000000]
1775223198.39	0	[60.000000, 24.000000]
1775223198.43	0	[60.000000, 24.000000]
1775223198.46	0	[60.000000, 24.000000]
1775223198.50	0	[60.000000, 24.000000]
1775223198.51	0	[60.000000, 24.000000]
1775223198.56	0	[60.000000, 24.000000]
1775223198.58	0	[60.000000, 24.000000]
1775223198.63	0	[60.000000, 24.000000]
1775223198.67	0	[60.000000, 24.000000]
1775223198.77	0	[60.000000, 24.000000]
1775223198.87	0	[60.000000, 24.000000]
1775223198.89	0	[60.000000, 24.000000]
1775223198.94	0	[60.000000, 24.000000]
1775223198.96	0	[60.000000, 24.000000]
1775223199.03	0	[60.000000, 24.000000]
1775223199.05	0	[60.000000, 24.000000]
1775223199.10	0	[60.000000, 24.000000]
1775223199.12	0	[60.000000, 24.000000]
1775223199.13	0	[60.000000, 24.000000]
1775223199.16	0	[60.000000, 24.000000]
1775223199.17	0	[60.000000, 24.000000]
1775223199.20	0	[60.000000, 24.000000]
1775223199.22	0	[60.000000, 24.000000]
1775223199.26	0	[60.000000, 24.000000]
1775223199.27	0	[60.000000, 24.000000]
1775223199.29	0	[60.000000, 24.000000]
1775223199.35	0	[60.000000, 24.000000]
1775223199.37	0	[60.000000, 24.000000]
1775223199.40	0	[60.000000, 24.000000]
1775223199.42	0	[60.000000, 24.000000]
1775223199.43	0	[60.000000, 24.000000]
1775223199.48	0	[60.000000, 24.000000]
1775223199.49	0	[60.000000, 24.000000]
1775223199.50	0	[60.000000, 24.000000]
1775223199.55	0	[60.000000, 24.000000]
1775223199.56	0	[60.000000, 24.000000]
1775223199.57	0	[60.000000, 24.000000]
1775223199.62	0	[60.000000, 24.000000]
1775223199.63	0	[60.000000, 24.000000]
1775223199.64	0	[60.000000, 24.000000]
1775223199.65	0	[60.000000, 24.000000]
1775223199.78	0	[60.000000, 24.000000]
1775223199.82	0	[60.000000, 24.000000]
1775223199.84	0	[60.000000, 24.000000]
1775223199.87	0	[60.000000, 24.000000]
1775223199.88	0	[60.000000, 24.000000]
1775223199.90	0	[60.000000, 24.000000]
1775223200.00	0	[60.000000, 24.000000]
1775223200.01	0	[60.000000, 24.000000]
1775223200.02	0	[60.000000, 24.000000]
1775223200.04	0	[60.000000, 24.000000]
1775223200.05	0	[60.000000, 24.000000]
1775223200.06	0	[60.000000, 24.000000]
1775223200.08	0	[60.000000, 24.000000]
1775223200.10	0	[60.000000, 24.000000]
1775223200.12	0	[60.000000, 24.000000]
1775223200.13	0	[60.000000, 24.000000]
1775223200.14	0	[60.000000, 24.000000]
1775223200.16	0	[60.000000, 24.000000]
1775223200.17	0	[60.000000, 24.000000]
1775223202.32	1	[60.000000, 24.000000]
1775223207.33	2	[60.000000, 24.000000]
1775223213.39	3	[60.000000, 24.000000]
1775223221.47	4	[60.000000, 24.000000]
1775223228.57	5	[60.000000, 24.000000]
1775223241.51	6	[60.000000, 24.000000]
1775223249.10	7	[60.000000, 24.000000]
1775223252.87	8	[60.000000, 24.000000]
1775223260.28	9	[60.000000, 24.000000]
1775223269.15	10	[60.000000, 24.000000]
1775223273.52	11	[60.000000, 24.000000]
1775223279.11	12	[60.000000, 24.000000]
1775223288.32	13	[60.000000, 24.000000]
1775223296.80	14	[60.000000, 24.000000]
1775223305.70	15	[60.000000, 24.000000]
1775223318.02	16	[60.000000, 24.000000]
1775223330.23	17	[60.000000, 24.000000]
1775223348.66	18	[60.000000, 24.000000]
1775223365.98	19	[60.000000, 24.000000]
1775223379.37	20	[60.000000, 24.000000]
1775223389.71	21	[60.000000, 24.000000]
1775223394.86	22	[60.000000, 24.000000]
1775223401.13	23	[60.000000, 24.000000]
1775223412.69	24	[60.000000, 24.000000]
1775223418.43	25	[60.000000, 24.000000]
1775223435.36	26	[60.000000, 24.000000]
1775223452.64	27	[60.00