1775223197.59	0	[60.000000, 24.000000]
1775223197.80	0	[60.000000, 24.000000]
1775223197.80	0	[60.000000, 24.000000]
1775223197.89	0	[60.000000, 24.000000]
1775223197.89	0	[60.000000, 24.000000]
1775223197.90	0	[60.000000, 24.000000]
1775223197.91	0	[60.000000, 24.000000]
1775223197.94	0	[60.000000, 24.000000]
1775223197.95	0	[60.000000, 24.000000]
1775223197.96	0	[60.000000, 24.000000]
1775223198.00	0	[60.000000, 24.000000]
1775223198.01	0	[60.000000, 24.000000]
1775223198.07	0	[60.000000, 24.000000]
1775223198.08	0	[60.000000, 24.000000]
1775223198.19	0	[60.000000, 24.000000]
1775223198.26	0	[60.000000, 24.000000]
1775223198.29	0	[60.000000, 24.000000]
1775223198.37	0	[60.000000, 24.000000]
1775223198.41	0	[60.000000, 24.000000]
1775223198.44	0	[60.000000, 24.000000]
1775223198.46	0	[60.000000, 24.000000]
1775223198.50	0	[60.000000, 24.000000]
1775223198.51	0	[60.000000, 24.000000]
1775223198.56	0	[60.000000, 24.000000]
1775223198.57	0	[60.000000, 24.000000]
1775223198.63	0	[60.000000, 24.000000]
1775223198.65	0	[60.000000, 24.000000]
1775223198.68	0	[60.000000, 24.000000]
1775223198.77	0	[60.000000, 24.000000]
1775223198.79	0	[60.000000, 24.000000]
1775223198.87	0	[60.000000, 24.000000]
1775223198.88	0	[60.000000, 24.000000]
1775223198.94	0	[60.000000, 24.000000]
1775223198.96	0	[60.000000, 24.000000]
1775223199.03	0	[60.000000, 24.000000]
1775223199.05	0	[60.000000, 24.000000]
1775223199.10	0	[60.000000, 24.000000]
1775223199.12	0	[60.000000, 24.000000]
1775223199.13	0	[60.000000, 24.000000]
1775223199.16	0	[60.000000, 24.000000]
1775223199.17	0	[60.000000, 24.000000]
1775223199.20	0	[60.000000, 24.000000]
1775223199.22	0	[60.000000, 24.000000]
1775223199.26	0	[60.000000, 24.000000]
1775223199.27	0	[60.000000, 24.000000]
1775223199.29	0	[60.000000, 24.000000]
1775223199.35	0	[60.000000, 24.000000]
1775223199.37	0	[60.000000, 24.000000]
1775223199.40	0	[60.000000, 24.000000]
1775223199.42	0	[60.000000, 24.000000]
1775223199.43	0	[60.000000, 24.000000]
1775223199.49	0	[60.000000, 24.000000]
1775223199.50	0	[60.000000, 24.000000]
1775223199.55	0	[60.000000, 24.000000]
1775223199.56	0	[60.000000, 24.000000]
1775223199.57	0	[60.000000, 24.000000]
1775223199.62	0	[60.000000, 24.000000]
1775223199.63	0	[60.000000, 24.000000]
1775223199.64	0	[60.000000, 24.000000]
1775223199.65	0	[60.000000, 24.000000]
1775223199.73	0	[60.000000, 24.000000]
1775223199.78	0	[60.000000, 24.000000]
1775223199.81	0	[60.000000, 24.000000]
1775223199.84	0	[60.000000, 24.000000]
1775223199.87	0	[60.000000, 24.000000]
1775223199.89	0	[60.000000, 24.000000]
1775223199.90	0	[60.000000, 24.000000]
1775223200.00	0	[60.000000, 24.000000]
1775223200.01	0	[60.000000, 24.000000]
1775223200.02	0	[60.000000, 24.000000]
1775223200.04	0	[60.000000, 24.000000]
1775223200.05	0	[60.000000, 24.000000]
1775223200.07	0	[60.000000, 24.000000]
1775223200.07	0	[60.000000, 24.000000]
1775223200.10	0	[60.000000, 24.000000]
1775223200.12	0	[60.000000, 24.000000]
1775223200.13	0	[60.000000, 24.000000]
1775223200.15	0	[60.000000, 24.000000]
1775223200.16	0	[60.000000, 24.000000]
1775223200.18	0	[60.000000, 24.000000]
1775223200.19	0	[60.000000, 24.000000]
1775223200.20	0	[60.000000, 24.000000]
1775223200.28	0	[60.000000, 24.000000]
1775223200.30	0	[60.000000, 24.000000]
1775223200.31	0	[60.000000, 24.000000]
1775223200.34	0	[60.000000, 24.000000]
1775223200.41	0	[60.000000, 24.000000]
1775223200.43	0	[60.000000, 24.000000]
1775223200.47	0	[60.000000, 24.000000]
1775223200.54	0	[60.000000, 24.000000]
1775223200.55	0	[60.000000, 24.000000]
1775223200.56	0	[60.000000, 24.000000]
1775223200.57	0	[60.000000, 24.000000]
1775223200.59	0	[60.000000, 24.000000]
1775223200.61	0	[60.000000, 24.000000]
1775223200.61	0	[60.000000, 24.000000]
1775223200.67	0	[60.000000, 24.000000]
1775223200.70	0	[60.000000, 24.000000]
1775223200.71	0	[60.000000, 24.000000]
1775223200.74	0	[60.000000, 24.000000]
1775223200.75	0	[60.000000, 24.000000]
1775223200.76	0	[60.000000, 24.000000]
1775223200.77	0	[60.000000, 24.000000]
1775223200.78	0	[60.000000, 24.000000]
1775223200.79	0	[60.000000, 24.000000]
11775223902.26	0	[60.000000, 24.000000]
1775223902.47	0	[60.000000, 24.000000]
1775223902.47	0	[60.000000, 24.000000]
1775223902.47	0	[60.000000, 24.000000]
1775223902.48	0	[60.000000, 24.000000]
1775223902.48	0	[60.000000, 24.000000]
1775223902.48	0	[60.000000, 24.000000]
1775223902.49	0	[60.000000, 24.000000]
1775223902.49	0	[60.000000, 24.000000]
1775223902.49	0	[60.000000, 24.000000]
1775223902.50	0	[60.000000, 24.000000]
1775223902.50	0	[60.000000, 24.000000]
1775223902.55	0	[60.000000, 24.000000]
1775223902.55	0	[60.000000, 24.000000]
1775223902.55	0	[60.000000, 24.000000]
1775223902.56	0	[60.000000, 24.000000]
1775223902.56	0	[60.000000, 24.000000]
1775223902.56	0	[60.000000, 24.000000]
1775223902.57	0	[60.000000, 24.000000]
1775223902.57	0	[60.000000, 24.000000]
1775223902.57	0	[60.000000, 24.000000]
1775223902.57	0	[60.000000, 24.000000]
1775223902.60	0	[60.000000, 24.000000]
1775223902.61	0	[60.000000, 24.000000]
1775223902.61	0	[60.000000, 24.000000]
1775223902.61	0	[60.000000, 24.000000]
1775223902.62	0	[60.000000, 24.000000]
1775223902.62	0	[60.000000, 24.000000]
1775223902.63	0	[60.000000, 24.000000]
1775223902.63	0	[60.000000, 24.000000]
1775223902.64	0	[60.000000, 24.000000]
1775223902.71	0	[60.000000, 24.000000]
1775223902.71	0	[60.000000, 24.000000]
1775223902.72	0	[60.000000, 24.000000]
1775223902.73	0	[60.000000, 24.000000]
1775223902.76	0	[60.000000, 24.000000]
1775223902.77	0	[60.000000, 24.000000]
1775223902.78	0	[60.000000, 24.000000]
1775223902.78	0	[60.000000, 24.000000]
1775223902.80	0	[60.000000, 24.000000]
1775223902.81	0	[60.000000, 24.000000]
1775223902.81	0	[60.000000, 24.000000]
1775223902.87	0	[60.000000, 24.000000]
1775223902.88	0	[60.000000, 24.000000]
1775223902.89	0	[60.000000, 24.000000]
1775223902.89	0	[60.000000, 24.000000]
1775223902.93	0	[60.000000, 24.000000]
1775223902.94	0	[60.000000, 24.000000]
1775223902.96	0	[60.000000, 24.000000]
1775223902.97	0	[60.000000, 24.000000]
1775223903.03	0	[60.000000, 24.000000]
1775223903.04	0	[60.000000, 24.000000]
1775223903.06	0	[60.000000, 24.000000]
1775223903.08	0	[60.000000, 24.000000]
1775223903.09	0	[60.000000, 24.000000]
1775223903.10	0	[60.000000, 24.000000]
1775223903.16	0	[60.000000, 24.000000]
1775223903.18	0	[60.000000, 24.000000]
1775223903.22	0	[60.000000, 24.000000]
1775223903.23	0	[60.000000, 24.000000]
1775223903.28	0	[60.000000, 24.000000]
1775223903.30	0	[60.000000, 24.000000]
1775223903.37	0	[60.000000, 24.000000]
1775223903.44	0	[60.000000, 24.000000]
1775223903.66	0	[60.000000, 24.000000]
1775223903.71	0	[60.000000, 24.000000]
1775223903.74	0	[60.000000, 24.000000]
1775223903.79	0	[60.000000, 24.000000]
1775223903.84	0	[60.000000, 24.000000]
1775223903.88	0	[60.000000, 24.000000]
1775223903.91	0	[60.000000, 24.000000]
1775223903.99	0	[60.000000, 24.000000]
1775223904.04	0	[60.000000, 24.000000]
1775223904.07	0	[60.000000, 24.000000]
1775223904.12	0	[60.000000, 24.000000]
1775223904.14	0	[60.000000, 24.000000]
1775223904.19	0	[60.000000, 24.000000]
1775223904.21	0	[60.000000, 24.000000]
1775223904.27	0	[60.000000, 24.000000]
1775223904.31	0	[60.000000, 24.000000]
1775223904.36	0	[60.000000, 24.000000]
1775223904.41	0	[60.000000, 24.000000]
1775223904.55	0	[60.000000, 24.000000]
1775223904.63	0	[60.000000, 24.000000]
1775223904.65	0	[60.000000, 24.000000]
1775223904.70	0	[60.000000, 24.000000]
1775223904.72	0	[60.000000, 24.000000]
1775223904.77	0	[60.000000, 24.000000]
1775223904.82	0	[60.000000, 24.000000]
1775223904.88	0	[60.000000, 24.000000]
1775223904.91	0	[60.000000, 24.000000]
1775223904.95	0	[60.000000, 24.000000]
1775223904.99	0	[60.000000, 24.000000]
1775223905.04	0	[60.000000, 24.000000]
1775223905.08	0	[60.000000, 24.000000]
1775223905.15	0	[60.000000, 24.000000]
1775223905.17	0	[60.000000, 24.000000]
1775223905.22	0	[60.000000, 24.000000]
1775223905.24	0	[60.000000, 24.000000]
1775223905.30	0	[60.000000, 24.000000]
1775223905.33	0	[60.000000, 24.000000]
1775223905.40	0	[60.000000, 24.000000]
1775223905.48	0	[60.000000, 24.000000]
1775223905.56	0	[60.000000, 24.000000]
1775223905.58	0	[60.000000, 24.000000]
1