1775153076.25	0	[60.000000, 24.000000]
1775153076.26	0	[60.000000, 24.000000]
1775153076.26	0	[60.000000, 24.000000]
1775153076.34	0	[60.000000, 24.000000]
1775153076.35	0	[60.000000, 24.000000]
1775153076.36	0	[60.000000, 24.000000]
1775153076.41	0	[60.000000, 24.000000]
1775153076.42	0	[60.000000, 24.000000]
1775153076.47	0	[60.000000, 24.000000]
1775153076.48	0	[60.000000, 24.000000]
1775153076.52	0	[60.000000, 24.000000]
1775153076.53	0	[60.000000, 24.000000]
1775153076.53	0	[60.000000, 24.000000]
1775153076.53	0	[60.000000, 24.000000]
1775153076.54	0	[60.000000, 24.000000]
1775153076.54	0	[60.000000, 24.000000]
1775153076.58	0	[60.000000, 24.000000]
1775153076.59	0	[60.000000, 24.000000]
1775153076.59	0	[60.000000, 24.000000]
1775153076.59	0	[60.000000, 24.000000]
1775153076.63	0	[60.000000, 24.000000]
1775153077.15	1	[60.000000, 24.000000]
1775153080.24	2	[60.000000, 24.000000]
1775153082.18	3	[60.000000, 24.000000]
1775153086.55	4	[60.000000, 24.000000]
1775153088.38	5	[60.000000, 24.000000]
1775153094.01	6	[60.000000, 24.000000]
1775153100.14	7	[60.000000, 24.000000]
1775153102.57	8	[60.000000, 24.000000]
1775153105.37	9	[60.000000, 24.000000]
1775153109.26	10	[60.000000, 24.000000]
1775153114.08	11	[60.000000, 24.000000]
1775153114.55	12	[60.000000, 24.000000]
1775153125.05	13	[60.000000, 24.000000]
1775153130.27	14	[60.000000, 24.000000]
1775153136.17	15	[60.000000, 24.000000]
1775153144.69	16	[60.000000, 24.000000]
1775153152.88	17	[60.000000, 24.000000]
1775153153.20	18	[60.000000, 24.000000]
1775153159.80	19	[60.000000, 24.000000]
1775153173.96	20	[60.000000, 24.000000]
1775153184.23	21	[60.000000, 24.000000]
1775153189.31	22	[60.000000, 24.000000]
1775153194.82	23	[60.000000, 24.000000]
1775153196.10	24	[60.000000, 24.000000]
1775153206.41	25	[60.000000, 24.000000]
1775153207.08	26	[60.000000, 24.000000]
1775153212.49	27	[60.000000, 24.000000]
1775153220.29	28	[60.000000, 24.000000]
1775153220.68	29	[60.000000, 24.000000]
1775153227.35	30	[60.000000, 24.000000]
1775153233.62	31	[60.000000, 24.000000]
1775153234.66	32	[60.000000, 24.000000]
1775153244.49	33	[60.000000, 24.000000]
1775153253.86	34	[60.000000, 24.000000]
1775153258.25	35	[60.000000, 24.000000]
1775153266.61	36	[60.000000, 24.000000]
1775153268.47	37	[60.000000, 24.000000]
1775153274.54	38	[60.000000, 24.000000]
1775153280.84	39	[60.000000, 24.000000]
1775153286.93	40	[60.000000, 24.000000]
1775153290.78	41	[60.000000, 24.000000]
1775153294.83	42	[60.000000, 24.000000]
1775153299.74	43	[60.000000, 24.000000]
1775153301.39	44	[60.000000, 24.000000]
1775153306.76	45	[60.000000, 24.000000]
1775153314.97	46	[60.000000, 24.000000]
1775153316.33	47	[60.000000, 24.000000]
1775153322.79	48	[60.000000, 24.000000]
1775153328.24	49	[60.000000, 24.000000]
1775153340.78	50	[60.000000, 24.000000]
1775153353.05	51	[60.000000, 24.000000]
1775153356.67	52	[60.000000, 24.000000]
1775153366.15	53	[60.000000, 24.000000]
1775153373.94	54	[60.000000, 24.000000]
1775153385.84	55	[60.000000, 24.000000]
1775153390.71	56	[60.000000, 24.000000]
1775153395.28	57	[60.000000, 24.000000]
1775153401.37	58	[60.000000, 24.000000]
1775153416.08	59	[60.000000, 24.000000]
1775153431.35	60	[60.000000, 24.000000]
1775153434.42	61	[60.000000, 24.000000]
1775153442.17	62	[60.000000, 24.000000]
1775153457.50	63	[60.000000, 24.000000]
1775153463.96	64	[60.000000, 24.000000]
1775153474.03	65	[60.000000, 24.000000]
1775153474.43	66	[60.000000, 24.000000]
1775153485.88	67	[60.000000, 24.000000]
1775153487.26	68	[60.000000, 24.000000]
1775153502.69	69	[60.000000, 24.000000]
1775153514.70	70	[60.000000, 24.000000]
1775153518.18	71	[60.000000, 24.000000]
1775153518.60	72	[60.000000, 24.000000]
1775153522.29	73	[60.000000, 24.000000]
1775153526.89	74	[60.000000, 24.000000]
1775153536.75	75	[60.000000, 24.000000]
1775153538.27	76	[60.000000, 24.000000]
1775153547.61	77	[60.000000, 24.000000]
1775153555.76	78	[60.000000, 24.000000]
1775153557.57	79	[60.000000, 24.000000]
1775153571.08	80	[60.000000, 24.000000]
1775153575.81	81	[60.000000, 24.000000]
1775153579.12	82	[60.000000, 24.000000]
177515